Archive member included because of file (symbol)

/home/vagrant/esp-open-sdk/sdk/lib/libmain.a(debug-vector.o)
                              (_DebugExceptionVector)
/home/vagrant/esp-open-sdk/sdk/lib/libmain.a(double-vector.o)
                              (_DoubleExceptionVector)
/home/vagrant/esp-open-sdk/sdk/lib/libmain.a(kernel-vector.o)
                              (_KernelExceptionVector)
/home/vagrant/esp-open-sdk/sdk/lib/libmain.a(nmi-vector.o)
                              (_NMIExceptionVector)
/home/vagrant/esp-open-sdk/sdk/lib/libmain.a(user-vector.o)
                              (_UserExceptionVector)
/home/vagrant/esp-open-sdk/sdk/lib/libmain.a(vector.o)
                              (call_user_start)
/home/vagrant/esp-open-sdk/sdk/lib/libmain.a(app_main.o)
                              /home/vagrant/esp-open-sdk/sdk/lib/libmain.a(nmi-vector.o) (NMI_Handler)
/home/vagrant/esp-open-sdk/sdk/lib/libmain.a(ets_timer.o)
                              /home/vagrant/esp-open-sdk/sdk/lib/libmain.a(app_main.o) (ets_timer_setfn)
/home/vagrant/esp-open-sdk/sdk/lib/libmain.a(mem_manager.o)
                              /home/vagrant/esp-open-sdk/sdk/lib/libmain.a(app_main.o) (pvPortMalloc)
/home/vagrant/esp-open-sdk/sdk/lib/libmain.a(spi_flash.o)
                              /home/vagrant/esp-open-sdk/sdk/lib/libmain.a(app_main.o) (spi_flash_read)
/home/vagrant/esp-open-sdk/sdk/lib/libmain.a(user_interface.o)
                              /home/vagrant/esp-open-sdk/sdk/lib/libmain.a(app_main.o) (done_cb)
/home/vagrant/esp-open-sdk/sdk/lib/libmain.a(eagle_lib.o)
                              /home/vagrant/esp-open-sdk/sdk/lib/libmain.a(user_interface.o) (ets_sprintf)
/home/vagrant/esp-open-sdk/sdk/lib/libmain.a(eagle_lwip_if.o)
                              /home/vagrant/esp-open-sdk/sdk/lib/libmain.a(user_interface.o) (hostname)
/home/vagrant/switch-case/Sming/Sming/compiler/lib//libsming.a(user_main.o)
                              /home/vagrant/esp-open-sdk/sdk/lib/libmain.a(app_main.o) (user_init)
/home/vagrant/switch-case/Sming/Sming/compiler/lib//libsming.a(System.o)
                              /home/vagrant/switch-case/Sming/Sming/compiler/lib//libsming.a(user_main.o) (_ZN11SystemClass10initializeEv)
/home/vagrant/switch-case/Sming/Sming/compiler/lib//libsming.a(spiffs.o)
                              /home/vagrant/switch-case/Sming/Sming/compiler/lib//libsming.a(user_main.o) (spiffs_mount)
/home/vagrant/switch-case/Sming/Sming/compiler/lib//libsming.a(spiffs_hydrogen.o)
                              /home/vagrant/switch-case/Sming/Sming/compiler/lib//libsming.a(spiffs.o) (SPIFFS_mount)
/home/vagrant/switch-case/Sming/Sming/compiler/lib//libsming.a(spiffs_nucleus.o)
                              /home/vagrant/switch-case/Sming/Sming/compiler/lib//libsming.a(spiffs_hydrogen.o) (spiffs_obj_lu_find_entry_visitor)
/home/vagrant/switch-case/Sming/Sming/compiler/lib//libsming.a(esp_cplusplus.o)
                              /home/vagrant/switch-case/Sming/Sming/compiler/lib//libsming.a(user_main.o) (cpp_core_initialize)
/home/vagrant/switch-case/Sming/Sming/compiler/lib//libsming.a(m_printf.o)
                              /home/vagrant/switch-case/Sming/Sming/compiler/lib//libsming.a(spiffs.o) (m_printf)
/home/vagrant/switch-case/Sming/Sming/compiler/lib//libsming.a(stringconversion.o)
                              /home/vagrant/switch-case/Sming/Sming/compiler/lib//libsming.a(m_printf.o) (ltoa_w)
/home/vagrant/switch-case/Sming/Sming/compiler/lib//libsming.a(IPAddress.o)
                              /home/vagrant/switch-case/Sming/Sming/compiler/lib//libsming.a(user_main.o) (_ZN9IPAddressC1Ehhhh)
/home/vagrant/switch-case/Sming/Sming/compiler/lib//libsming.a(Print.o)
                              /home/vagrant/switch-case/Sming/Sming/compiler/lib//libsming.a(IPAddress.o) (_ZN5Print5printEc)
/home/vagrant/switch-case/Sming/Sming/compiler/lib//libsming.a(WString.o)
                              /home/vagrant/switch-case/Sming/Sming/compiler/lib//libsming.a(IPAddress.o) (_ZN6StringD1Ev)
/home/vagrant/switch-case/Sming/Sming/compiler/lib//libsming.a(Interrupts.o)
                              /home/vagrant/switch-case/Sming/Sming/compiler/lib//libsming.a(System.o) (_Z12noInterruptsv)
/home/vagrant/switch-case/Sming/Sming/compiler/lib//libsming.a(flashmem.o)
                              /home/vagrant/switch-case/Sming/Sming/compiler/lib//libsming.a(spiffs.o) (flashmem_erase_sector)
/home/vagrant/switch-case/Sming/Sming/compiler/lib//libsming.a(spiffs_cache.o)
                              /home/vagrant/switch-case/Sming/Sming/compiler/lib//libsming.a(spiffs_hydrogen.o) (spiffs_phys_rd)
/home/vagrant/switch-case/Sming/Sming/compiler/lib//libsming.a(spiffs_check.o)
                              /home/vagrant/switch-case/Sming/Sming/compiler/lib//libsming.a(spiffs_hydrogen.o) (spiffs_lookup_consistency_check)
/home/vagrant/switch-case/Sming/Sming/compiler/lib//libsming.a(spiffs_gc.o)
[...]
Memory Configuration

Name             Origin             Length             Attributes
dport0_0_seg     0x000000003ff00000 0x0000000000000010
dram0_0_seg      0x000000003ffe8000 0x0000000000014000
iram1_0_seg      0x0000000040100000 0x0000000000008000
irom0_0_seg      0x0000000040209000 0x0000000000042000
*default*        0x0000000000000000 0xffffffffffffffff

Linker script and memory map

START GROUP
LOAD /home/vagrant/switch-case/Sming/Sming/compiler/lib//libmicroc.a
LOAD /home/vagrant/switch-case/Sming/Sming/compiler/lib//libmicrogcc.a
LOAD /home/vagrant/esp-open-sdk/xtensa-lx106-elf/xtensa-lx106-elf/sysroot/usr/lib/libhal.a
LOAD /home/vagrant/esp-open-sdk/sdk/lib/libphy.a
LOAD /home/vagrant/esp-open-sdk/sdk/lib/libpp.a
LOAD /home/vagrant/esp-open-sdk/sdk/lib/libnet80211.a
LOAD /home/vagrant/esp-open-sdk/sdk/lib/liblwip.a
LOAD /home/vagrant/esp-open-sdk/sdk/lib/libwpa.a
LOAD /home/vagrant/esp-open-sdk/sdk/lib/libmain.a
LOAD /home/vagrant/switch-case/Sming/Sming/compiler/lib//libsming.a
LOAD out/build/app_app.a
END GROUP
                0x0000000040000000                PROVIDE (_memmap_vecbase_reset, 0x40000000)
                0x0000000000000110                _memmap_cacheattr_wb_base = 0x110
                0x0000000000000110                _memmap_cacheattr_wt_base = 0x110
                0x0000000000000220                _memmap_cacheattr_bp_base = 0x220
                0x00000000fffff00f                _memmap_cacheattr_unused_mask = 0xfffff00f
                0x000000002222211f                _memmap_cacheattr_wb_trapnull = 0x2222211f
                0x000000002222211f                _memmap_cacheattr_wba_trapnull = 0x2222211f
                0x000000002222211f                _memmap_cacheattr_wbna_trapnull = 0x2222211f
                0x000000002222211f                _memmap_cacheattr_wt_trapnull = 0x2222211f
                0x000000002222222f                _memmap_cacheattr_bp_trapnull = 0x2222222f
                0x00000000fffff11f                _memmap_cacheattr_wb_strict = 0xfffff11f
                0x00000000fffff11f                _memmap_cacheattr_wt_strict = 0xfffff11f
                0x00000000fffff22f                _memmap_cacheattr_bp_strict = 0xfffff22f
                0x0000000022222112                _memmap_cacheattr_wb_allvalid = 0x22222112
                0x0000000022222112                _memmap_cacheattr_wt_allvalid = 0x22222112
                0x0000000022222222                _memmap_cacheattr_bp_allvalid = 0x22222222
                0x000000002222211f                PROVIDE (_memmap_cacheattr_reset, _memmap_cacheattr_wb_trapnull)

.dport0.rodata  0x000000003ff00000        0x0
                0x000000003ff00000                _dport0_rodata_start = ABSOLUTE (.)
 *(.dport0.rodata)
 *(.dport.rodata)
                0x000000003ff00000                _dport0_rodata_end = ABSOLUTE (.)

.dport0.literal
                0x000000003ff00000        0x0
                0x000000003ff00000                _dport0_literal_start = ABSOLUTE (.)
 *(.dport0.literal)
 *(.dport.literal)
                0x000000003ff00000                _dport0_literal_end = ABSOLUTE (.)

.dport0.data    0x000000003ff00000        0x0
                0x000000003ff00000                _dport0_data_start = ABSOLUTE (.)
 *(.dport0.data)
 *(.dport.data)
                0x000000003ff00000                _dport0_data_end = ABSOLUTE (.)

.data           0x000000003ffe8000      0x350
                0x000000003ffe8000                _data_start = ABSOLUTE (.)
 *(.data)
 .data          0x000000003ffe8000        0x4 /home/vagrant/esp-open-sdk/sdk/lib/libmain.a(nmi-vector.o)
                0x000000003ffe8000                _Pri_3_HandlerAddress
 .data          0x000000003ffe8004        0x1 /home/vagrant/esp-open-sdk/sdk/lib/libmain.a(app_main.o)
 *fill*         0x000000003ffe8005        0x3 
 .data          0x000000003ffe8008        0x5 /home/vagrant/esp-open-sdk/sdk/lib/libmain.a(user_interface.o)
                0x000000003ffe8009                timer2_ms_flag
                0x000000003ffe800a                dhcps_flag
                0x000000003ffe800b                dhcpc_flag
                0x000000003ffe800c                reconnect_internal
 *fill*         0x000000003ffe800d        0x3 
 .data          0x000000003ffe8010        0x1 /home/vagrant/esp-open-sdk/sdk/lib/libmain.a(eagle_lwip_if.o)
                0x000000003ffe8010                default_hostname
 *fill*         0x000000003ffe8011        0xf 
 .data          0x000000003ffe8020       0x53 /home/vagrant/esp-open-sdk/sdk/lib/libphy.a(phy_chip_v6.o)
                0x000000003ffe8022                tx_rf_ana_gain
                0x000000003ffe8050                rx_gain_swp
                0x000000003ffe8070                test_rffreq_txcap
 *fill*         0x000000003ffe8073        0x1 
 .data          0x000000003ffe8074        0x4 /home/vagrant/esp-open-sdk/sdk/lib/libphy.a(phy_sleep.o)
                0x000000003ffe8074                chip_version
 .data          0x000000003ffe8078        0x1 /home/vagrant/esp-open-sdk/sdk/lib/libpp.a(pm.o)
 *fill*         0x000000003ffe8079        0x3 
 .data          0x000000003ffe807c        0x1 /home/vagrant/esp-open-sdk/sdk/lib/libpp.a(pm_for_bcn_only_mode.o)
 *fill*         0x000000003ffe807d        0x3 
 .data          0x000000003ffe8080       0x1c /home/vagrant/esp-open-sdk/sdk/lib/libpp.a(pp.o)
                0x000000003ffe8080                soft_wdt_interval
                0x000000003ffe8084                NoiseTimerInterval
                0x000000003ffe808c                sleep_start_wait_time
                0x000000003ffe8094                CanDoFreqCal
                0x000000003ffe8098                tcb
 *fill*         0x000000003ffe809c        0x4 
 .data          0x000000003ffe80a0       0x40 /home/vagrant/esp-open-sdk/sdk/lib/libpp.a(rate_control.o)
 .data          0x000000003ffe80e0      0x22c /home/vagrant/esp-open-sdk/sdk/lib/libpp.a(trc.o)
 .data          0x000000003ffe830c        0x8 /home/vagrant/esp-open-sdk/sdk/lib/libpp.a(wdev.o)
 .data          0x000000003ffe8314        0x3 /home/vagrant/esp-open-sdk/sdk/lib/libnet80211.a(ieee80211.o)
                0x000000003ffe8314                esp_mac_head
 *fill*         0x000000003ffe8317        0x1 
 .data          0x000000003ffe8318        0x1 /home/vagrant/esp-open-sdk/sdk/lib/libnet80211.a(ieee80211_hostap.o)
                0x000000003ffe8318                TmpSTAAPCloseAP
 *fill*         0x000000003ffe8319        0x7 
 .data          0x000000003ffe8320       0x1c /home/vagrant/esp-open-sdk/sdk/lib/libnet80211.a(ieee80211_action.o)
 .data          0x000000003ffe833c        0x4 /home/vagrant/esp-open-sdk/sdk/lib/liblwip.a(dhcp.o)
 .data          0x000000003ffe8340        0x2 /home/vagrant/esp-open-sdk/sdk/lib/liblwip.a(dhcpserver.o)
 *fill*         0x000000003ffe8342        0x2 
 .data          0x000000003ffe8344        0x8 /home/vagrant/esp-open-sdk/sdk/lib/liblwip.a(tcp.o)
 *(.data.*)
 .data.cbc_printchar
                0x000000003ffe834c        0x4 /home/vagrant/switch-case/Sming/Sming/compiler/lib//libsming.a(m_printf.o)
                0x000000003ffe834c                cbc_printchar
 *(.gnu.linkonce.d.*)
 *(.data1)
 *(.sdata)
 *(.sdata.*)
 *(.gnu.linkonce.s.*)
 *(.sdata2)
 *(.sdata2.*)
 *(.gnu.linkonce.s2.*)
 *(.jcr)
                0x000000003ffe8350                _data_end = ABSOLUTE (.)

.rodata         0x000000003ffe8350     0x153c
                0x000000003ffe8350                _rodata_start = ABSOLUTE (.)
 *(.sdk.version)
 .sdk.version   0x000000003ffe8350        0x6 /home/vagrant/esp-open-sdk/sdk/lib/libmain.a(app_main.o)
                0x000000003ffe8350                SDK_VERSION
 *(.rodata)
 *fill*         0x000000003ffe8356        0x2 
 .rodata        0x000000003ffe8358       0x20 /home/vagrant/switch-case/Sming/Sming/compiler/lib//libmicroc.a(floatscan.o)
 .rodata        0x000000003ffe8378        0x8 /home/vagrant/esp-open-sdk/sdk/lib/libphy.a(phy_chip_v6.o)
 .rodata        0x000000003ffe8380        0x4 /home/vagrant/esp-open-sdk/sdk/lib/libpp.a(pp.o)
 *fill*         0x000000003ffe8384        0x4 
 .rodata        0x000000003ffe8388        0x8 /home/vagrant/esp-open-sdk/sdk/lib/libnet80211.a(wl_cnx.o)
 .rodata        0x000000003ffe8390        0x6 /home/vagrant/esp-open-sdk/sdk/lib/liblwip.a(etharp.o)
                0x000000003ffe8390                ethbroadcast
 .rodata        0x000000003ffe8396      0x10a /home/vagrant/switch-case/Sming/Sming/compiler/lib//libmicroc.a(intscan.o)
 *(.rodata.*)
 .rodata.str1.4
                0x000000003ffe84a0        0xc /home/vagrant/esp-open-sdk/sdk/lib/libmain.a(app_main.o)
 .rodata.str1.4
                0x000000003ffe84ac        0x4 /home/vagrant/esp-open-sdk/sdk/lib/libmain.a(ets_timer.o)
                                          0xc (size before relaxing)
 .rodata.str1.4
                0x000000003ffe84b0        0x8 /home/vagrant/esp-open-sdk/sdk/lib/libmain.a(mem_manager.o)
 .rodata._ZL14EspDigitalPins
                0x000000003ffe84b8       0xc0 /home/vagrant/switch-case/Sming/Sming/compiler/lib//libsming.a(user_main.o)
 .rodata._ZTV6VectorI8DelegateIFvvEEE
                0x000000003ffe8578       0x1c /home/vagrant/switch-case/Sming/Sming/compiler/lib//libsming.a(System.o)
                0x000000003ffe8578                _ZTV6VectorI8DelegateIFvvEEE
 *fill*         0x000000003ffe8594        0x4 
 .rodata._ZTV6VectorIP19ISystemReadyHandlerE
                0x000000003ffe8598       0x1c /home/vagrant/switch-case/Sming/Sming/compiler/lib//libsming.a(System.o)
                0x000000003ffe8598                _ZTV6VectorIP19ISystemReadyHandlerE
 .rodata.str1.1
                0x000000003ffe85b4      0x165 /home/vagrant/switch-case/Sming/Sming/compiler/lib//libsming.a(spiffs.o)
 .rodata.str1.1
                0x000000003ffe8719       0x41 /home/vagrant/switch-case/Sming/Sming/compiler/lib//libsming.a(esp_cplusplus.o)
 .rodata.str1.1
                0x000000003ffe875a       0x21 /home/vagrant/switch-case/Sming/Sming/compiler/lib//libsming.a(stringconversion.o)
 *fill*         0x000000003ffe877b        0x5 
 .rodata._ZTV9IPAddress
                0x000000003ffe8780        0xc /home/vagrant/switch-case/Sming/Sming/compiler/lib//libsming.a(IPAddress.o)
                0x000000003ffe8780                _ZTV9IPAddress
 .rodata.str1.1
                0x0000000000000000       0x21 /home/vagrant/switch-case/Sming/Sming/compiler/lib//libsming.a(WString.o)
                                          0x1 (size before relaxing)
 .rodata.str1.1
                0x000000003ffe878c       0x59 /home/vagrant/switch-case/Sming/Sming/compiler/lib//libsming.a(flashmem.o)
 *fill*         0x000000003ffe87e5        0x3 
 .rodata.CSWTCH$10
                0x000000003ffe87e8       0x14 /home/vagrant/switch-case/Sming/Sming/compiler/lib//libsming.a(flashmem.o)
 .rodata.str1.1
                0x000000003ffe87fc       0x23 /home/vagrant/switch-case/Sming/Sming/compiler/lib//libsming.a(Digital.o)
 *fill*         0x000000003ffe881f        0x1 
 .rodata._ZL14EspDigitalPins
                0x000000003ffe8820       0xc0 /home/vagrant/switch-case/Sming/Sming/compiler/lib//libsming.a(Digital.o)
 .rodata.str1.1
                0x000000003ffe88e0       0x40 out/build/app_app.a(application.o)
 .rodata._ZTV15IDelegateCallerIvIEE
                0x000000003ffe8920       0x14 out/build/app_app.a(application.o)
                0x000000003ffe8920                _ZTV15IDelegateCallerIvIEE
 *fill*         0x000000003ffe8934        0x4 
 .rodata._ZTV14FunctionCallerIPFvvEvIEE
                0x000000003ffe8938       0x14 out/build/app_app.a(application.o)
                0x000000003ffe8938                _ZTV14FunctionCallerIPFvvEvIEE
 .rodata.str1.1
                0x000000003ffe894c       0xed out/build/app_app.a(mqtt.o)
 *fill*         0x000000003ffe8a39        0x7 
 .rodata._ZTV15IDelegateCallerIvI6StringS0_EE
                0x000000003ffe8a40       0x14 out/build/app_app.a(mqtt.o)
                0x000000003ffe8a40                _ZTV15IDelegateCallerIvI6StringS0_EE
 *fill*         0x000000003ffe8a54        0x4 
 .rodata._ZTV14FunctionCallerIPFv6StringS0_EvIS0_S0_EE
                0x000000003ffe8a58       0x14 out/build/app_app.a(mqtt.o)
                0x000000003ffe8a58                _ZTV14FunctionCallerIPFv6StringS0_EvIS0_S0_EE
 .rodata.str1.1
                0x000000003ffe8a6c       0x73 out/build/app_app.a(parse_and_control.o)
                                         0x7a (size before relaxing)
 *fill*         0x000000003ffe8adf        0x1 
 .rodata._ZTVN11ArduinoJson16StaticJsonBufferILj200EEE
                0x000000003ffe8ae0        0xc out/build/app_app.a(parse_and_control.o)
                0x000000003ffe8ae0                _ZTVN11ArduinoJson16StaticJsonBufferILj200EEE
 .rodata.str1.1
                0x000000003ffe8aec        0xc /home/vagrant/switch-case/Sming/Sming/compiler/lib//libmicroc.a(abort.o)
 .rodata.str1.1
                0x000000003ffe8af8        0xd /home/vagrant/switch-case/Sming/Sming/compiler/lib//libmicroc.a(floatscan.o)
 *fill*         0x000000003ffe8b05        0x3 
 .rodata.str1.4
                0x000000003ffe8b08        0x4 /home/vagrant/esp-open-sdk/sdk/lib/libpp.a(lmac.o)
                                          0xc (size before relaxing)
 .rodata.str1.4
                0x000000003ffe8b0c        0x3 /home/vagrant/esp-open-sdk/sdk/lib/libpp.a(pm.o)
                                          0xb (size before relaxing)
 *fill*         0x000000003ffe8b0f        0x1 
 .rodata.str1.4
                0x000000003ffe8b10        0x4 /home/vagrant/esp-open-sdk/sdk/lib/libpp.a(pm_for_bcn_only_mode.o)
                                          0xc (size before relaxing)
 .rodata.str1.4
                0x000000003ffe8b14        0x3 /home/vagrant/esp-open-sdk/sdk/lib/libpp.a(pp.o)
                                          0xb (size before relaxing)
 *fill*         0x000000003ffe8b17        0x1 
 .rodata.str1.4
                0x000000003ffe8b18        0x4 /home/vagrant/esp-open-sdk/sdk/lib/libpp.a(wdev.o)
                                          0xc (size before relaxing)
 .rodata.str1.4
                0x000000003ffe8b1c        0x4 /home/vagrant/esp-open-sdk/sdk/lib/liblwip.a(espconn_tcp.o)
                                          0x1 (size before relaxing)
 .rodata.str1.1
                0x0000000000000000        0xd /home/vagrant/switch-case/Sming/Sming/compiler/lib//libsming.a(HardwareSerial.o)
                                          0x3 (size before relaxing)
 .rodata._ZTV14HardwareSerial
                0x000000003ffe8b20       0x20 /home/vagrant/switch-case/Sming/Sming/compiler/lib//libsming.a(HardwareSerial.o)
                0x000000003ffe8b20                _ZTV14HardwareSerial
 .rodata.str1.1
                0x000000003ffe8b40      0x169 /home/vagrant/switch-case/Sming/Sming/compiler/lib//libsming.a(MqttClient.o)
                                        0x16a (size before relaxing)
 *fill*         0x000000003ffe8ca9        0x7 
 .rodata._ZTV10MqttClient
                0x000000003ffe8cb0       0x3c /home/vagrant/switch-case/Sming/Sming/compiler/lib//libsming.a(MqttClient.o)
                0x000000003ffe8cb0                _ZTV10MqttClient
 .rodata.str1.1
                0x000000003ffe8cec       0x1e /home/vagrant/switch-case/Sming/Sming/compiler/lib//libsming.a(TcpClient.o)
 *fill*         0x000000003ffe8d0a        0x6 
 .rodata._ZTV9TcpClient
                0x000000003ffe8d10       0x3c /home/vagrant/switch-case/Sming/Sming/compiler/lib//libsming.a(TcpClient.o)
                0x000000003ffe8d10                _ZTV9TcpClient
 .rodata.str1.1
                0x000000003ffe8d4c      0x220 /home/vagrant/switch-case/Sming/Sming/compiler/lib//libsming.a(TcpConnection.o)
 *fill*         0x000000003ffe8f6c        0x4 
 .rodata._ZTV13TcpConnection
                0x000000003ffe8f70       0x38 /home/vagrant/switch-case/Sming/Sming/compiler/lib//libsming.a(TcpConnection.o)
                0x000000003ffe8f70                _ZTV13TcpConnection
 .rodata.str1.1
                0x000000003ffe8fa8       0xf0 /home/vagrant/switch-case/Sming/Sming/compiler/lib//libsming.a(AccessPoint.o)
                                         0xf1 (size before relaxing)
 .rodata._ZTV19ISystemReadyHandler
                0x000000003ffe9098       0x14 /home/vagrant/switch-case/Sming/Sming/compiler/lib//libsming.a(AccessPoint.o)
                0x000000003ffe9098                _ZTV19ISystemReadyHandler
 *fill*         0x000000003ffe90ac        0x4 
 .rodata._ZTV16AccessPointClass
                0x000000003ffe90b0       0x14 /home/vagrant/switch-case/Sming/Sming/compiler/lib//libsming.a(AccessPoint.o)
                0x000000003ffe90b0                _ZTV16AccessPointClass
 .rodata.str1.1
                0x000000003ffe90c4      0x1d9 /home/vagrant/switch-case/Sming/Sming/compiler/lib//libsming.a(Station.o)
                                        0x20f (size before relaxing)
 *fill*         0x000000003ffe929d        0x3 
 .rodata._ZTV12StationClass
                0x000000003ffe92a0       0x14 /home/vagrant/switch-case/Sming/Sming/compiler/lib//libsming.a(Station.o)
                0x000000003ffe92a0                _ZTV12StationClass
 *fill*         0x000000003ffe92b4        0x4 
 .rodata._ZTV6VectorI7BssInfoE
                0x000000003ffe92b8       0x1c /home/vagrant/switch-case/Sming/Sming/compiler/lib//libsming.a(Station.o)
                0x000000003ffe92b8                _ZTV6VectorI7BssInfoE
 *fill*         0x000000003ffe92d4        0x4 
 .rodata._ZTV8WDTClass
                0x000000003ffe92d8       0x14 /home/vagrant/switch-case/Sming/Sming/compiler/lib//libsming.a(WDT.o)
                0x000000003ffe92d8                _ZTV8WDTClass
 .rodata.str1.1
                0x000000003ffe92ec       0x10 /home/vagrant/switch-case/Sming/Sming/compiler/lib//libsming.a(ArduinoJson.o)
                                         0x11 (size before relaxing)
 .rodata._ZL12specialChars
                0x000000003ffe92fc        0xf /home/vagrant/switch-case/Sming/Sming/compiler/lib//libsming.a(ArduinoJson.o)
 .rodata.str1.1
                0x000000003ffe930b       0xd0 /home/vagrant/switch-case/Sming/Sming/compiler/lib//libsming.a(CommandExecutor.o)
                                         0xd5 (size before relaxing)
 .rodata.str1.1
                0x000000003ffe93db      0x24e /home/vagrant/switch-case/Sming/Sming/compiler/lib//libsming.a(CommandHandler.o)
                                        0x256 (size before relaxing)
 .rodata.str1.1
                0x000000003ffe9629        0x6 /home/vagrant/switch-case/Sming/Sming/compiler/lib//libsming.a(libemqtt.o)
 .rodata.str1.1
                0x000000003ffe962f      0x156 /home/vagrant/switch-case/Sming/Sming/compiler/lib//libsming.a(DataSourceStream.o)
                                        0x157 (size before relaxing)
 *fill*         0x000000003ffe9785        0x3 
 .rodata._ZTV17IDataSourceStream
                0x000000003ffe9788       0x20 /home/vagrant/switch-case/Sming/Sming/compiler/lib//libsming.a(DataSourceStream.o)
                0x000000003ffe9788                _ZTV17IDataSourceStream
 .rodata._ZTV16MemoryDataStream
                0x000000003ffe97a8       0x48 /home/vagrant/switch-case/Sming/Sming/compiler/lib//libsming.a(DataSourceStream.o)
                0x000000003ffe97a8                _ZTV16MemoryDataStream
 .rodata.str1.1
                0x0000000000000000        0x1 /home/vagrant/switch-case/Sming/Sming/compiler/lib//libsming.a(CommandDelegate.o)
 *(.gnu.linkonce.r.*)
 *(.rodata1)
                0x000000003ffe97f0                __XT_EXCEPTION_TABLE__ = ABSOLUTE (.)
 *(.xt_except_table)
 *(.gcc_except_table)
 *(.gnu.linkonce.e.*)
 *(.gnu.version_r)
 *(.eh_frame)
                0x000000003ffe97f0                . = ((. + 0x3) & 0xfffffffffffffffc)
                0x000000003ffe97f0                __dso_handle = ABSOLUTE (.)
                0x000000003ffe97f0                __init_array_start = ABSOLUTE (.)
 *crtbegin.o(.ctors)
 *(EXCLUDE_FILE(*crtend.o) .ctors)
 .ctors         0x000000003ffe97f0        0x4 /home/vagrant/switch-case/Sming/Sming/compiler/lib//libsming.a(user_main.o)
 .ctors         0x000000003ffe97f4        0x4 /home/vagrant/switch-case/Sming/Sming/compiler/lib//libsming.a(System.o)
 .ctors         0x000000003ffe97f8        0x4 /home/vagrant/switch-case/Sming/Sming/compiler/lib//libsming.a(m_printf.o)
 .ctors         0x000000003ffe97fc        0x4 /home/vagrant/switch-case/Sming/Sming/compiler/lib//libsming.a(IPAddress.o)
 .ctors         0x000000003ffe9800        0x4 /home/vagrant/switch-case/Sming/Sming/compiler/lib//libsming.a(Print.o)
 .ctors         0x000000003ffe9804        0x4 /home/vagrant/switch-case/Sming/Sming/compiler/lib//libsming.a(WString.o)
 .ctors         0x000000003ffe9808        0x4 /home/vagrant/switch-case/Sming/Sming/compiler/lib//libsming.a(Interrupts.o)
 .ctors         0x000000003ffe980c        0x4 /home/vagrant/switch-case/Sming/Sming/compiler/lib//libsming.a(Digital.o)
 .ctors         0x000000003ffe9810        0x4 out/build/app_app.a(application.o)
 .ctors         0x000000003ffe9814        0x4 out/build/app_app.a(mqtt.o)
 .ctors         0x000000003ffe9818        0x4 out/build/app_app.a(parse_and_control.o)
 .ctors         0x000000003ffe981c        0x4 /home/vagrant/switch-case/Sming/Sming/compiler/lib//libsming.a(HardwareSerial.o)
 .ctors         0x000000003ffe9820        0x4 /home/vagrant/switch-case/Sming/Sming/compiler/lib//libsming.a(MqttClient.o)
 .ctors         0x000000003ffe9824        0x4 /home/vagrant/switch-case/Sming/Sming/compiler/lib//libsming.a(TcpClient.o)
 .ctors         0x000000003ffe9828        0x4 /home/vagrant/switch-case/Sming/Sming/compiler/lib//libsming.a(TcpConnection.o)
 .ctors         0x000000003ffe982c        0x4 /home/vagrant/switch-case/Sming/Sming/compiler/lib//libsming.a(AccessPoint.o)
 .ctors         0x000000003ffe9830        0x4 /home/vagrant/switch-case/Sming/Sming/compiler/lib//libsming.a(Station.o)
 .ctors         0x000000003ffe9834        0x4 /home/vagrant/switch-case/Sming/Sming/compiler/lib//libsming.a(WDT.o)
 .ctors         0x000000003ffe9838        0x4 /home/vagrant/switch-case/Sming/Sming/compiler/lib//libsming.a(ArduinoJson.o)
 .ctors         0x000000003ffe983c        0x4 /home/vagrant/switch-case/Sming/Sming/compiler/lib//libsming.a(CommandExecutor.o)
 .ctors         0x000000003ffe9840        0x4 /home/vagrant/switch-case/Sming/Sming/compiler/lib//libsming.a(CommandHandler.o)
 .ctors         0x000000003ffe9844        0x4 /home/vagrant/switch-case/Sming/Sming/compiler/lib//libsming.a(CommandOutput.o)
 .ctors         0x000000003ffe9848        0x4 /home/vagrant/switch-case/Sming/Sming/compiler/lib//libsming.a(Clock.o)
 .ctors         0x000000003ffe984c        0x4 /home/vagrant/switch-case/Sming/Sming/compiler/lib//libsming.a(DataSourceStream.o)
 .ctors         0x000000003ffe9850        0x4 /home/vagrant/switch-case/Sming/Sming/compiler/lib//libsming.a(SystemClock.o)
 .ctors         0x000000003ffe9854        0x4 /home/vagrant/switch-case/Sming/Sming/compiler/lib//libsming.a(RTC.o)
 .ctors         0x000000003ffe9858        0x4 /home/vagrant/switch-case/Sming/Sming/compiler/lib//libsming.a(CommandDelegate.o)
 .ctors         0x000000003ffe985c        0x4 /home/vagrant/switch-case/Sming/Sming/compiler/lib//libsming.a(DateTime.o)
 *(SORT(.ctors.*))
 *(.ctors)
                0x000000003ffe9860                __init_array_end = ABSOLUTE (.)
 *crtbegin.o(.dtors)
 *(EXCLUDE_FILE(*crtend.o) .dtors)
 .dtors         0x000000003ffe9860        0x4 /home/vagrant/switch-case/Sming/Sming/compiler/lib//libsming.a(System.o)
 .dtors         0x000000003ffe9864        0x4 /home/vagrant/switch-case/Sming/Sming/compiler/lib//libsming.a(Interrupts.o)
 .dtors         0x000000003ffe9868        0x4 out/build/app_app.a(application.o)
 .dtors         0x000000003ffe986c        0x4 out/build/app_app.a(mqtt.o)
 .dtors         0x000000003ffe9870        0x4 /home/vagrant/switch-case/Sming/Sming/compiler/lib//libsming.a(HardwareSerial.o)
 .dtors         0x000000003ffe9874        0x4 /home/vagrant/switch-case/Sming/Sming/compiler/lib//libsming.a(AccessPoint.o)
 .dtors         0x000000003ffe9878        0x4 /home/vagrant/switch-case/Sming/Sming/compiler/lib//libsming.a(Station.o)
 .dtors         0x000000003ffe987c        0x4 /home/vagrant/switch-case/Sming/Sming/compiler/lib//libsming.a(WDT.o)
 .dtors         0x000000003ffe9880        0x4 /home/vagrant/switch-case/Sming/Sming/compiler/lib//libsming.a(ArduinoJson.o)
 *(SORT(.dtors.*))
 *(.dtors)
                0x000000003ffe9884                __XT_EXCEPTION_DESCS__ = ABSOLUTE (.)
 *(.xt_except_desc)
 *(.gnu.linkonce.h.*)
                0x000000003ffe9884                __XT_EXCEPTION_DESCS_END__ = ABSOLUTE (.)
 *(.xt_except_desc_end)
 *(.dynamic)
 *(.gnu.version_d)
                0x000000003ffe9884                . = ALIGN (0x4)
                0x000000003ffe9884                _bss_table_start = ABSOLUTE (.)
                0x000000003ffe9884        0x4 LONG 0x3ffe9890 _bss_start
                0x000000003ffe9888        0x4 LONG 0x3fff1210 _bss_end
                0x000000003ffe988c                _bss_table_end = ABSOLUTE (.)
                0x000000003ffe988c                _rodata_end = ABSOLUTE (.)

.bss            0x000000003ffe9890     0x7980
                0x000000003ffe9890                . = ALIGN (0x8)
                0x000000003ffe9890                _bss_start = ABSOLUTE (.)
 *(.dynsbss)
 *(.sbss)
 *(.sbss.*)
 *(.gnu.linkonce.sb.*)
 *(.scommon)
 *(.sbss2)
 *(.sbss2.*)
 *(.gnu.linkonce.sb2.*)
 *(.dynbss)
 *(.bss)
 .bss           0x000000003ffe9890      0x1c0 /home/vagrant/esp-open-sdk/sdk/lib/libmain.a(nmi-vector.o)
 .bss           0x000000003ffe9a50       0x41 /home/vagrant/esp-open-sdk/sdk/lib/libmain.a(app_main.o)
                0x000000003ffe9a54                info
                0x000000003ffe9a78                lwip_timer_interval
                0x000000003ffe9a7c                check_timeouts_timer
                0x000000003ffe9a90                user_init_flag
 *fill*         0x000000003ffe9a91        0xf 
 .bss           0x000000003ffe9aa0       0x30 /home/vagrant/esp-open-sdk/sdk/lib/libmain.a(ets_timer.o)
                0x000000003ffe9aa0                timer_list
                0x000000003ffe9aa4                debug_timer
                0x000000003ffe9aa8                debug_timerfn
 .bss           0x000000003ffe9ad0       0x18 /home/vagrant/esp-open-sdk/sdk/lib/libmain.a(mem_manager.o)
 .bss           0x000000003ffe9ae8        0x4 /home/vagrant/esp-open-sdk/sdk/lib/libmain.a(spi_flash.o)
                0x000000003ffe9ae8                flash_read
 *fill*         0x000000003ffe9aec        0x4 
 .bss           0x000000003ffe9af0      0x151 /home/vagrant/esp-open-sdk/sdk/lib/libmain.a(user_interface.o)
                0x000000003ffe9be7                deep_sleep_flag
                0x000000003ffe9be8                cpu_overclock
                0x000000003ffe9bec                event_cb
                0x000000003ffe9bf0                status_led_output_level
                0x000000003ffe9bf4                done_cb
                0x000000003ffe9bf8                rst_if
                0x000000003ffe9c14                default_interface
                0x000000003ffe9c15                OpmodChgIsOnGoing
                0x000000003ffe9c18                bcn_ie
                0x000000003ffe9c20                promiscuous_cb
 *fill*         0x000000003ffe9c41        0x3 
 .bss           0x000000003ffe9c44        0xc /home/vagrant/esp-open-sdk/sdk/lib/libmain.a(eagle_lwip_if.o)
                0x000000003ffe9c44                hostname
 .bss           0x000000003ffe9c50        0x4 /home/vagrant/switch-case/Sming/Sming/compiler/lib//libmicroc.a(__errno_location.o)
 .bss           0x000000003ffe9c54        0x4 /home/vagrant/esp-open-sdk/sdk/lib/libphy.a(phy.o)
 .bss           0x000000003ffe9c58        0x2 /home/vagrant/esp-open-sdk/sdk/lib/libphy.a(phy_chip_v6_ana.o)
                0x000000003ffe9c58                tout_dis_txpwr_track
                0x000000003ffe9c59                sleep_mode_flag
 *fill*         0x000000003ffe9c5a        0x6 
 .bss           0x000000003ffe9c60      0x353 /home/vagrant/esp-open-sdk/sdk/lib/libphy.a(phy_chip_v6.o)
                0x000000003ffe9c60                g_phyFuns
                0x000000003ffe9c64                rxiq_compute_num
                0x000000003ffe9c68                rxdc_init_flag
                0x000000003ffe9c6c                check_result
                0x000000003ffe9c70                chip6_sleep_params
                0x000000003ffe9df8                chip6_phy_init_ctrl
                0x000000003ffe9e6c                phy_freq_offset
                0x000000003ffe9e6e                do_pwctrl_flag
                0x000000003ffe9e6f                pwctrl_debug
                0x000000003ffe9e70                txbk_dpdby_flag
                0x000000003ffe9e72                sw_scan_mode
                0x000000003ffe9e73                rxmax_ext_level
                0x000000003ffe9e84                periodic_cal_dc_num
                0x000000003ffe9e88                periodic_cal_flag
                0x000000003ffe9e89                bbpll_cal_flag
                0x000000003ffe9e8a                phy_in_most_power
                0x000000003ffe9e8b                txpwr_adjust_quick
                0x000000003ffe9e8c                rtc_mem_check_fail
                0x000000003ffe9e90                test_print_time
                0x000000003ffe9e94                phy_in_vdd33_offset
                0x000000003ffe9e95                phy_set_most_tpw_disbg
                0x000000003ffe9e96                phy_set_most_tpw_index
                0x000000003ffe9e98                adc_rand_noise
                0x000000003ffe9e9c                dpd_bypass_original
                0x000000003ffe9ea0                noise_array
 *fill*         0x000000003ffe9fb3        0x1 
 .bss           0x000000003ffe9fb4        0x6 /home/vagrant/esp-open-sdk/sdk/lib/libphy.a(phy_chip_v6_cal.o)
                0x000000003ffe9fb4                loop_pwctrl_pwdet_error_accum_high_power
                0x000000003ffe9fb6                tx_pwctrl_pk_num
                0x000000003ffe9fb7                loop_pwctrl_correct_atten_high_power
                0x000000003ffe9fb8                tx_pwctrl_set_chan_flag
                0x000000003ffe9fb9                rxiq_cover_fail_num
 *fill*         0x000000003ffe9fba        0x2 
 .bss           0x000000003ffe9fbc        0x7 /home/vagrant/esp-open-sdk/sdk/lib/libphy.a(phy_sleep.o)
                0x000000003ffe9fbc                periodic_cal_sat
                0x000000003ffe9fbe                lslp_mem_opt_8266
                0x000000003ffe9fc0                software_slp_reject
                0x000000003ffe9fc1                SDIO_slp_reject
                0x000000003ffe9fc2                hardware_reject
 *fill*         0x000000003ffe9fc3        0xd 
 .bss           0x000000003ffe9fd0       0x30 /home/vagrant/esp-open-sdk/sdk/lib/libpp.a(if_hwctrl.o)
                0x000000003ffe9fd0                interface_mask
                0x000000003ffe9fe0                if_ctrl
 .bss           0x000000003ffea000      0x150 /home/vagrant/esp-open-sdk/sdk/lib/libpp.a(lmac.o)
                0x000000003ffea004                lmacConfMib
 .bss           0x000000003ffea150      0x11a /home/vagrant/esp-open-sdk/sdk/lib/libpp.a(pm.o)
                0x000000003ffea150                pmc
 *fill*         0x000000003ffea26a        0x2 
 .bss           0x000000003ffea26c       0x30 /home/vagrant/esp-open-sdk/sdk/lib/libpp.a(pm_for_bcn_only_mode.o)
 *fill*         0x000000003ffea29c        0x4 
 .bss           0x000000003ffea2a0      0x2e2 /home/vagrant/esp-open-sdk/sdk/lib/libpp.a(pp.o)
                0x000000003ffea2b8                pend_flag_noise_check
                0x000000003ffea2c0                pend_flag_periodic_cal
                0x000000003ffea2d8                idle_timer_reopen_flag
                0x000000003ffea2d9                dbg_stop_sw_wdt
                0x000000003ffea2da                dbg_stop_hw_wdt
                0x000000003ffea2dc                DefFreqCalTimer
                0x000000003ffea2f0                HighestFreqOffsetInOneChk
                0x000000003ffea2f2                LowestFreqOffsetInOneChk
 *fill*         0x000000003ffea582        0xe 
 .bss           0x000000003ffea590      0x100 /home/vagrant/esp-open-sdk/sdk/lib/libpp.a(rate_control.o)
 .bss           0x000000003ffea690      0x46c /home/vagrant/esp-open-sdk/sdk/lib/libpp.a(trc.o)
 *fill*         0x000000003ffeaafc        0x4 
 .bss           0x000000003ffeab00     0x2f68 /home/vagrant/esp-open-sdk/sdk/lib/libpp.a(wdev.o)
                0x000000003ffeab00                wDevCtrl
                0x000000003ffeaca8                WdevTimOffSet
 *fill*         0x000000003ffeda68        0x8 
 .bss           0x000000003ffeda70     0x1294 /home/vagrant/esp-open-sdk/sdk/lib/libpp.a(esf_buf.o)
 .bss           0x000000003ffeed04      0x548 /home/vagrant/esp-open-sdk/sdk/lib/libnet80211.a(ieee80211.o)
                0x000000003ffeed04                g_ic
 .bss           0x000000003ffef24c       0x40 /home/vagrant/esp-open-sdk/sdk/lib/libnet80211.a(ieee80211_hostap.o)
                0x000000003ffef24c                BcnEb_update
                0x000000003ffef270                PendFreeBcnEb
                0x000000003ffef274                ApFreqCalTimer
 .bss           0x000000003ffef28c       0xc8 /home/vagrant/esp-open-sdk/sdk/lib/libnet80211.a(ieee80211_scan.o)
                0x000000003ffef28c                gScanStruct
                0x000000003ffef338                connect_scan_flag
                0x000000003ffef339                FreqCalCntForScan
                0x000000003ffef33a                TestStaFreqCalValInput
                0x000000003ffef33c                auth_type
                0x000000003ffef33e                scannum
 *fill*         0x000000003ffef354        0x4 
 .bss           0x000000003ffef358       0x10 /home/vagrant/esp-open-sdk/sdk/lib/libnet80211.a(ieee80211_sta.o)
 .bss           0x000000003ffef368       0x3c /home/vagrant/esp-open-sdk/sdk/lib/libnet80211.a(wl_chm.o)
 *fill*         0x000000003ffef3a4        0x4 
 .bss           0x000000003ffef3a8      0x378 /home/vagrant/esp-open-sdk/sdk/lib/libnet80211.a(wl_cnx.o)
                0x000000003ffef708                sta_con_timer
                0x000000003ffef71c                g_cnx_probe_rc_list_cb
 .bss           0x000000003ffef720       0x10 /home/vagrant/esp-open-sdk/sdk/lib/libnet80211.a(ieee80211_action_vendor.o)
 .bss           0x000000003ffef730       0x38 /home/vagrant/esp-open-sdk/sdk/lib/liblwip.a(dhcp.o)
                0x000000003ffef730                dhcp_rx_options_given
                0x000000003ffef740                dhcp_rx_options_val
 .bss           0x000000003ffef768       0x24 /home/vagrant/esp-open-sdk/sdk/lib/liblwip.a(dhcpserver.o)
                0x000000003ffef778                s
 *fill*         0x000000003ffef78c        0x4 
 .bss           0x000000003ffef790      0x480 /home/vagrant/esp-open-sdk/sdk/lib/liblwip.a(dns.o)
 .bss           0x000000003ffefc10       0x78 /home/vagrant/esp-open-sdk/sdk/lib/liblwip.a(espconn_tcp.o)
                0x000000003ffefc10                espconn_TaskQueue
 *fill*         0x000000003ffefc88        0x8 
 .bss           0x000000003ffefc90      0x100 /home/vagrant/esp-open-sdk/sdk/lib/liblwip.a(etharp.o)
                0x000000003ffefc94                ethzero
 .bss           0x000000003ffefd90       0x10 /home/vagrant/esp-open-sdk/sdk/lib/liblwip.a(ip_addr.o)
 .bss           0x000000003ffefda0       0x12 /home/vagrant/esp-open-sdk/sdk/lib/liblwip.a(ip.o)
                0x000000003ffefda0                current_iphdr_dest
                0x000000003ffefda4                current_iphdr_src
                0x000000003ffefda8                current_netif
                0x000000003ffefdac                current_header
 *fill*         0x000000003ffefdb2        0x2 
 .bss           0x000000003ffefdb4        0x9 /home/vagrant/esp-open-sdk/sdk/lib/liblwip.a(netif.o)
                0x000000003ffefdb4                netif_list
                0x000000003ffefdb8                netif_default
 *fill*         0x000000003ffefdbd        0x3 
 .bss           0x000000003ffefdc0        0x4 /home/vagrant/esp-open-sdk/sdk/lib/liblwip.a(raw.o)
 .bss           0x000000003ffefdc4       0x34 /home/vagrant/esp-open-sdk/sdk/lib/liblwip.a(tcp_in.o)
                0x000000003ffefdf4                tcp_input_pcb
 .bss           0x000000003ffefdf8       0x1c /home/vagrant/esp-open-sdk/sdk/lib/liblwip.a(tcp.o)
                0x000000003ffefdfc                tcp_active_pcbs
                0x000000003ffefe00                tcp_tmp_pcb
                0x000000003ffefe04                tcp_tw_pcbs
                0x000000003ffefe08                tcp_bound_pcbs
                0x000000003ffefe0c                tcp_listen_pcbs
                0x000000003ffefe10                tcp_ticks
 .bss           0x000000003ffefe14        0xc /home/vagrant/esp-open-sdk/sdk/lib/liblwip.a(timers.o)
 .bss           0x000000003ffefe20        0x4 /home/vagrant/esp-open-sdk/sdk/lib/liblwip.a(udp.o)
                0x000000003ffefe20                udp_pcbs
 *fill*         0x000000003ffefe24        0xc 
 .bss           0x000000003ffefe30      0x104 /home/vagrant/esp-open-sdk/sdk/lib/liblwip.a(espconn.o)
                0x000000003ffefe30                plink_active
                0x000000003ffefe34                pserver_list
                0x000000003ffefe40                premot
                0x000000003ffeff00                pktinfo
 .bss           0x000000003ffeff34        0xc /home/vagrant/esp-open-sdk/sdk/lib/liblwip.a(igmp.o)
 .bss           0x000000003ffeff40      0x26a /home/vagrant/esp-open-sdk/sdk/lib/libwpa.a(wpa.o)
 *fill*         0x000000003fff01aa        0x6 
 .bss           0x000000003fff01b0        0x8 /home/vagrant/esp-open-sdk/sdk/lib/libnet80211.a(ieee80211_crypto_tkip.o)
 *(.bss.*)
 .bss._ZL5ESP01
                0x000000003fff01b8       0x30 /home/vagrant/switch-case/Sming/Sming/compiler/lib//libsming.a(user_main.o)
 .bss._ZL11INADDR_NONE
                0x000000003fff01e8        0x8 /home/vagrant/switch-case/Sming/Sming/compiler/lib//libsming.a(user_main.o)
 .bss.System    0x000000003fff01f0       0x2c /home/vagrant/switch-case/Sming/Sming/compiler/lib//libsming.a(System.o)
                0x000000003fff01f0                System
 .bss.spiffs_cache
                0x000000003fff021c      0x480 /home/vagrant/switch-case/Sming/Sming/compiler/lib//libsming.a(spiffs.o)
 .bss.spiffs_fds
                0x000000003fff069c       0xe0 /home/vagrant/switch-case/Sming/Sming/compiler/lib//libsming.a(spiffs.o)
 .bss.spiffs_work_buf
                0x000000003fff077c      0x200 /home/vagrant/switch-case/Sming/Sming/compiler/lib//libsming.a(spiffs.o)
 .bss._ZL5ESP01
                0x000000003fff097c       0x30 /home/vagrant/switch-case/Sming/Sming/compiler/lib//libsming.a(m_printf.o)
 .bss._ZL11INADDR_NONE
                0x000000003fff09ac        0x8 /home/vagrant/switch-case/Sming/Sming/compiler/lib//libsming.a(m_printf.o)
 .bss._ZL5ESP01
                0x000000003fff09b4       0x30 /home/vagrant/switch-case/Sming/Sming/compiler/lib//libsming.a(IPAddress.o)
 .bss._ZL11INADDR_NONE
                0x000000003fff09e4        0x8 /home/vagrant/switch-case/Sming/Sming/compiler/lib//libsming.a(IPAddress.o)
 .bss._ZL11INADDR_NONE
                0x000000003fff09ec        0x8 /home/vagrant/switch-case/Sming/Sming/compiler/lib//libsming.a(Print.o)
 .bss._ZZN6StringixEjE19dummy_writable_char
                0x000000003fff09f4        0x1 /home/vagrant/switch-case/Sming/Sming/compiler/lib//libsming.a(WString.o)
 *fill*         0x000000003fff09f5        0x3 
 .bss._ZL11INADDR_NONE
                0x000000003fff09f8        0x8 /home/vagrant/switch-case/Sming/Sming/compiler/lib//libsming.a(WString.o)
 .bss._delegateFunctionList
                0x000000003fff0a00       0x40 /home/vagrant/switch-case/Sming/Sming/compiler/lib//libsming.a(Interrupts.o)
                0x000000003fff0a00                _delegateFunctionList
 .bss._ZL11INADDR_NONE
                0x000000003fff0a40        0x8 /home/vagrant/switch-case/Sming/Sming/compiler/lib//libsming.a(Interrupts.o)
 .bss._ZL11INADDR_NONE
                0x000000003fff0a48        0x8 /home/vagrant/switch-case/Sming/Sming/compiler/lib//libsming.a(Digital.o)
 .bss.procTimer
                0x000000003fff0a50       0x30 out/build/app_app.a(application.o)
                0x000000003fff0a50                procTimer
 .bss._ZL5ESP01
                0x000000003fff0a80       0x30 out/build/app_app.a(application.o)
 .bss._ZL11INADDR_NONE
                0x000000003fff0ab0        0x8 out/build/app_app.a(application.o)
 .bss.xMqtt     0x000000003fff0ab8      0x4a8 out/build/app_app.a(mqtt.o)
                0x000000003fff0ab8                xMqtt
 .bss._ZL5ESP01
                0x000000003fff0f60       0x30 out/build/app_app.a(mqtt.o)
 .bss._ZL11INADDR_NONE
                0x000000003fff0f90        0x8 out/build/app_app.a(mqtt.o)
 .bss._ZL5ESP01
                0x000000003fff0f98       0x30 out/build/app_app.a(parse_and_control.o)
 .bss._ZL11INADDR_NONE
                0x000000003fff0fc8        0x8 out/build/app_app.a(parse_and_control.o)
 .bss.Serial    0x000000003fff0fd0       0x14 /home/vagrant/switch-case/Sming/Sming/compiler/lib//libsming.a(HardwareSerial.o)
                0x000000003fff0fd0                Serial
 .bss._ZN14HardwareSerial10memberDataE
                0x000000003fff0fe4       0x18 /home/vagrant/switch-case/Sming/Sming/compiler/lib//libsming.a(HardwareSerial.o)
                0x000000003fff0fe4                _ZN14HardwareSerial10memberDataE
 .bss._ZL11INADDR_NONE
                0x000000003fff0ffc        0x8 /home/vagrant/switch-case/Sming/Sming/compiler/lib//libsming.a(HardwareSerial.o)
 .bss._ZL5ESP01
                0x000000003fff1004       0x30 /home/vagrant/switch-case/Sming/Sming/compiler/lib//libsming.a(MqttClient.o)
 .bss._ZL11INADDR_NONE
                0x000000003fff1034        0x8 /home/vagrant/switch-case/Sming/Sming/compiler/lib//libsming.a(MqttClient.o)
 .bss._ZL11INADDR_NONE
                0x000000003fff103c        0x8 /home/vagrant/switch-case/Sming/Sming/compiler/lib//libsming.a(TcpClient.o)
 .bss._ZL11INADDR_NONE
                0x000000003fff1044        0x8 /home/vagrant/switch-case/Sming/Sming/compiler/lib//libsming.a(TcpConnection.o)
 .bss.WifiAccessPoint
                0x000000003fff104c        0x8 /home/vagrant/switch-case/Sming/Sming/compiler/lib//libsming.a(AccessPoint.o)
                0x000000003fff104c                WifiAccessPoint
 .bss._ZL5ESP01
                0x000000003fff1054       0x30 /home/vagrant/switch-case/Sming/Sming/compiler/lib//libsming.a(AccessPoint.o)
 .bss._ZL11INADDR_NONE
                0x000000003fff1084        0x8 /home/vagrant/switch-case/Sming/Sming/compiler/lib//libsming.a(AccessPoint.o)
 .bss.WifiStation
                0x000000003fff108c       0x20 /home/vagrant/switch-case/Sming/Sming/compiler/lib//libsming.a(Station.o)
                0x000000003fff108c                WifiStation
 .bss._ZL5ESP01
                0x000000003fff10ac       0x30 /home/vagrant/switch-case/Sming/Sming/compiler/lib//libsming.a(Station.o)
 .bss._ZL11INADDR_NONE
                0x000000003fff10dc        0x8 /home/vagrant/switch-case/Sming/Sming/compiler/lib//libsming.a(Station.o)
 .bss.WDT       0x000000003fff10e4        0x8 /home/vagrant/switch-case/Sming/Sming/compiler/lib//libsming.a(WDT.o)
                0x000000003fff10e4                WDT
 *fill*         0x000000003fff10ec        0x4 
 .bss._ZN11ArduinoJson11JsonVariant8_invalidE
                0x000000003fff10f0       0x10 /home/vagrant/switch-case/Sming/Sming/compiler/lib//libsming.a(ArduinoJson.o)
                0x000000003fff10f0                _ZN11ArduinoJson11JsonVariant8_invalidE
 .bss._ZN11ArduinoJson10JsonObject8_invalidE
                0x000000003fff1100        0x8 /home/vagrant/switch-case/Sming/Sming/compiler/lib//libsming.a(ArduinoJson.o)
                0x000000003fff1100                _ZN11ArduinoJson10JsonObject8_invalidE
 .bss._ZN11ArduinoJson17JsonStringStorage8_invalidE
                0x000000003fff1108        0x8 /home/vagrant/switch-case/Sming/Sming/compiler/lib//libsming.a(ArduinoJson.o)
                0x000000003fff1108                _ZN11ArduinoJson17JsonStringStorage8_invalidE
 .bss._ZN11ArduinoJson9JsonArray8_invalidE
                0x000000003fff1110        0x8 /home/vagrant/switch-case/Sming/Sming/compiler/lib//libsming.a(ArduinoJson.o)
                0x000000003fff1110                _ZN11ArduinoJson9JsonArray8_invalidE
 .bss._ZL11INADDR_NONE
                0x000000003fff1118        0x8 /home/vagrant/switch-case/Sming/Sming/compiler/lib//libsming.a(CommandExecutor.o)
 .bss.commandHandler
                0x000000003fff1120        0x4 /home/vagrant/switch-case/Sming/Sming/compiler/lib//libsming.a(CommandHandler.o)
                0x000000003fff1120                commandHandler
 .bss._ZL11INADDR_NONE
                0x000000003fff1124        0x8 /home/vagrant/switch-case/Sming/Sming/compiler/lib//libsming.a(CommandHandler.o)
 .bss._ZL11INADDR_NONE
                0x000000003fff112c        0x8 /home/vagrant/switch-case/Sming/Sming/compiler/lib//libsming.a(CommandOutput.o)
 .bss._ZL11INADDR_NONE
                0x000000003fff1134        0x8 /home/vagrant/switch-case/Sming/Sming/compiler/lib//libsming.a(Clock.o)
 .bss._ZL11INADDR_NONE
                0x000000003fff113c        0x8 /home/vagrant/switch-case/Sming/Sming/compiler/lib//libsming.a(DataSourceStream.o)
 *fill*         0x000000003fff1144        0x4 
 .bss.SystemClock
                0x000000003fff1148       0x18 /home/vagrant/switch-case/Sming/Sming/compiler/lib//libsming.a(SystemClock.o)
                0x000000003fff1148                SystemClock
 .bss._ZL11INADDR_NONE
                0x000000003fff1160        0x8 /home/vagrant/switch-case/Sming/Sming/compiler/lib//libsming.a(SystemClock.o)
 .bss.RTC       0x000000003fff1168        0x1 /home/vagrant/switch-case/Sming/Sming/compiler/lib//libsming.a(RTC.o)
                0x000000003fff1168                RTC
 *fill*         0x000000003fff1169        0x3 
 .bss._ZL11INADDR_NONE
                0x000000003fff116c        0x8 /home/vagrant/switch-case/Sming/Sming/compiler/lib//libsming.a(CommandDelegate.o)
 .bss._ZL5ESP01
                0x000000003fff1174       0x30 /home/vagrant/switch-case/Sming/Sming/compiler/lib//libsming.a(DateTime.o)
 .bss._ZL11INADDR_NONE
                0x000000003fff11a4        0x8 /home/vagrant/switch-case/Sming/Sming/compiler/lib//libsming.a(DateTime.o)
 *(.gnu.linkonce.b.*)
 *(COMMON)
 COMMON         0x000000003fff11ac       0x64 /home/vagrant/switch-case/Sming/Sming/compiler/lib//libsming.a(spiffs.o)
                0x000000003fff11ac                _filesystemStorageHandle
                0x000000003fff1210                . = ALIGN (0x8)
                0x000000003fff1210                _bss_end = ABSOLUTE (.)
                0x000000003fff1210                _heap_start = ABSOLUTE (.)

.irom0.text     0x0000000040209000    0x34a5e
                0x0000000040209000                _irom0_text_start = ABSOLUTE (.)
 *(.irom0.literal .irom.literal .irom.text.literal .irom0.text .irom.text)
 .irom0.text    0x0000000040209000      0x769 /home/vagrant/esp-open-sdk/sdk/lib/libmain.a(app_main.o)
                                        0x8d5 (size before relaxing)
                0x00000000402091e8                wdt_init
                0x0000000040209274                user_uart_wait_tx_fifo_empty
                0x0000000040209340                user_rf_pre_init
 *fill*         0x0000000040209769        0x3 
 .irom0.text    0x000000004020976c      0x186 /home/vagrant/esp-open-sdk/sdk/lib/libmain.a(ets_timer.o)
                                        0x1b2 (size before relaxing)
                0x0000000040209774                ets_timer_done
                0x00000000402097c0                ets_timer_handler_isr
                0x0000000040209890                ets_timer_init
 *fill*         0x00000000402098f2        0x2 
 .irom0.text    0x00000000402098f4       0x4e /home/vagrant/esp-open-sdk/sdk/lib/libmain.a(mem_manager.o)
                                         0x52 (size before relaxing)
                0x00000000402098f8                xPortGetFreeHeapSize
                0x0000000040209900                vPortInitialiseBlocks
 *fill*         0x0000000040209942        0x2 
 .irom0.text    0x0000000040209944     0x2b59 /home/vagrant/esp-open-sdk/sdk/lib/libmain.a(user_interface.o)
                                       0x3399 (size before relaxing)
                0x0000000040209948                system_set_os_print
                0x0000000040209958                system_get_os_print
                0x0000000040209b20                system_pp_recycle_rx_pkt
                0x0000000040209b34                system_adc_read
                0x0000000040209b4c                system_get_vdd33
                0x0000000040209b78                system_restart_local
                0x0000000040209c4c                system_restart
                0x0000000040209ca4                system_restore
                0x0000000040209d00                system_get_flash_size_map
                0x0000000040209d20                system_get_boot_version
                0x0000000040209d58                system_get_test_result
                0x0000000040209d80                system_get_userbin_addr
                0x0000000040209e18                system_get_boot_mode
                0x0000000040209e48                system_restart_enhance
                0x0000000040209f78                system_upgrade_userbin_set
                0x0000000040209fc4                system_upgrade_userbin_check
                0x000000004020a004                system_upgrade_flag_set
                0x000000004020a018                system_upgrade_flag_check
                0x000000004020a040                system_upgrade_reboot
                0x000000004020a150                system_deep_sleep
                0x000000004020a1b0                system_deep_sleep_set_option
                0x000000004020a1cc                system_phy_temperature_alert
                0x000000004020a1e0                system_phy_set_max_tpw
                0x000000004020a1f4                system_phy_set_tpw_via_vdd33
                0x000000004020a208                system_phy_set_rfoption
                0x000000004020a220                system_update_cpu_freq
                0x000000004020a27c                system_get_cpu_freq
                0x000000004020a294                system_overclock
                0x000000004020a2c0                system_restoreclock
                0x000000004020a2f0                system_timer_reinit
                0x000000004020a308                system_relative_time
                0x000000004020a328                system_station_got_ip_set
                0x000000004020a430                system_print_meminfo
                0x000000004020a490                system_get_free_heap_size
                0x000000004020a4a8                system_get_chip_id
                0x000000004020a4cc                system_rtc_clock_cali_proc
                0x000000004020a4e0                system_get_rtc_time
                0x000000004020a4f4                system_mktime
                0x000000004020a5c4                system_init_done_cb
                0x000000004020a5cc                system_get_rst_info
                0x000000004020a5d4                system_get_data_of_array_8
                0x000000004020a5f8                system_get_data_of_array_16
                0x000000004020a624                system_get_string_from_flash
                0x000000004020a690                wifi_softap_dhcps_start
                0x000000004020a6d8                wifi_softap_dhcps_stop
                0x000000004020a718                wifi_softap_dhcps_status
                0x000000004020a720                wifi_station_dhcpc_start
                0x000000004020a778                wifi_station_dhcpc_stop
                0x000000004020a7b8                wifi_station_dhcpc_status
                0x000000004020a824                wifi_get_opmode
                0x000000004020a838                wifi_get_opmode_default
                0x000000004020a8b4                wifi_get_broadcast_if
                0x000000004020a8f0                wifi_set_broadcast_if
                0x000000004020aa00                wifi_set_opmode
                0x000000004020aa14                wifi_set_opmode_current
                0x000000004020aa28                system_get_checksum
                0x000000004020aa68                wifi_param_save_protect_with_check
                0x000000004020aaf0                system_param_save_with_protect
                0x000000004020ab98                system_save_sys_param
                0x000000004020abc4                system_param_load
                0x000000004020acf0                wifi_station_get_config
                0x000000004020ad04                wifi_station_get_config_default
                0x000000004020ad24                wifi_station_get_ap_info
                0x000000004020addc                wifi_station_ap_number_set
                0x000000004020b080                wifi_station_set_config
                0x000000004020b094                wifi_station_set_config_current
                0x000000004020b0a8                wifi_station_get_current_ap_id
                0x000000004020b0bc                wifi_station_ap_check
                0x000000004020b0f4                wifi_station_ap_change
                0x000000004020b1e8                wifi_station_scan
                0x000000004020b234                wifi_station_get_auto_connect
                0x000000004020b248                wifi_station_set_auto_connect
                0x000000004020b29c                wifi_station_connect
                0x000000004020b330                wifi_station_disconnect
                0x000000004020b3f0                wifi_station_get_connect_status
                0x000000004020b420                wifi_station_set_reconnect_policy
                0x000000004020b438                wifi_station_get_reconnect_policy
                0x000000004020b440                wifi_station_get_rssi
                0x000000004020b488                wifi_station_set_default_hostname
                0x000000004020b4e0                wifi_station_get_hostname
                0x000000004020b508                wifi_station_set_hostname
                0x000000004020b594                wifi_softap_cacl_mac
                0x000000004020b600                wifi_softap_set_default_ssid
                0x000000004020b7c8                wifi_softap_get_config
                0x000000004020b7dc                wifi_softap_get_config_default
                0x000000004020ba44                wifi_softap_set_config
                0x000000004020ba58                wifi_softap_set_config_current
                0x000000004020ba6c                wifi_softap_set_station_info
                0x000000004020bad4                wifi_softap_get_station_info
                0x000000004020bb7c                wifi_softap_free_station_info
                0x000000004020bbb8                wifi_softap_get_station_num
                0x000000004020bc0c                wifi_softap_deauth
                0x000000004020bcbc                wifi_softap_get_beacon_only_mode
                0x000000004020bcd0                wifi_softap_set_beacon_only_mode
                0x000000004020bd38                wifi_set_user_ie
                0x000000004020bda8                wifi_get_user_ie
                0x000000004020bdb8                wifi_get_phy_mode
                0x000000004020bdc0                wifi_set_phy_mode
                0x000000004020be88                wifi_set_sleep_type
                0x000000004020bea4                wifi_get_sleep_type
                0x000000004020bebc                wifi_get_channel
                0x000000004020bed4                wifi_set_channel
                0x000000004020bf18                wifi_promiscuous_set_mac
                0x000000004020bf78                wifi_promiscuous_enable
                0x000000004020c05c                wifi_set_promiscuous_rx_cb
                0x000000004020c06c                wifi_get_ip_info
                0x000000004020c0ec                wifi_set_ip_info
                0x000000004020c160                wifi_get_macaddr
                0x000000004020c1c0                wifi_set_macaddr
                0x000000004020c2a8                wifi_enable_6m_rate
                0x000000004020c2b0                wifi_get_user_fixed_rate
                0x000000004020c2d0                wifi_set_user_fixed_rate
                0x000000004020c2f0                wifi_send_pkt_freedom
                0x000000004020c348                wifi_status_led_install
                0x000000004020c37c                wifi_status_led_uninstall
                0x000000004020c3a0                wifi_set_status_led_output_level
                0x000000004020c3b4                wifi_set_event_handler_cb
                0x000000004020c3c4                system_os_task
                0x000000004020c404                system_uart_swap
                0x000000004020c464                system_uart_de_swap
                0x000000004020c498                system_get_sdk_version
 *fill*         0x000000004020c49d        0x3 
 .irom0.text    0x000000004020c4a0      0x5eb /home/vagrant/esp-open-sdk/sdk/lib/libmain.a(eagle_lib.o)
                                        0x5fb (size before relaxing)
                0x000000004020c4a4                divide
                0x000000004020c4e0                skip_atoi
                0x000000004020c660                ets_vsnprintf
                0x000000004020c9c0                ets_vsprintf
                0x000000004020c9e4                ets_sprintf
                0x000000004020ca0c                ets_strcat
                0x000000004020ca2c                ets_strrchr
                0x000000004020ca58                ets_strchr
                0x000000004020ca70                bit_popcount
 *fill*         0x000000004020ca8b        0x1 
 .irom0.text    0x000000004020ca8c      0x2c6 /home/vagrant/esp-open-sdk/sdk/lib/libmain.a(eagle_lwip_if.o)
                                        0x366 (size before relaxing)
                0x000000004020cb3c                eagle_lwip_if_alloc
                0x000000004020ccd4                eagle_lwip_if_free
                0x000000004020cd30                eagle_lwip_getif
 *fill*         0x000000004020cd52        0x2 
 .irom0.literal
                0x000000004020cd54        0x8 /home/vagrant/switch-case/Sming/Sming/compiler/lib//libmicroc.a(strtod.o)
                                         0x10 (size before relaxing)
 .irom0.literal
                0x000000004020cd5c        0x0 /home/vagrant/switch-case/Sming/Sming/compiler/lib//libmicroc.a(strchr.o)
                                          0x4 (size before relaxing)
 .irom0.literal
                0x000000004020cd5c        0xc /home/vagrant/switch-case/Sming/Sming/compiler/lib//libmicroc.a(strchrnul.o)
 .irom0.literal
                0x000000004020cd68        0x4 /home/vagrant/switch-case/Sming/Sming/compiler/lib//libmicroc.a(malloc.o)
                                         0x14 (size before relaxing)
 .irom0.literal
                0x000000004020cd6c        0x4 /home/vagrant/switch-case/Sming/Sming/compiler/lib//libmicroc.a(abort.o)
                                          0x8 (size before relaxing)
 .irom0.literal
                0x000000004020cd70       0xac /home/vagrant/switch-case/Sming/Sming/compiler/lib//libmicroc.a(floatscan.o)
                                        0x294 (size before relaxing)
 .irom0.literal
                0x000000004020ce1c        0x0 /home/vagrant/switch-case/Sming/Sming/compiler/lib//libmicroc.a(shgetc.o)
                                          0x4 (size before relaxing)
 .irom0.literal
                0x000000004020ce1c        0x0 /home/vagrant/switch-case/Sming/Sming/compiler/lib//libmicroc.a(__uflow.o)
                                          0x4 (size before relaxing)
 .irom0.literal
                0x000000004020ce1c        0x0 /home/vagrant/switch-case/Sming/Sming/compiler/lib//libmicroc.a(__toread.o)
                                          0x4 (size before relaxing)
 .irom0.literal
                0x000000004020ce1c        0x0 /home/vagrant/switch-case/Sming/Sming/compiler/lib//libmicroc.a(fmodl.o)
                                          0x4 (size before relaxing)
 .irom0.literal
                0x000000004020ce1c        0x4 /home/vagrant/switch-case/Sming/Sming/compiler/lib//libmicroc.a(scalbn.o)
                                         0x24 (size before relaxing)
 .irom0.literal
                0x000000004020ce20        0x0 /home/vagrant/switch-case/Sming/Sming/compiler/lib//libmicroc.a(scalbnl.o)
                                          0x4 (size before relaxing)
 .irom0.literal
                0x000000004020ce20        0x4 /home/vagrant/switch-case/Sming/Sming/compiler/lib//libmicroc.a(__errno_location.o)
 .irom0.literal
                0x000000004020ce24       0x18 /home/vagrant/switch-case/Sming/Sming/compiler/lib//libmicroc.a(fmod.o)
                                         0x38 (size before relaxing)
 .irom0.literal
                0x000000004020ce3c        0x0 /home/vagrant/switch-case/Sming/Sming/compiler/lib//libmicroc.a(strtol.o)
                                         0x2c (size before relaxing)
 .irom0.literal
                0x000000004020ce3c       0x1c /home/vagrant/switch-case/Sming/Sming/compiler/lib//libmicroc.a(intscan.o)
                                         0x84 (size before relaxing)
 .irom0.literal
                0x000000004020ce58        0x4 /home/vagrant/switch-case/Sming/Sming/compiler/lib//libmicrogcc.a(_divsf3.o)
                                         0x10 (size before relaxing)
 .irom0.text    0x000000004020ce5c       0xad /home/vagrant/switch-case/Sming/Sming/compiler/lib//libmicroc.a(strtod.o)
                                         0xb1 (size before relaxing)
                0x000000004020cec8                strtof
                0x000000004020cee4                strtod
                0x000000004020cef8                strtold
 *fill*         0x000000004020cf09        0x3 
 .irom0.text    0x000000004020cf0c       0x25 /home/vagrant/switch-case/Sming/Sming/compiler/lib//libmicroc.a(strchr.o)
                                         0x29 (size before relaxing)
                0x000000004020cf0c                strchr
 *fill*         0x000000004020cf31        0x3 
 .irom0.text    0x000000004020cf34       0x75 /home/vagrant/switch-case/Sming/Sming/compiler/lib//libmicroc.a(strchrnul.o)
                0x000000004020cf34                __strchrnul
                0x000000004020cf34                strchrnul
 *fill*         0x000000004020cfa9        0x3 
 .irom0.text    0x000000004020cfac       0x65 /home/vagrant/switch-case/Sming/Sming/compiler/lib//libmicroc.a(malloc.o)
                0x000000004020cfac                malloc
                0x000000004020cfc0                free
                0x000000004020cfd4                realloc
                0x000000004020cfe8                zalloc
                0x000000004020cffc                calloc
 *fill*         0x000000004020d011        0x3 
 .irom0.text    0x000000004020d014       0x11 /home/vagrant/switch-case/Sming/Sming/compiler/lib//libmicroc.a(abort.o)
                0x000000004020d014                abort
 *fill*         0x000000004020d025        0x3 
 .irom0.text    0x000000004020d028     0x12e0 /home/vagrant/switch-case/Sming/Sming/compiler/lib//libmicroc.a(floatscan.o)
                                       0x1320 (size before relaxing)
                0x000000004020db38                __floatscan
 .irom0.text    0x000000004020e308       0x95 /home/vagrant/switch-case/Sming/Sming/compiler/lib//libmicroc.a(shgetc.o)
                0x000000004020e308                __shlim
                0x000000004020e328                __shgetc
 *fill*         0x000000004020e39d        0x3 
 .irom0.text    0x000000004020e3a0       0x39 /home/vagrant/switch-case/Sming/Sming/compiler/lib//libmicroc.a(__uflow.o)
                0x000000004020e3a0                __uflow
 *fill*         0x000000004020e3d9        0x3 
 .irom0.text    0x000000004020e3dc       0x67 /home/vagrant/switch-case/Sming/Sming/compiler/lib//libmicroc.a(__toread.o)
                                         0x6b (size before relaxing)
                0x000000004020e3dc                __toread
                0x000000004020e434                __toread_needs_stdio_exit
 *fill*         0x000000004020e443        0x1 
 .irom0.text    0x000000004020e444        0xf /home/vagrant/switch-case/Sming/Sming/compiler/lib//libmicroc.a(fmodl.o)
                                         0x13 (size before relaxing)
                0x000000004020e444                fmodl
 *fill*         0x000000004020e453        0x1 
 .irom0.text    0x000000004020e454       0x8f /home/vagrant/switch-case/Sming/Sming/compiler/lib//libmicroc.a(scalbn.o)
                0x000000004020e454                scalbn
 *fill*         0x000000004020e4e3        0x1 
 .irom0.text    0x000000004020e4e4        0xf /home/vagrant/switch-case/Sming/Sming/compiler/lib//libmicroc.a(scalbnl.o)
                                         0x13 (size before relaxing)
                0x000000004020e4e4                scalbnl
 *fill*         0x000000004020e4f3        0x1 
 .irom0.text    0x000000004020e4f4        0x5 /home/vagrant/switch-case/Sming/Sming/compiler/lib//libmicroc.a(__errno_location.o)
                0x000000004020e4f4                __errno_location
 *fill*         0x000000004020e4f9        0x3 
 .irom0.text    0x000000004020e4fc      0x1e9 /home/vagrant/switch-case/Sming/Sming/compiler/lib//libmicroc.a(fmod.o)
                0x000000004020e4fc                fmod
 *fill*         0x000000004020e6e5        0x3 
 .irom0.text    0x000000004020e6e8       0xfa /home/vagrant/esp-open-sdk/sdk/lib/libphy.a(phy.o)
                                        0x11e (size before relaxing)
                0x000000004020e6ec                rf_init
                0x000000004020e708                bb_init
                0x000000004020e720                phy_init
                0x000000004020e750                RFChannelSel
                0x000000004020e76c                phy_delete_channel
                0x000000004020e784                phy_enable_agc
                0x000000004020e79c                phy_disable_agc
                0x000000004020e7b4                phy_initialize_bb
                0x000000004020e7cc                phy_set_sense
 *fill*         0x000000004020e7e2        0x2 
 .irom0.text    0x000000004020e7e4     0x174f /home/vagrant/esp-open-sdk/sdk/lib/libphy.a(phy_chip_v6_ana.o)
                                       0x193f (size before relaxing)
                0x000000004020e7e8                ram_pbus_set_rxgain
                0x000000004020e8c4                ram_pbus_debugmode
                0x000000004020e978                ram_pbus_xpd_tx_on
                0x000000004020e9e4                set_rf_freq_offset
                0x000000004020ea54                chip_v6_rxmax_ext_ana
                0x000000004020eba8                ram_chip_v6_rx_init
                0x000000004020ebdc                tsen_meas
                0x000000004020ec8c                readvdd33
                0x000000004020ee58                txpwr_offset
                0x000000004020ef14                set_txcap_reg
                0x000000004020ef94                ram_ana_inf_gating_en
                0x000000004020f0f4                ram_restart_cal
                0x000000004020f160                wait_rfpll_cal_end
                0x000000004020f1e0                ram_rfpll_set_freq
                0x000000004020f2ec                ram_set_channel_freq
                0x000000004020f5ec                chip_60_set_channel
                0x000000004020f7b4                chip_v6_set_chan_offset
                0x000000004020f7f8                chip_v6_set_chan
                0x000000004020f898                chip_v6_set_chan_wakeup
                0x000000004020f914                chip_v6_rf_init
                0x000000004020fb20                low_power_set
                0x000000004020fb74                test_tout
                0x000000004020fcec                check_data_flag
                0x000000004020fd10                phy_get_check_flag
                0x000000004020fe80                phy_get_vdd33
 *fill*         0x000000004020ff33        0x1 
 .irom0.text    0x000000004020ff34     0x3aee /home/vagrant/esp-open-sdk/sdk/lib/libphy.a(phy_chip_v6.o)
                                       0x4106 (size before relaxing)
                0x000000004020ff34                ram_tx_mac_enable
                0x000000004020ff38                rtc_mem_backup
                0x000000004020ff68                rtc_mem_recovery
                0x000000004020ff98                set_cal_rxdc
                0x000000004021004c                set_rx_gain_cal_iq
                0x00000000402103a4                gen_rx_gain_table
                0x00000000402104e4                pbus_set_rxbbgain
                0x0000000040210564                set_rx_gain_testchip_50
                0x00000000402108a0                ram_get_corr_power
                0x0000000040210990                check_data_func
                0x00000000402109b0                do_noisefloor_lsleep_v50
                0x00000000402109e4                do_noisefloor
                0x0000000040210a54                start_dig_rx
                0x0000000040210a98                stop_dig_rx
                0x0000000040210ac4                chip_v6_set_chanfreq
                0x0000000040210afc                tx_cap_init
                0x0000000040210cb4                target_power_add_backoff
                0x0000000040210d04                tx_pwctrl_init_cal
                0x0000000040210e6c                tx_atten_set_interp
                0x00000000402110e4                tx_pwctrl_init
                0x00000000402111d8                ram_get_noisefloor
                0x00000000402111f4                get_noisefloor_sat
                0x0000000040211224                ram_set_noise_floor
                0x0000000040211280                ram_start_noisefloor
                0x00000000402112cc                read_hw_noisefloor
                0x00000000402112f8                noise_check_loop
                0x0000000040211454                noise_init
                0x0000000040211650                target_power_backoff
                0x00000000402116a4                sdt_on_noise_start
                0x0000000040211728                chip_v6_set_chan_rx_cmp
                0x00000000402118b4                chip_v6_set_chan_misc
                0x000000004021193c                phy_dig_spur_set
                0x0000000040211c94                phy_dig_spur_prot
                0x0000000040211ecc                chip_v6_rxmax_ext_dig
                0x0000000040211f18                chip_v6_rxmax_ext
                0x0000000040211fcc                phy_bb_rx_cfg
                0x00000000402123d0                uart_wait_idle
                0x0000000040212408                phy_pbus_soc_cfg
                0x00000000402124cc                phy_gpio_cfg
                0x0000000040212814                tx_cont_en
                0x00000000402128bc                tx_cont_dis
                0x0000000040212910                tx_cont_cfg
                0x0000000040212930                chip_v6_initialize_bb
                0x0000000040212a9c                periodic_cal
                0x0000000040212b80                bbpll_cal
                0x0000000040212c14                periodic_cal_top
                0x0000000040212c78                register_chipv6_phy_init_param
                0x0000000040212f18                change_bbpll160_sleep
                0x0000000040213008                change_bbpll160
                0x0000000040213040                set_crystal_uart
                0x00000000402130d4                ant_switch_init
                0x0000000040213180                reduce_current_init
                0x00000000402131e8                rtc_mem_check
                0x0000000040213224                phy_afterwake_set_rfoption
                0x0000000040213258                deep_sleep_set_option
                0x0000000040213284                write_data_to_rtc
                0x00000000402132bc                get_data_from_rtc
                0x0000000040213348                register_chipv6_phy
                0x0000000040213720                set_dpd_bypass
                0x0000000040213748                set_rf_gain_stage10
                0x0000000040213778                get_vdd33_offset
                0x00000000402137ec                get_phy_target_power
                0x00000000402138a0                set_most_pwr_reg
                0x0000000040213974                phy_set_most_tpw
                0x0000000040213998                phy_vdd33_set_tpw
                0x00000000402139b0                get_adc_rand
                0x00000000402139e4                phy_get_rand
                0x00000000402139fc                phy_tx_pwctrl_cali
 *fill*         0x0000000040213a22        0x2 
 .irom0.text    0x0000000040213a24     0x21a0 /home/vagrant/esp-open-sdk/sdk/lib/libphy.a(phy_chip_v6_cal.o)
                                       0x23f0 (size before relaxing)
                0x0000000040213a24                txbbgain2dcoindex
                0x0000000040213a44                dcoindex2txbbgain
                0x0000000040213a68                init_cal_dcoffset
                0x0000000040213b2c                set_rfanagain_dc_reg
                0x0000000040213bc8                set_txdc_pbus
                0x0000000040213c34                get_rf_gain_qdb
                0x0000000040213c5c                correct_rf_ana_gain
                0x0000000040213d64                get_sar_dout
                0x0000000040213dfc                cal_rf_ana_gain
                0x0000000040213ed4                meas_tone_pwr_db
                0x0000000040213f44                tx_pwr_backoff
                0x0000000040214090                get_fcc_1m2m_pwr_offset
                0x00000000402140cc                ram_set_txbb_atten
                0x0000000040214160                txiq_get_mis_pwr
                0x0000000040214204                txiq_cover
                0x0000000040214420                ram_rfcal_txiq
                0x0000000040214690                rc_cal
                0x0000000040214850                get_target_power_offset
                0x0000000040214958                get_pwctrl_correct
                0x00000000402149b4                tx_pwctrl_cal
                0x0000000040214d5c                tx_pwctrl_bg_init
                0x0000000040214dd4                tx_pwctrl_background
                0x0000000040214e88                read_sar_dout
                0x0000000040214eec                ram_get_fm_sar_dout
                0x0000000040214f90                ram_cal_tos_v60
                0x0000000040215170                ram_get_bb_atten
                0x00000000402151a0                ram_rfcal_txcap
                0x0000000040215364                ram_rfcal_pwrctrl
                0x0000000040215580                ram_rxiq_get_mis
                0x0000000040215750                ram_rxiq_cover_mg_mp
                0x00000000402158f4                ram_rfcal_rxiq
                0x0000000040215b00                dpd_scale_set
                0x0000000040215b48                dpd_mem_write
 .irom0.text    0x0000000040215bc4      0xd8e /home/vagrant/esp-open-sdk/sdk/lib/libphy.a(phy_sleep.o)
                                        0xfae (size before relaxing)
                0x0000000040215bc4                pm_usec2rtc
                0x0000000040215bf8                pm_rtc2usec
                0x0000000040215c08                pm_set_sleep_cycles
                0x0000000040215c34                pm_sleep_opt
                0x0000000040215d4c                pm_wakeup_opt
                0x0000000040215d84                get_chip_version
                0x0000000040215dc4                pm_sleep_opt_bb_off
                0x0000000040215e04                pm_sleep_opt_bb_on
                0x0000000040215e50                pm_set_pll_xtal_wait_time
                0x0000000040215e98                pm_prepare_to_sleep
                0x0000000040215ebc                pm_sdio_nidle
                0x0000000040215f30                chg_lslp_mem_opt_8266
                0x0000000040215f60                pm_goto_sleep
                0x00000000402160ac                pm_wait4wakeup
                0x00000000402160e8                pm_open_rf
                0x000000004021612c                pm_sleep_set_mac
                0x00000000402161b0                pm_set_wakeup_mac
                0x000000004021624c                pm_check_mac_idle
                0x00000000402162a4                pm_set_sleep_btco
                0x0000000040216344                pm_set_wakeup_btco
                0x000000004021645c                pm_set_sleep_mode
                0x0000000040216578                pm_unmask_bt
                0x00000000402165e0                pm_wakeup_init
                0x00000000402167f4                sleep_opt_8266
                0x0000000040216814                sleep_opt_bb_on_8266
                0x0000000040216850                sleep_reset_analog_rtcreg_8266
 *fill*         0x0000000040216952        0x2 
 .irom0.text    0x0000000040216954      0x401 /home/vagrant/esp-open-sdk/sdk/lib/libpp.a(if_hwctrl.o)
                                        0x4f9 (size before relaxing)
                0x0000000040216958                ic_get_addr
                0x0000000040216964                ic_set_opmode
                0x0000000040216978                ic_enable_interface
                0x00000000402169c8                ic_interface_enabled
                0x00000000402169dc                ic_disable_interface
                0x0000000040216a24                ic_is_pure_sta
                0x0000000040216a40                ic_get_ptk_alg
                0x0000000040216a50                ic_get_gtk_alg
                0x0000000040216a60                ic_set_ptk_alg
                0x0000000040216a70                ic_set_gtk_alg
                0x0000000040216a80                ic_interface_is_p2p
                0x0000000040216b10                ic_set_vif
                0x0000000040216bac                ic_set_sta
                0x0000000040216c64                ic_bss_info_update
                0x0000000040216cc0                ic_set_key
                0x0000000040216d1c                ic_remove_key
                0x0000000040216d30                ic_get_rssi
 *fill*         0x0000000040216d55        0x3 
 .irom0.text    0x0000000040216d58       0xfc /home/vagrant/esp-open-sdk/sdk/lib/libpp.a(lmac.o)
                                        0x114 (size before relaxing)
                0x0000000040216d5c                lmacInitAc
                0x0000000040216d90                lmacInit
                0x0000000040216e38                lmacSetRetryLimit
 .irom0.text    0x0000000040216e54     0x19c5 /home/vagrant/esp-open-sdk/sdk/lib/libpp.a(pm.o)
                                       0x1f41 (size before relaxing)
                0x0000000040216e5c                pm_rtc_clock_cali_proc
                0x0000000040216e94                pm_get_ck170_period
                0x0000000040216eb8                pm_set_sleep_time
                0x0000000040217170                pm_rf_is_closed
                0x00000000402171a0                pm_set_sleep_type_from_upper
                0x0000000040217290                pm_get_sleep_type
                0x0000000040217464                uart_tx_flush
                0x0000000040217468                pm_suspend
                0x00000000402176a4                pm_shutdown
                0x0000000040217780                pm_reset_idle_sleep
                0x00000000402177c0                pm_idle_sleep
                0x00000000402177cc                pm_open
                0x00000000402178ac                pm_onBcnRx
                0x0000000040217c40                StopLightSleepSetFunc
                0x0000000040217c48                LightSleepWakedCbSetFunc
                0x000000004021823c                pm_enable_gpio_wakeup
                0x0000000040218274                pm_attach
                0x0000000040218368                pm_send_nullfunc
                0x000000004021850c                pm_is_waked
                0x0000000040218524                pm_is_open
                0x000000004021853c                pm_scan_lock
                0x0000000040218564                pm_try_scan_unlock
                0x000000004021857c                pm_force_scan_unlock
                0x0000000040218638                pm_scan_unlocked
                0x000000004021864c                pm_allow_tx
                0x0000000040218668                pm_assoc_parse
                0x0000000040218680                pm_set_addr
                0x00000000402186a0                pm_sleep_for
                0x00000000402186d4                pm_post
                0x00000000402187d8                pm_get_idle_wait_time
 *fill*         0x0000000040218819        0x3 
 .irom0.text    0x000000004021881c      0x991 /home/vagrant/esp-open-sdk/sdk/lib/libpp.a(pm_for_bcn_only_mode.o)
                                        0xcc9 (size before relaxing)
                0x0000000040218830                fpm_set_type_from_upper
                0x00000000402188ec                fpm_get_slp_type
                0x00000000402188f4                fpm_rf_is_closed
                0x0000000040218908                fpm_is_open
                0x0000000040218914                fpm_allow_tx
                0x0000000040218938                fpm_close
                0x00000000402189b4                fpm_open
                0x0000000040218a1c                fpm_attach
                0x0000000040218cb0                fpm_do_wakeup
                0x0000000040219134                fpm_do_sleep
 *fill*         0x00000000402191ad        0x3 
 .irom0.text    0x00000000402191b0     0x13e6 /home/vagrant/esp-open-sdk/sdk/lib/libpp.a(pp.o)
                                       0x1746 (size before relaxing)
                0x00000000402191b8                PPWdtReset
                0x00000000402191e4                pp_soft_wdt_init
                0x0000000040219208                system_soft_wdt_feed
                0x0000000040219208                pp_soft_wdt_feed
                0x0000000040219224                pp_soft_wdt_stop
                0x0000000040219224                system_soft_wdt_stop
                0x0000000040219250                pp_soft_wdt_restart
                0x0000000040219250                system_soft_wdt_restart
                0x0000000040219288                RxNodeNum
                0x00000000402192ac                TxNodeNum
                0x00000000402192d0                pp_disable_noise_timer
                0x00000000402192f0                pp_enable_noise_timer
                0x0000000040219400                pp_noise_test
                0x0000000040219410                reset_noise_timer
                0x0000000040219448                pp_disable_idle_timer
                0x000000004021946c                pp_enable_idle_timer
                0x0000000040219494                pp_try_enable_idle_timer
                0x00000000402194cc                ppPeocessRxPktHdr
                0x00000000402197b4                ppTxPkt
                0x00000000402198c8                ppProcessWaitQ
                0x00000000402198d8                ppRegisterTxCallback
                0x0000000040219908                ppUnregisterTxCallback
                0x0000000040219948                ppRecycleRxPkt
                0x00000000402199a8                ppCheckTxIdle
                0x0000000040219c1c                pp_tx_idle_timeout
                0x0000000040219de0                DefFreqCalTimerCB
                0x000000004021a0d0                ppGetTxQFirstAvail_Locked
                0x000000004021a1b4                pp_attach
 *fill*         0x000000004021a596        0x2 
 .irom0.text    0x000000004021a598      0x296 /home/vagrant/esp-open-sdk/sdk/lib/libpp.a(rate_control.o)
                                        0x2a2 (size before relaxing)
                0x000000004021a7e4                RC_SetBasicRate
 *fill*         0x000000004021a82e        0x2 
 .irom0.text    0x000000004021a830      0x3e5 /home/vagrant/esp-open-sdk/sdk/lib/libpp.a(trc.o)
                                        0x43d (size before relaxing)
                0x000000004021a85c                rcUpdatePhyMode
                0x000000004021a940                rcAttach
                0x000000004021a98c                rcGetTrc
                0x000000004021a994                trc_onDisconnect
                0x000000004021a998                trc_onScanStart
                0x000000004021a9ac                trc_onScanDone
                0x000000004021a9c8                rc_enable_trc
                0x000000004021aa90                rc_get_mask
                0x000000004021aaa4                rc_disable_trc
                0x000000004021aaf8                rc_disable_trc_by_interface
                0x000000004021ab14                rc_get_sta_trc
                0x000000004021ab58                rc_get_trc
                0x000000004021abc8                rc_get_trc_by_index
                0x000000004021abe8                rc_only_sta_trc
 *fill*         0x000000004021ac15        0x3 
 .irom0.text    0x000000004021ac18      0xaf3 /home/vagrant/esp-open-sdk/sdk/lib/libpp.a(wdev.o)
                                        0xc4b (size before relaxing)
                0x000000004021ac24                wDev_Option_Init
                0x000000004021ad18                wDev_Enable_Beacon_Tsf
                0x000000004021ad34                wDev_Disable_Beacon_Tsf
                0x000000004021ad50                wDev_Set_Beacon_Int
                0x000000004021ad58                wDev_Reset_TBTT
                0x000000004021ad88                wDev_Get_Next_TBTT
                0x000000004021b000                wDev_Initialize
                0x000000004021b070                wDevForceAck6M
                0x000000004021b08c                wDev_SetMacAddress
                0x000000004021b128                wDev_SetRxPolicy
                0x000000004021b17c                wDev_SetBssid
                0x000000004021b254                wDev_ClearBssid
                0x000000004021b28c                wDev_Insert_KeyEntry
                0x000000004021b380                wDev_remove_KeyEntry
                0x000000004021b3bc                wDev_remove_KeyEntry_all_cnx
                0x000000004021b40c                wDev_Crypto_Conf
                0x000000004021b4a8                wDev_Crypto_Disable
                0x000000004021b4e0                wDevEnableRx
                0x000000004021b508                wdev_go_sniffer
                0x000000004021b5e4                wdev_set_sniffer_addr
                0x000000004021b63c                wdev_exit_sniffer
 *fill*         0x000000004021b70b        0x1 
 .irom0.text    0x000000004021b70c      0x3c7 /home/vagrant/esp-open-sdk/sdk/lib/libpp.a(esf_buf.o)
                                        0x48b (size before relaxing)
                0x000000004021b710                esf_buf_alloc
                0x000000004021b8ac                esf_buf_recycle
                0x000000004021b9cc                esf_buf_setup
 *fill*         0x000000004021bad3        0x1 
 .irom0.text    0x000000004021bad4      0x3ad /home/vagrant/esp-open-sdk/sdk/lib/libnet80211.a(ieee80211.o)
                                        0x461 (size before relaxing)
                0x000000004021bb58                ieee80211_rate_ref_init
                0x000000004021bb68                ieee80211_ifattach
                0x000000004021bbbc                ieee80211_mhz2ieee
                0x000000004021bc18                ieee80211_chan2ieee
                0x000000004021bc34                ieee80211_ieee2mhz
                0x000000004021bc74                ieee80211_find_channel
                0x000000004021bca0                ieee80211_find_channel_byieee
                0x000000004021bcec                wifi_mode_set
 *fill*         0x000000004021be81        0x3 
 .irom0.text    0x000000004021be84       0xc7 /home/vagrant/esp-open-sdk/sdk/lib/libnet80211.a(ieee80211_crypto.o)
                                         0xcf (size before relaxing)
                0x000000004021be84                ieee80211_crypto_attach
                0x000000004021be88                ieee80211_crypto_available
                0x000000004021be8c                ieee80211_crypto_setkey
                0x000000004021be90                ieee80211_crypto_encap
                0x000000004021bee0                ieee80211_crypto_decap
 *fill*         0x000000004021bf4b        0x1 
 .irom0.text    0x000000004021bf4c       0x4c /home/vagrant/esp-open-sdk/sdk/lib/libnet80211.a(ieee80211_ets.o)
                                         0x50 (size before relaxing)
                0x000000004021bf50                ieee80211_getmgtframe
 .irom0.text    0x000000004021bf98     0x1415 /home/vagrant/esp-open-sdk/sdk/lib/libnet80211.a(ieee80211_hostap.o)
                                       0x188c (size before relaxing)
                0x000000004021c43c                ieee80211_hostap_attach
                0x000000004021c518                hostap_handle_timer
                0x000000004021c5ac                hostap_input
                0x000000004021d0cc                wifi_softap_start
                0x000000004021d228                wifi_softap_stop
 *fill*         0x000000004021d3ad        0x3 
 .irom0.text    0x000000004021d3b0      0xa5a /home/vagrant/esp-open-sdk/sdk/lib/libnet80211.a(ieee80211_ht.o)
                                        0xb22 (size before relaxing)
                0x000000004021d3c0                ieee80211_ht_attach
                0x000000004021d410                ieee80211_ht_node_init
                0x000000004021d44c                ieee80211_ht_node_cleanup
                0x000000004021d484                ieee80211_parse_htcap
                0x000000004021d558                ieee80211_ht_updateparams
                0x000000004021d664                ieee80211_setup_htrates
                0x000000004021d730                ieee80211_setup_basic_htrates
                0x000000004021da74                ieee80211_add_htcap
                0x000000004021da90                ieee80211_add_htcap_vendor
                0x000000004021dbb4                ieee80211_add_htinfo
                0x000000004021dbd0                ieee80211_add_htinfo_vendor
 *fill*         0x000000004021de0a        0x2 
 .irom0.text    0x000000004021de0c      0x954 /home/vagrant/esp-open-sdk/sdk/lib/libnet80211.a(ieee80211_input.o)
                                        0x9d0 (size before relaxing)
                0x000000004021de0c                ieee80211_deliver_data
                0x000000004021de60                ieee80211_decap
                0x000000004021df64                ieee80211_setup_rates
                0x000000004021dfd0                ieee80211_alloc_challenge
                0x000000004021e008                ieee80211_parse_beacon
                0x000000004021e4ac                ieee80211_parse_wpa
                0x000000004021e5c0                ieee80211_parse_rsn
                0x000000004021e6c0                ieee80211_parse_action
                0x000000004021e75c                ieee80211_setup_rateset
 .irom0.text    0x000000004021e760     0x186f /home/vagrant/esp-open-sdk/sdk/lib/libnet80211.a(ieee80211_output.o)
                                       0x1b57 (size before relaxing)
                0x000000004021e764                ieee80211_output_pbuf
                0x000000004021e9c0                ieee80211_send_setup
                0x000000004021eaf4                ieee80211_mgmt_output
                0x000000004021ebd8                ieee80211_tx_mgt_cb
                0x000000004021ebdc                ieee80211_send_nulldata
                0x000000004021f038                ieee80211_add_rates
                0x000000004021f070                ieee80211_add_xrates
                0x000000004021f134                ieee80211_send_probereq
                0x000000004021f2e0                ieee80211_getcapinfo
                0x000000004021f338                ieee80211_send_mgmt
                0x000000004021f858                ieee80211_alloc_proberesp
                0x000000004021f9b4                ieee80211_send_proberesp
                0x000000004021faf4                ieee80211_freedom_output
                0x000000004021fe80                ieee80211_beacon_alloc
 *fill*         0x000000004021ffcf        0x1 
 .irom0.text    0x000000004021ffd0       0xb6 /home/vagrant/esp-open-sdk/sdk/lib/libnet80211.a(ieee80211_phy.o)
                                         0xd2 (size before relaxing)
                0x000000004021ffd0                ieee80211_phy_init
                0x0000000040220004                ieee80211_phy_type_get
                0x000000004022001c                ieee80211_setup_ratetable
 *fill*         0x0000000040220086        0x2 
 .irom0.text    0x0000000040220088      0x1b6 /home/vagrant/esp-open-sdk/sdk/lib/libnet80211.a(ieee80211_power.o)
                                        0x1f2 (size before relaxing)
                0x0000000040220088                ieee80211_psq_init