Archive member included because of file (symbol)

/opt/esp-open-sdk/sdk/lib/libmain.a(debug-vector.o)
                              (_DebugExceptionVector)
/opt/esp-open-sdk/sdk/lib/libmain.a(double-vector.o)
                              (_DoubleExceptionVector)
/opt/esp-open-sdk/sdk/lib/libmain.a(kernel-vector.o)
                              (_KernelExceptionVector)
/opt/esp-open-sdk/sdk/lib/libmain.a(nmi-vector.o)
                              (_NMIExceptionVector)
/opt/esp-open-sdk/sdk/lib/libmain.a(user-vector.o)
                              (_UserExceptionVector)
/opt/esp-open-sdk/sdk/lib/libmain.a(vector.o)
                              (call_user_start)
/opt/esp-open-sdk/sdk/lib/libmain.a(app_main.o)
                              /opt/esp-open-sdk/sdk/lib/libmain.a(nmi-vector.o) (NMI_Handler)
/opt/esp-open-sdk/sdk/lib/libmain.a(ets_timer.o)
                              /opt/esp-open-sdk/sdk/lib/libmain.a(app_main.o) (ets_timer_setfn)
/opt/esp-open-sdk/sdk/lib/libmain.a(mem_manager.o)
                              /opt/esp-open-sdk/sdk/lib/libmain.a(app_main.o) (pvPortMalloc)
/opt/esp-open-sdk/sdk/lib/libmain.a(spi_flash.o)
                              /opt/esp-open-sdk/sdk/lib/libmain.a(app_main.o) (spi_flash_read)
/opt/esp-open-sdk/sdk/lib/libmain.a(user_interface.o)
                              /opt/esp-open-sdk/sdk/lib/libmain.a(app_main.o) (done_cb)
/opt/esp-open-sdk/sdk/lib/libmain.a(empty_user_rf_pre_init.o)
                              /opt/esp-open-sdk/sdk/lib/libmain.a(app_main.o) (user_rf_pre_init)
/opt/esp-open-sdk/sdk/lib/libmain.a(eagle_lib.o)
                              /opt/esp-open-sdk/sdk/lib/libmain.a(user_interface.o) (ets_sprintf)
/opt/esp-open-sdk/sdk/lib/libmain.a(eagle_lwip_if.o)
                              /opt/esp-open-sdk/sdk/lib/libmain.a(user_interface.o) (hostname)
../../Sming/Sming/compiler/lib//libsming.a(user_main.o)
                              /opt/esp-open-sdk/sdk/lib/libmain.a(app_main.o) (user_init)
../../Sming/Sming/compiler/lib//libsming.a(System.o)
                              ../../Sming/Sming/compiler/lib//libsming.a(user_main.o) (_ZN11SystemClass10initializeEv)
../../Sming/Sming/compiler/lib//libsming.a(spiffs.o)
                              ../../Sming/Sming/compiler/lib//libsming.a(user_main.o) (spiffs_mount)
../../Sming/Sming/compiler/lib//libsming.a(spiffs_hydrogen.o)
                              ../../Sming/Sming/compiler/lib//libsming.a(spiffs.o) (SPIFFS_mount)
../../Sming/Sming/compiler/lib//libsming.a(spiffs_nucleus.o)
                              ../../Sming/Sming/compiler/lib//libsming.a(spiffs_hydrogen.o) (spiffs_obj_lu_find_entry_visitor)
../../Sming/Sming/compiler/lib//libsming.a(esp_cplusplus.o)
                              ../../Sming/Sming/compiler/lib//libsming.a(user_main.o) (cpp_core_initialize)
../../Sming/Sming/compiler/lib//libsming.a(m_printf.o)
                              ../../Sming/Sming/compiler/lib//libsming.a(spiffs.o) (m_printf)
../../Sming/Sming/compiler/lib//libsming.a(stringconversion.o)
                              ../../Sming/Sming/compiler/lib//libsming.a(m_printf.o) (ltoa_w)
../../Sming/Sming/compiler/lib//libsming.a(IPAddress.o)
                              ../../Sming/Sming/compiler/lib//libsming.a(user_main.o) (_ZN9IPAddressC1Ehhhh)
../../Sming/Sming/compiler/lib//libsming.a(Print.o)
                              ../../Sming/Sming/compiler/lib//libsming.a(IPAddress.o) (_ZN5Print5printEc)
../../Sming/Sming/compiler/lib//libsming.a(WString.o)
                              ../../Sming/Sming/compiler/lib//libsming.a(IPAddress.o) (_ZN6StringD1Ev)
../../Sming/Sming/compiler/lib//libsming.a(Interrupts.o)
                              ../../Sming/Sming/compiler/lib//libsming.a(System.o) (_Z12noInterruptsv)
../../Sming/Sming/compiler/lib//libsming.a(flashmem.o)
                              ../../Sming/Sming/compiler/lib//libsming.a(spiffs.o) (flashmem_erase_sector)
../../Sming/Sming/compiler/lib//libsming.a(spiffs_cache.o)
                              ../../Sming/Sming/compiler/lib//libsming.a(spiffs_hydrogen.o) (spiffs_phys_rd)
../../Sming/Sming/compiler/lib//libsming.a(spiffs_check.o)
                              ../../Sming/Sming/compiler/lib//libsming.a(spiffs_hydrogen.o) (spiffs_lookup_consistency_check)
../../Sming/Sming/compiler/lib//libsming.a(spiffs_gc.o)
                              ../../Sming/Sming/compiler/lib//libsming.a(spiffs_nucleus.o) (spiffs_gc_quick)
../../Sming/Sming/compiler/lib//libsming.a(Digital.o)
                              ../../Sming/Sming/compiler/lib//libsming.a(Interrupts.o) (_Z7pinModeth)
out/build/app_app.a(application.o)
                              ../../Sming/Sming/compiler/lib//libsming.a(user_main.o) (_Z4initv)
../../Sming/Sming/compiler/lib//libmicroc.a(isspace.o)
                              ../../Sming/Sming/compiler/lib//libsming.a(WString.o) (isspace)
../../Sming/Sming/compiler/lib//libmicroc.a(tolower.o)
[...]
Memory Configuration

Name             Origin             Length             Attributes
dport0_0_seg     0x000000003ff00000 0x0000000000000010
dram0_0_seg      0x000000003ffe8000 0x0000000000014000
iram1_0_seg      0x0000000040100000 0x0000000000008000
irom0_0_seg      0x0000000040209000 0x0000000000042000
*default*        0x0000000000000000 0xffffffffffffffff

Linker script and memory map

START GROUP
LOAD ../../Sming/Sming/compiler/lib//libmicroc.a
LOAD ../../Sming/Sming/compiler/lib//libmicrogcc.a
LOAD /opt/esp-open-sdk/xtensa-lx106-elf/bin/../xtensa-lx106-elf/sysroot/usr/lib/libhal.a
LOAD /opt/esp-open-sdk/sdk/lib/libphy.a
LOAD /opt/esp-open-sdk/sdk/lib/libpp.a
LOAD /opt/esp-open-sdk/sdk/lib/libnet80211.a
LOAD /opt/esp-open-sdk/sdk/lib/liblwip.a
LOAD /opt/esp-open-sdk/sdk/lib/libwpa.a
LOAD /opt/esp-open-sdk/sdk/lib/libmain.a
LOAD ../../Sming/Sming/compiler/lib//libsming.a
LOAD out/build/app_app.a
END GROUP
                0x0000000040000000                PROVIDE (_memmap_vecbase_reset, 0x40000000)
                0x0000000000000110                _memmap_cacheattr_wb_base = 0x110
                0x0000000000000110                _memmap_cacheattr_wt_base = 0x110
                0x0000000000000220                _memmap_cacheattr_bp_base = 0x220
                0x00000000fffff00f                _memmap_cacheattr_unused_mask = 0xfffff00f
                0x000000002222211f                _memmap_cacheattr_wb_trapnull = 0x2222211f
                0x000000002222211f                _memmap_cacheattr_wba_trapnull = 0x2222211f
                0x000000002222211f                _memmap_cacheattr_wbna_trapnull = 0x2222211f
                0x000000002222211f                _memmap_cacheattr_wt_trapnull = 0x2222211f
                0x000000002222222f                _memmap_cacheattr_bp_trapnull = 0x2222222f
                0x00000000fffff11f                _memmap_cacheattr_wb_strict = 0xfffff11f
                0x00000000fffff11f                _memmap_cacheattr_wt_strict = 0xfffff11f
                0x00000000fffff22f                _memmap_cacheattr_bp_strict = 0xfffff22f
                0x0000000022222112                _memmap_cacheattr_wb_allvalid = 0x22222112
                0x0000000022222112                _memmap_cacheattr_wt_allvalid = 0x22222112
                0x0000000022222222                _memmap_cacheattr_bp_allvalid = 0x22222222
                0x000000002222211f                PROVIDE (_memmap_cacheattr_reset, _memmap_cacheattr_wb_trapnull)

.dport0.rodata  0x000000003ff00000        0x0
                0x000000003ff00000                _dport0_rodata_start = ABSOLUTE (.)
 *(.dport0.rodata)
 *(.dport.rodata)
                0x000000003ff00000                _dport0_rodata_end = ABSOLUTE (.)

.dport0.literal
                0x000000003ff00000        0x0
                0x000000003ff00000                _dport0_literal_start = ABSOLUTE (.)
 *(.dport0.literal)
 *(.dport.literal)
                0x000000003ff00000                _dport0_literal_end = ABSOLUTE (.)

.dport0.data    0x000000003ff00000        0x0
                0x000000003ff00000                _dport0_data_start = ABSOLUTE (.)
 *(.dport0.data)
 *(.dport.data)
                0x000000003ff00000                _dport0_data_end = ABSOLUTE (.)

.data           0x000000003ffe8000      0x540
                0x000000003ffe8000                _data_start = ABSOLUTE (.)
 *(.data)
 .data          0x000000003ffe8000        0x4 /opt/esp-open-sdk/sdk/lib/libmain.a(nmi-vector.o)
                0x000000003ffe8000                _Pri_3_HandlerAddress
 .data          0x000000003ffe8004        0x1 /opt/esp-open-sdk/sdk/lib/libmain.a(app_main.o)
 *fill*         0x000000003ffe8005        0x3 
 .data          0x000000003ffe8008        0x5 /opt/esp-open-sdk/sdk/lib/libmain.a(user_interface.o)
                0x000000003ffe8009                timer2_ms_flag
                0x000000003ffe800a                dhcps_flag
                0x000000003ffe800b                dhcpc_flag
                0x000000003ffe800c                reconnect_internal
 *fill*         0x000000003ffe800d        0x3 
 .data          0x000000003ffe8010        0x1 /opt/esp-open-sdk/sdk/lib/libmain.a(eagle_lwip_if.o)
                0x000000003ffe8010                default_hostname
 *fill*         0x000000003ffe8011        0xf 
 .data          0x000000003ffe8020       0x53 /opt/esp-open-sdk/sdk/lib/libphy.a(phy_chip_v6.o)
                0x000000003ffe8022                tx_rf_ana_gain
                0x000000003ffe8044                tx_pwctrl_atten_init_en
                0x000000003ffe8050                rx_gain_swp
                0x000000003ffe8070                test_rffreq_txcap
 *fill*         0x000000003ffe8073        0x1 
 .data          0x000000003ffe8074        0x4 /opt/esp-open-sdk/sdk/lib/libphy.a(phy_sleep.o)
                0x000000003ffe8074                chip_version
 .data          0x000000003ffe8078        0x1 /opt/esp-open-sdk/sdk/lib/libpp.a(pm.o)
 *fill*         0x000000003ffe8079        0x3 
 .data          0x000000003ffe807c        0x1 /opt/esp-open-sdk/sdk/lib/libpp.a(pm_for_bcn_only_mode.o)
 *fill*         0x000000003ffe807d        0x3 
 .data          0x000000003ffe8080       0x1c /opt/esp-open-sdk/sdk/lib/libpp.a(pp.o)
                0x000000003ffe8080                soft_wdt_interval
                0x000000003ffe8084                NoiseTimerInterval
                0x000000003ffe808c                sleep_start_wait_time
                0x000000003ffe8098                tcb
 *fill*         0x000000003ffe809c        0x4 
 .data          0x000000003ffe80a0       0x40 /opt/esp-open-sdk/sdk/lib/libpp.a(rate_control.o)
 .data          0x000000003ffe80e0      0x22c /opt/esp-open-sdk/sdk/lib/libpp.a(trc.o)
 .data          0x000000003ffe830c        0x8 /opt/esp-open-sdk/sdk/lib/libpp.a(wdev.o)
 .data          0x000000003ffe8314        0x1 /opt/esp-open-sdk/sdk/lib/libnet80211.a(ieee80211_hostap.o)
                0x000000003ffe8314                TmpSTAAPCloseAP
 *fill*         0x000000003ffe8315        0x3 
 .data          0x000000003ffe8318      0x1a8 /opt/esp-open-sdk/sdk/lib/libnet80211.a(ieee80211_phy.o)
 .data          0x000000003ffe84c0        0x6 /opt/esp-open-sdk/sdk/lib/libnet80211.a(ieee80211_proto.o)
                0x000000003ffe84c0                ieee80211_addr_bcast
 *fill*         0x000000003ffe84c6        0x2 
 .data          0x000000003ffe84c8       0x1c /opt/esp-open-sdk/sdk/lib/libnet80211.a(ieee80211_action.o)
 .data          0x000000003ffe84e4       0x18 /opt/esp-open-sdk/sdk/lib/libnet80211.a(ieee80211_crypto_ccmp.o)
                0x000000003ffe84e4                ccmp
 .data          0x000000003ffe84fc        0x4 /opt/esp-open-sdk/sdk/lib/liblwip.a(dhcp.o)
 .data          0x000000003ffe8500        0x2 /opt/esp-open-sdk/sdk/lib/liblwip.a(dhcpserver.o)
 *fill*         0x000000003ffe8502        0x2 
 .data          0x000000003ffe8504        0x8 /opt/esp-open-sdk/sdk/lib/liblwip.a(tcp.o)
 .data          0x000000003ffe850c       0x18 /opt/esp-open-sdk/sdk/lib/libnet80211.a(ieee80211_crypto_tkip.o)
                0x000000003ffe850c                tkip
 .data          0x000000003ffe8524       0x18 /opt/esp-open-sdk/sdk/lib/libnet80211.a(ieee80211_crypto_wep.o)
                0x000000003ffe8524                wep
 *(.data.*)
 .data.cbc_printchar
                0x000000003ffe853c        0x4 ../../Sming/Sming/compiler/lib//libsming.a(m_printf.o)
                0x000000003ffe853c                cbc_printchar
 *(.gnu.linkonce.d.*)
 *(.data1)
 *(.sdata)
 *(.sdata.*)
 *(.gnu.linkonce.s.*)
 *(.sdata2)
 *(.sdata2.*)
 *(.gnu.linkonce.s2.*)
 *(.jcr)
                0x000000003ffe8540                _data_end = ABSOLUTE (.)

.rodata         0x000000003ffe8540     0x22ac
                0x000000003ffe8540                _rodata_start = ABSOLUTE (.)
 *(.sdk.version)
 .sdk.version   0x000000003ffe8540        0x6 /opt/esp-open-sdk/sdk/lib/libmain.a(app_main.o)
                0x000000003ffe8540                SDK_VERSION
 *(.rodata)
 *fill*         0x000000003ffe8546        0x2 
 .rodata        0x000000003ffe8548       0x20 ../../Sming/Sming/compiler/lib//libmicroc.a(floatscan.o)
 .rodata        0x000000003ffe8568        0x8 /opt/esp-open-sdk/sdk/lib/libphy.a(phy_chip_v6.o)
 .rodata        0x000000003ffe8570        0x8 /opt/esp-open-sdk/sdk/lib/libpp.a(pp.o)
 .rodata        0x000000003ffe8578        0x4 /opt/esp-open-sdk/sdk/lib/libnet80211.a(ieee80211_output.o)
 *fill*         0x000000003ffe857c        0x4 
 .rodata        0x000000003ffe8580       0x70 /opt/esp-open-sdk/sdk/lib/libnet80211.a(ieee80211_proto.o)
 .rodata        0x000000003ffe85f0        0x8 /opt/esp-open-sdk/sdk/lib/libnet80211.a(wl_cnx.o)
 .rodata        0x000000003ffe85f8        0x8 /opt/esp-open-sdk/sdk/lib/liblwip.a(dhcpserver.o)
 .rodata        0x000000003ffe8600        0x6 /opt/esp-open-sdk/sdk/lib/liblwip.a(etharp.o)
                0x000000003ffe8600                ethbroadcast
 *fill*         0x000000003ffe8606        0x2 
 .rodata        0x000000003ffe8608        0x4 /opt/esp-open-sdk/sdk/lib/liblwip.a(ip_addr.o)
                0x000000003ffe8608                ip_addr_broadcast
 *fill*         0x000000003ffe860c        0x4 
 .rodata        0x000000003ffe8610       0x14 /opt/esp-open-sdk/sdk/lib/liblwip.a(memp.o)
                0x000000003ffe8610                memp_sizes
 *fill*         0x000000003ffe8624        0xc 
 .rodata        0x000000003ffe8630       0x2d /opt/esp-open-sdk/sdk/lib/liblwip.a(tcp.o)
                0x000000003ffe8630                tcp_pcb_lists
                0x000000003ffe8640                tcp_persist_backoff
                0x000000003ffe8650                tcp_backoff
 *fill*         0x000000003ffe865d        0x3 
 .rodata        0x000000003ffe8660        0xc /opt/esp-open-sdk/sdk/lib/libwpa.a(wpa_common.o)
 .rodata        0x000000003ffe866c       0x14 ../../Sming/Sming/compiler/lib//libsming.a(WebSocket.o)
 .rodata        0x000000003ffe8680      0x10a ../../Sming/Sming/compiler/lib//libmicroc.a(intscan.o)
 *fill*         0x000000003ffe878a        0x2 
 .rodata        0x000000003ffe878c      0x100 ../../Sming/Sming/compiler/lib//libmicrogcc.a(_popcount_tab.o)
                0x000000003ffe878c                __popcount_tab
 *(.rodata.*)
 .rodata.str1.4
                0x000000003ffe888c       0x6b /opt/esp-open-sdk/sdk/lib/libmain.a(app_main.o)
 *fill*         0x000000003ffe88f7        0x1 
 .rodata.str1.4
                0x000000003ffe88f8       0x14 /opt/esp-open-sdk/sdk/lib/libmain.a(ets_timer.o)
 .rodata.str1.4
                0x000000003ffe890c       0x28 /opt/esp-open-sdk/sdk/lib/libmain.a(mem_manager.o)
 .rodata.str1.4
                0x000000003ffe8934       0x1b /opt/esp-open-sdk/sdk/lib/libmain.a(user_interface.o)
 *fill*         0x000000003ffe894f        0x1 
 .rodata._ZL14EspDigitalPins
                0x000000003ffe8950       0xc0 ../../Sming/Sming/compiler/lib//libsming.a(user_main.o)
 .rodata._ZTV6VectorI8DelegateIFvvEEE
                0x000000003ffe8a10       0x1c ../../Sming/Sming/compiler/lib//libsming.a(System.o)
                0x000000003ffe8a10                _ZTV6VectorI8DelegateIFvvEEE
 *fill*         0x000000003ffe8a2c        0x4 
 .rodata._ZTV6VectorIP19ISystemReadyHandlerE
                0x000000003ffe8a30       0x1c ../../Sming/Sming/compiler/lib//libsming.a(System.o)
                0x000000003ffe8a30                _ZTV6VectorIP19ISystemReadyHandlerE
 .rodata.str1.1
                0x000000003ffe8a4c      0x165 ../../Sming/Sming/compiler/lib//libsming.a(spiffs.o)
 .rodata.str1.1
                0x000000003ffe8bb1       0x41 ../../Sming/Sming/compiler/lib//libsming.a(esp_cplusplus.o)
 .rodata.str1.1
                0x000000003ffe8bf2       0x21 ../../Sming/Sming/compiler/lib//libsming.a(stringconversion.o)
 .rodata.str1.1
                0x000000003ffe8c13        0xf ../../Sming/Sming/compiler/lib//libsming.a(IPAddress.o)
                                         0x10 (size before relaxing)
 *fill*         0x000000003ffe8c22        0x6 
 .rodata._ZTV9IPAddress
                0x000000003ffe8c28        0xc ../../Sming/Sming/compiler/lib//libsming.a(IPAddress.o)
                0x000000003ffe8c28                _ZTV9IPAddress
 .rodata.str1.1
                0x0000000000000000        0x1 ../../Sming/Sming/compiler/lib//libsming.a(WString.o)
 .rodata.str1.1
                0x000000003ffe8c34       0x59 ../../Sming/Sming/compiler/lib//libsming.a(flashmem.o)
 *fill*         0x000000003ffe8c8d        0x3 
 .rodata.CSWTCH$10
                0x000000003ffe8c90       0x14 ../../Sming/Sming/compiler/lib//libsming.a(flashmem.o)
 .rodata.str1.1
                0x000000003ffe8ca4       0x23 ../../Sming/Sming/compiler/lib//libsming.a(Digital.o)
 *fill*         0x000000003ffe8cc7        0x1 
 .rodata._ZL14EspDigitalPins
                0x000000003ffe8cc8       0xc0 ../../Sming/Sming/compiler/lib//libsming.a(Digital.o)
 .rodata.str1.1
                0x000000003ffe8d88      0x22b out/build/app_app.a(application.o)
                                        0x232 (size before relaxing)
 *fill*         0x000000003ffe8fb3        0x5 
 .rodata._ZTVN11ArduinoJson16StaticJsonBufferILj200EEE
                0x000000003ffe8fb8        0xc out/build/app_app.a(application.o)
                0x000000003ffe8fb8                _ZTVN11ArduinoJson16StaticJsonBufferILj200EEE
 *fill*         0x000000003ffe8fc4        0x4 
 .rodata._ZTV15IDelegateCallerIvIEE
                0x000000003ffe8fc8       0x14 out/build/app_app.a(application.o)
                0x000000003ffe8fc8                _ZTV15IDelegateCallerIvIEE
 *fill*         0x000000003ffe8fdc        0x4 
 .rodata._ZTV14FunctionCallerIPFvvEvIEE
                0x000000003ffe8fe0       0x14 out/build/app_app.a(application.o)
                0x000000003ffe8fe0                _ZTV14FunctionCallerIPFvvEvIEE
 *fill*         0x000000003ffe8ff4        0x4 
 .rodata._ZTV15IDelegateCallerIvI6StringS0_EE
                0x000000003ffe8ff8       0x14 out/build/app_app.a(application.o)
                0x000000003ffe8ff8                _ZTV15IDelegateCallerIvI6StringS0_EE
 *fill*         0x000000003ffe900c        0x4 
 .rodata._ZTV14FunctionCallerIPFv6StringS0_EvIS0_S0_EE
                0x000000003ffe9010       0x14 out/build/app_app.a(application.o)
                0x000000003ffe9010                _ZTV14FunctionCallerIPFv6StringS0_EvIS0_S0_EE
 *fill*         0x000000003ffe9024        0x4 
 .rodata._ZTV15IDelegateCallerIvIR11HttpRequestR12HttpResponseEE
                0x000000003ffe9028       0x14 out/build/app_app.a(application.o)
                0x000000003ffe9028                _ZTV15IDelegateCallerIvIR11HttpRequestR12HttpResponseEE
 *fill*         0x000000003ffe903c        0x4 
 .rodata._ZTV14FunctionCallerIPFvR11HttpRequestR12HttpResponseEvIS1_S3_EE
                0x000000003ffe9040       0x14 out/build/app_app.a(application.o)
                0x000000003ffe9040                _ZTV14FunctionCallerIPFvR11HttpRequestR12HttpResponseEvIS1_S3_EE
 *fill*         0x000000003ffe9054        0x4 
 .rodata._ZTV15IDelegateCallerIvIR9WebSocketEE
                0x000000003ffe9058       0x14 out/build/app_app.a(application.o)
                0x000000003ffe9058                _ZTV15IDelegateCallerIvIR9WebSocketEE
 *fill*         0x000000003ffe906c        0x4 
 .rodata._ZTV14FunctionCallerIPFvR9WebSocketEvIS1_EE
                0x000000003ffe9070       0x14 out/build/app_app.a(application.o)
                0x000000003ffe9070                _ZTV14FunctionCallerIPFvR9WebSocketEvIS1_EE
 *fill*         0x000000003ffe9084        0x4 
 .rodata._ZTV15IDelegateCallerIvIR9WebSocketRK6StringEE
                0x000000003ffe9088       0x14 out/build/app_app.a(application.o)
                0x000000003ffe9088                _ZTV15IDelegateCallerIvIR9WebSocketRK6StringEE
 *fill*         0x000000003ffe909c        0x4 
 .rodata._ZTV14FunctionCallerIPFvR9WebSocketRK6StringEvIS1_S4_EE
                0x000000003ffe90a0       0x14 out/build/app_app.a(application.o)
                0x000000003ffe90a0                _ZTV14FunctionCallerIPFvR9WebSocketRK6StringEvIS1_S4_EE
 .rodata.str1.1
                0x000000003ffe90b4        0xc ../../Sming/Sming/compiler/lib//libmicroc.a(abort.o)
 .rodata.str1.1
                0x000000003ffe90c0        0xd ../../Sming/Sming/compiler/lib//libmicroc.a(floatscan.o)
 *fill*         0x000000003ffe90cd        0x3 
 .rodata.str1.4
                0x000000003ffe90d0        0x7 /opt/esp-open-sdk/sdk/lib/libpp.a(lmac.o)
                                          0xf (size before relaxing)
 *fill*         0x000000003ffe90d7        0x1 
 .rodata.str1.4
                0x000000003ffe90d8       0x17 /opt/esp-open-sdk/sdk/lib/libpp.a(pm.o)
                                         0x1f (size before relaxing)
 *fill*         0x000000003ffe90ef        0x1 
 .rodata.str1.4
                0x000000003ffe90f0       0x17 /opt/esp-open-sdk/sdk/lib/libpp.a(pm_for_bcn_only_mode.o)
                                         0x27 (size before relaxing)
 *fill*         0x000000003ffe9107        0x1 
 .rodata.str1.4
                0x000000003ffe9108        0x5 /opt/esp-open-sdk/sdk/lib/libpp.a(pp.o)
                                          0xd (size before relaxing)
 *fill*         0x000000003ffe910d        0x3 
 .rodata.str1.4
                0x000000003ffe9110        0x7 /opt/esp-open-sdk/sdk/lib/libpp.a(wdev.o)
                                          0xf (size before relaxing)
 .rodata.str1.4
                0x0000000000000000        0x7 /opt/esp-open-sdk/sdk/lib/libnet80211.a(ieee80211.o)
 .rodata.str1.4
                0x0000000000000000        0x7 /opt/esp-open-sdk/sdk/lib/libnet80211.a(ieee80211_output.o)
 *fill*         0x000000003ffe9117        0x1 
 .rodata.str1.4
                0x000000003ffe9118        0x4 /opt/esp-open-sdk/sdk/lib/libnet80211.a(ieee80211_scan.o)
 .rodata.str1.4
                0x000000003ffe911c        0x4 /opt/esp-open-sdk/sdk/lib/libnet80211.a(ieee80211_action_vendor.o)
 .rodata.str1.4
                0x0000000000000000        0x4 /opt/esp-open-sdk/sdk/lib/libnet80211.a(ieee80211_ie_vendor.o)
 .rodata.str1.4
                0x000000003ffe9120        0xf /opt/esp-open-sdk/sdk/lib/liblwip.a(dns.o)
 .rodata.str1.4
                0x0000000000000000        0xf /opt/esp-open-sdk/sdk/lib/liblwip.a(espconn_tcp.o)
                                          0x1 (size before relaxing)
 *fill*         0x000000003ffe912f        0x1 
 .rodata.str1.4
                0x000000003ffe9130       0x88 /opt/esp-open-sdk/sdk/lib/liblwip.a(mdns.o)
 .rodata.str1.4
                0x000000003ffe91b8       0x3c /opt/esp-open-sdk/sdk/lib/libwpa.a(wpa_auth.o)
                                         0x43 (size before relaxing)
 .rodata.str1.4
                0x0000000000000000       0x17 /opt/esp-open-sdk/sdk/lib/libwpa.a(wpa.o)
 .rodata.str1.4
                0x000000003ffe91f4        0x9 /opt/esp-open-sdk/sdk/lib/libwpa.a(wpa_common.o)
 *fill*         0x000000003ffe91fd        0x3 
 .rodata.str1.4
                0x000000003ffe9200        0x8 /opt/esp-open-sdk/sdk/lib/libwpa.a(wpa_debug.o)
                                          0xd (size before relaxing)
 .rodata.str1.1
                0x0000000000000000        0xd ../../Sming/Sming/compiler/lib//libsming.a(HardwareSerial.o)
                                          0x3 (size before relaxing)
 .rodata._ZTV14HardwareSerial
                0x000000003ffe9208       0x20 ../../Sming/Sming/compiler/lib//libsming.a(HardwareSerial.o)
                0x000000003ffe9208                _ZTV14HardwareSerial
 .rodata.str1.1
                0x000000003ffe9228       0xfb ../../Sming/Sming/compiler/lib//libsming.a(HttpServer.o)
                                        0x117 (size before relaxing)
 *fill*         0x000000003ffe9323        0x5 
 .rodata._ZTV6VectorI6StringE
                0x000000003ffe9328       0x1c ../../Sming/Sming/compiler/lib//libsming.a(HttpServer.o)
                0x000000003ffe9328                _ZTV6VectorI6StringE
 *fill*         0x000000003ffe9344        0x4 
 .rodata._ZTV6VectorI9WebSocketE
                0x000000003ffe9348       0x1c ../../Sming/Sming/compiler/lib//libsming.a(HttpServer.o)
                0x000000003ffe9348                _ZTV6VectorI9WebSocketE
 *fill*         0x000000003ffe9364        0x4 
 .rodata._ZTV10HttpServer
                0x000000003ffe9368       0x5c ../../Sming/Sming/compiler/lib//libsming.a(HttpServer.o)
                0x000000003ffe9368                _ZTV10HttpServer
 *fill*         0x000000003ffe93c4        0x4 
 .rodata._ZTV15IDelegateCallerIvIR20HttpServerConnectionEE
                0x000000003ffe93c8       0x14 ../../Sming/Sming/compiler/lib//libsming.a(HttpServer.o)
                0x000000003ffe93c8                _ZTV15IDelegateCallerIvIR20HttpServerConnectionEE
 *fill*         0x000000003ffe93dc        0x4 
 .rodata._ZTV12MethodCallerIM10HttpServerFvR20HttpServerConnectionEE
                0x000000003ffe93e0       0x14 ../../Sming/Sming/compiler/lib//libsming.a(HttpServer.o)
                0x000000003ffe93e0                _ZTV12MethodCallerIM10HttpServerFvR20HttpServerConnectionEE
 .rodata.str1.1
                0x000000003ffe93f4      0x118 ../../Sming/Sming/compiler/lib//libsming.a(HttpServerConnection.o)
 *fill*         0x000000003ffe950c        0x4 
 .rodata._ZTV20HttpServerConnection
                0x000000003ffe9510       0x40 ../../Sming/Sming/compiler/lib//libsming.a(HttpServerConnection.o)
                0x000000003ffe9510                _ZTV20HttpServerConnection
 .rodata.str1.1
                0x000000003ffe9550      0x169 ../../Sming/Sming/compiler/lib//libsming.a(MqttClient.o)
                                        0x16a (size before relaxing)
 *fill*         0x000000003ffe96b9        0x7 
 .rodata._ZTV10MqttClient
                0x000000003ffe96c0       0x3c ../../Sming/Sming/compiler/lib//libsming.a(MqttClient.o)
                0x000000003ffe96c0                _ZTV10MqttClient
 .rodata.str1.1
                0x000000003ffe96fc       0x1e ../../Sming/Sming/compiler/lib//libsming.a(TcpClient.o)
 *fill*         0x000000003ffe971a        0x6 
 .rodata._ZTV9TcpClient
                0x000000003ffe9720       0x3c ../../Sming/Sming/compiler/lib//libsming.a(TcpClient.o)
                0x000000003ffe9720                _ZTV9TcpClient
 .rodata.str1.1
                0x000000003ffe975c      0x203 ../../Sming/Sming/compiler/lib//libsming.a(TcpConnection.o)
                                        0x220 (size before relaxing)
 *fill*         0x000000003ffe995f        0x1 
 .rodata._ZTV13TcpConnection
                0x000000003ffe9960       0x38 ../../Sming/Sming/compiler/lib//libsming.a(TcpConnection.o)
                0x000000003ffe9960                _ZTV13TcpConnection
 .rodata.str1.1
                0x000000003ffe9998      0x16a ../../Sming/Sming/compiler/lib//libsming.a(TcpServer.o)
 *fill*         0x000000003ffe9b02        0x6 
 .rodata._ZTV9TcpServer
                0x000000003ffe9b08       0x50 ../../Sming/Sming/compiler/lib//libsming.a(TcpServer.o)
                0x000000003ffe9b08                _ZTV9TcpServer
 .rodata._ZTV15IDelegateCallerIvIR9TcpClientbEE
                0x000000003ffe9b58       0x14 ../../Sming/Sming/compiler/lib//libsming.a(TcpServer.o)
                0x000000003ffe9b58                _ZTV15IDelegateCallerIvIR9TcpClientbEE
 *fill*         0x000000003ffe9b6c        0x4 
 .rodata._ZTV15IDelegateCallerIbIR9TcpClientPciEE
                0x000000003ffe9b70       0x14 ../../Sming/Sming/compiler/lib//libsming.a(TcpServer.o)
                0x000000003ffe9b70                _ZTV15IDelegateCallerIbIR9TcpClientPciEE
 *fill*         0x000000003ffe9b84        0x4 
 .rodata._ZTV12MethodCallerIM9TcpServerFbR9TcpClientPciEE
                0x000000003ffe9b88       0x14 ../../Sming/Sming/compiler/lib//libsming.a(TcpServer.o)
                0x000000003ffe9b88                _ZTV12MethodCallerIM9TcpServerFbR9TcpClientPciEE
 *fill*         0x000000003ffe9b9c        0x4 
 .rodata._ZTV12MethodCallerIM9TcpServerFvR9TcpClientbEE
                0x000000003ffe9ba0       0x14 ../../Sming/Sming/compiler/lib//libsming.a(TcpServer.o)
                0x000000003ffe9ba0                _ZTV12MethodCallerIM9TcpServerFvR9TcpClientbEE
 .rodata.str1.1
                0x000000003ffe9bb4       0x1f ../../Sming/Sming/compiler/lib//libsming.a(WebSocket.o)
                                         0x5b (size before relaxing)
 *fill*         0x000000003ffe9bd3        0x5 
 .rodata._ZTV9WebSocket
                0x000000003ffe9bd8        0xc ../../Sming/Sming/compiler/lib//libsming.a(WebSocket.o)
                0x000000003ffe9bd8                _ZTV9WebSocket
 .rodata.str1.1
                0x000000003ffe9be4       0xf0 ../../Sming/Sming/compiler/lib//libsming.a(AccessPoint.o)
                                         0xf1 (size before relaxing)
 *fill*         0x000000003ffe9cd4        0x4 
 .rodata._ZTV19ISystemReadyHandler
                0x000000003ffe9cd8       0x14 ../../Sming/Sming/compiler/lib//libsming.a(AccessPoint.o)
                0x000000003ffe9cd8                _ZTV19ISystemReadyHandler
 *fill*         0x000000003ffe9cec        0x4 
 .rodata._ZTV16AccessPointClass
                0x000000003ffe9cf0       0x14 ../../Sming/Sming/compiler/lib//libsming.a(AccessPoint.o)
                0x000000003ffe9cf0                _ZTV16AccessPointClass
 .rodata.str1.1
                0x000000003ffe9d04      0x1d9 ../../Sming/Sming/compiler/lib//libsming.a(Station.o)
                                        0x20f (size before relaxing)
 *fill*         0x000000003ffe9edd        0x3 
 .rodata._ZTV12StationClass
                0x000000003ffe9ee0       0x14 ../../Sming/Sming/compiler/lib//libsming.a(Station.o)
                0x000000003ffe9ee0                _ZTV12StationClass
 *fill*         0x000000003ffe9ef4        0x4 
 .rodata._ZTV6VectorI7BssInfoE
                0x000000003ffe9ef8       0x1c ../../Sming/Sming/compiler/lib//libsming.a(Station.o)
                0x000000003ffe9ef8                _ZTV6VectorI7BssInfoE
 *fill*         0x000000003ffe9f14        0x4 
 .rodata._ZTV8WDTClass
                0x000000003ffe9f18       0x14 ../../Sming/Sming/compiler/lib//libsming.a(WDT.o)
                0x000000003ffe9f18                _ZTV8WDTClass
 .rodata.str1.1
                0x000000003ffe9f2c       0x10 ../../Sming/Sming/compiler/lib//libsming.a(ArduinoJson.o)
                                         0x11 (size before relaxing)
 .rodata._ZL12specialChars
                0x000000003ffe9f3c        0xf ../../Sming/Sming/compiler/lib//libsming.a(ArduinoJson.o)
 .rodata.str1.1
                0x000000003ffe9f4b       0xd0 ../../Sming/Sming/compiler/lib//libsming.a(CommandExecutor.o)
                                         0xd5 (size before relaxing)
 .rodata.str1.1
                0x000000003ffea01b      0x24e ../../Sming/Sming/compiler/lib//libsming.a(CommandHandler.o)
                                        0x256 (size before relaxing)
 .rodata._ZL13base64enc_tab
                0x000000003ffea269       0x41 ../../Sming/Sming/compiler/lib//libsming.a(base64.o)
 .rodata.str1.1
                0x000000003ffea2aa       0x17 ../../Sming/Sming/compiler/lib//libsming.a(websocket.o)
 .rodata._ZZ17wsParseInputFramePhjPS_PjE12__FUNCTION__
                0x000000003ffea2c1       0x12 ../../Sming/Sming/compiler/lib//libsming.a(websocket.o)
 .rodata._ZZ11wsMakeFramePKhjPhPj11wsFrameTypeE12__FUNCTION__
                0x000000003ffea2d3        0xc ../../Sming/Sming/compiler/lib//libsming.a(websocket.o)
 .rodata.str1.1
                0x000000003ffea2df        0x6 ../../Sming/Sming/compiler/lib//libsming.a(libemqtt.o)
 .rodata.str1.1
                0x000000003ffea2e5      0x156 ../../Sming/Sming/compiler/lib//libsming.a(DataSourceStream.o)
                                        0x157 (size before relaxing)
 *fill*         0x000000003ffea43b        0x5 
 .rodata._ZTV17IDataSourceStream
                0x000000003ffea440       0x20 ../../Sming/Sming/compiler/lib//libsming.a(DataSourceStream.o)
                0x000000003ffea440                _ZTV17IDataSourceStream
 .rodata._ZTV16MemoryDataStream
                0x000000003ffea460       0x48 ../../Sming/Sming/compiler/lib//libsming.a(DataSourceStream.o)
                0x000000003ffea460                _ZTV16MemoryDataStream
 .rodata.str1.1
                0x000000003ffea4a8       0x9b ../../Sming/Sming/compiler/lib//libsming.a(HttpRequest.o)
                                         0xdb (size before relaxing)
 *fill*         0x000000003ffea543        0x5 
 .rodata._ZTV11HttpRequest
                0x000000003ffea548       0x10 ../../Sming/Sming/compiler/lib//libsming.a(HttpRequest.o)
                0x000000003ffea548                _ZTV11HttpRequest
 .rodata.str1.1
                0x000000003ffea558      0x1ad ../../Sming/Sming/compiler/lib//libsming.a(HttpResponse.o)
                                        0x1e1 (size before relaxing)
 *fill*         0x000000003ffea705        0x3 
 .rodata._ZTV12HttpResponse
                0x000000003ffea708       0x10 ../../Sming/Sming/compiler/lib//libsming.a(HttpResponse.o)
                0x000000003ffea708                _ZTV12HttpResponse
 .rodata.str1.1
                0x0000000000000000        0x1 ../../Sming/Sming/compiler/lib//libsming.a(CommandDelegate.o)
 .rodata.str1.1
                0x000000003ffea718       0x1e ../../Sming/Sming/compiler/lib//libsming.a(escape.o)
                                         0x35 (size before relaxing)
 .rodata._ZZ12uri_unescapeE12__FUNCTION__
                0x000000003ffea736        0xd ../../Sming/Sming/compiler/lib//libsming.a(escape.o)
 *(.gnu.linkonce.r.*)
 *(.rodata1)
                0x000000003ffea743                __XT_EXCEPTION_TABLE__ = ABSOLUTE (.)
 *(.xt_except_table)
 *(.gcc_except_table)
 *(.gnu.linkonce.e.*)
 *(.gnu.version_r)
 *(.eh_frame)
                0x000000003ffea744                . = ((. + 0x3) & 0xfffffffffffffffc)
 *fill*         0x000000003ffea743        0x1 
                0x000000003ffea744                __dso_handle = ABSOLUTE (.)
                0x000000003ffea744                __init_array_start = ABSOLUTE (.)
 *crtbegin.o(.ctors)
 *(EXCLUDE_FILE(*crtend.o) .ctors)
 .ctors         0x000000003ffea744        0x4 ../../Sming/Sming/compiler/lib//libsming.a(user_main.o)
 .ctors         0x000000003ffea748        0x4 ../../Sming/Sming/compiler/lib//libsming.a(System.o)
 .ctors         0x000000003ffea74c        0x4 ../../Sming/Sming/compiler/lib//libsming.a(m_printf.o)
 .ctors         0x000000003ffea750        0x4 ../../Sming/Sming/compiler/lib//libsming.a(IPAddress.o)
 .ctors         0x000000003ffea754        0x4 ../../Sming/Sming/compiler/lib//libsming.a(Print.o)
 .ctors         0x000000003ffea758        0x4 ../../Sming/Sming/compiler/lib//libsming.a(WString.o)
 .ctors         0x000000003ffea75c        0x4 ../../Sming/Sming/compiler/lib//libsming.a(Interrupts.o)
 .ctors         0x000000003ffea760        0x4 ../../Sming/Sming/compiler/lib//libsming.a(Digital.o)
 .ctors         0x000000003ffea764        0x4 out/build/app_app.a(application.o)
 .ctors         0x000000003ffea768        0x4 ../../Sming/Sming/compiler/lib//libsming.a(HardwareSerial.o)
 .ctors         0x000000003ffea76c        0x4 ../../Sming/Sming/compiler/lib//libsming.a(HttpServer.o)
 .ctors         0x000000003ffea770        0x4 ../../Sming/Sming/compiler/lib//libsming.a(HttpServerConnection.o)
 .ctors         0x000000003ffea774        0x4 ../../Sming/Sming/compiler/lib//libsming.a(MqttClient.o)
 .ctors         0x000000003ffea778        0x4 ../../Sming/Sming/compiler/lib//libsming.a(TcpClient.o)
 .ctors         0x000000003ffea77c        0x4 ../../Sming/Sming/compiler/lib//libsming.a(TcpConnection.o)
 .ctors         0x000000003ffea780        0x4 ../../Sming/Sming/compiler/lib//libsming.a(TcpServer.o)
 .ctors         0x000000003ffea784        0x4 ../../Sming/Sming/compiler/lib//libsming.a(WebSocket.o)
 .ctors         0x000000003ffea788        0x4 ../../Sming/Sming/compiler/lib//libsming.a(AccessPoint.o)
 .ctors         0x000000003ffea78c        0x4 ../../Sming/Sming/compiler/lib//libsming.a(Station.o)
 .ctors         0x000000003ffea790        0x4 ../../Sming/Sming/compiler/lib//libsming.a(WDT.o)
 .ctors         0x000000003ffea794        0x4 ../../Sming/Sming/compiler/lib//libsming.a(ArduinoJson.o)
 .ctors         0x000000003ffea798        0x4 ../../Sming/Sming/compiler/lib//libsming.a(CommandExecutor.o)
 .ctors         0x000000003ffea79c        0x4 ../../Sming/Sming/compiler/lib//libsming.a(CommandHandler.o)
 .ctors         0x000000003ffea7a0        0x4 ../../Sming/Sming/compiler/lib//libsming.a(CommandOutput.o)
 .ctors         0x000000003ffea7a4        0x4 ../../Sming/Sming/compiler/lib//libsming.a(Clock.o)
 .ctors         0x000000003ffea7a8        0x4 ../../Sming/Sming/compiler/lib//libsming.a(DataSourceStream.o)
 .ctors         0x000000003ffea7ac        0x4 ../../Sming/Sming/compiler/lib//libsming.a(SystemClock.o)
 .ctors         0x000000003ffea7b0        0x4 ../../Sming/Sming/compiler/lib//libsming.a(HttpRequest.o)
 .ctors         0x000000003ffea7b4        0x4 ../../Sming/Sming/compiler/lib//libsming.a(HttpResponse.o)
 .ctors         0x000000003ffea7b8        0x4 ../../Sming/Sming/compiler/lib//libsming.a(RTC.o)
 .ctors         0x000000003ffea7bc        0x4 ../../Sming/Sming/compiler/lib//libsming.a(CommandDelegate.o)
 .ctors         0x000000003ffea7c0        0x4 ../../Sming/Sming/compiler/lib//libsming.a(DateTime.o)
 *(SORT(.ctors.*))
 *(.ctors)
                0x000000003ffea7c4                __init_array_end = ABSOLUTE (.)
 *crtbegin.o(.dtors)
 *(EXCLUDE_FILE(*crtend.o) .dtors)
 .dtors         0x000000003ffea7c4        0x4 ../../Sming/Sming/compiler/lib//libsming.a(System.o)
 .dtors         0x000000003ffea7c8        0x4 ../../Sming/Sming/compiler/lib//libsming.a(Interrupts.o)
 .dtors         0x000000003ffea7cc        0x4 out/build/app_app.a(application.o)
 .dtors         0x000000003ffea7d0        0x4 ../../Sming/Sming/compiler/lib//libsming.a(HardwareSerial.o)
 .dtors         0x000000003ffea7d4        0x4 ../../Sming/Sming/compiler/lib//libsming.a(AccessPoint.o)
 .dtors         0x000000003ffea7d8        0x4 ../../Sming/Sming/compiler/lib//libsming.a(Station.o)
 .dtors         0x000000003ffea7dc        0x4 ../../Sming/Sming/compiler/lib//libsming.a(WDT.o)
 .dtors         0x000000003ffea7e0        0x4 ../../Sming/Sming/compiler/lib//libsming.a(ArduinoJson.o)
 *(SORT(.dtors.*))
 *(.dtors)
                0x000000003ffea7e4                __XT_EXCEPTION_DESCS__ = ABSOLUTE (.)
 *(.xt_except_desc)
 *(.gnu.linkonce.h.*)
                0x000000003ffea7e4                __XT_EXCEPTION_DESCS_END__ = ABSOLUTE (.)
 *(.xt_except_desc_end)
 *(.dynamic)
 *(.gnu.version_d)
                0x000000003ffea7e4                . = ALIGN (0x4)
                0x000000003ffea7e4                _bss_table_start = ABSOLUTE (.)
                0x000000003ffea7e4        0x4 LONG 0x3ffea7f0 _bss_start
                0x000000003ffea7e8        0x4 LONG 0x3fff4a58 _bss_end
                0x000000003ffea7ec                _bss_table_end = ABSOLUTE (.)
                0x000000003ffea7ec                _rodata_end = ABSOLUTE (.)

.bss            0x000000003ffea7f0     0xa268
                0x000000003ffea7f0                . = ALIGN (0x8)
                0x000000003ffea7f0                _bss_start = ABSOLUTE (.)
 *(.dynsbss)
 *(.sbss)
 *(.sbss.*)
 *(.gnu.linkonce.sb.*)
 *(.scommon)
 *(.sbss2)
 *(.sbss2.*)
 *(.gnu.linkonce.sb2.*)
 *(.dynbss)
 *(.bss)
 .bss           0x000000003ffea7f0      0x1c0 /opt/esp-open-sdk/sdk/lib/libmain.a(nmi-vector.o)
 .bss           0x000000003ffea9b0       0x41 /opt/esp-open-sdk/sdk/lib/libmain.a(app_main.o)
                0x000000003ffea9b4                info
                0x000000003ffea9d8                lwip_timer_interval
                0x000000003ffea9dc                check_timeouts_timer
                0x000000003ffea9f0                user_init_flag
 *fill*         0x000000003ffea9f1        0xf 
 .bss           0x000000003ffeaa00       0x30 /opt/esp-open-sdk/sdk/lib/libmain.a(ets_timer.o)
                0x000000003ffeaa00                timer_list
                0x000000003ffeaa04                debug_timer
                0x000000003ffeaa08                debug_timerfn
 .bss           0x000000003ffeaa30       0x18 /opt/esp-open-sdk/sdk/lib/libmain.a(mem_manager.o)
 .bss           0x000000003ffeaa48        0x4 /opt/esp-open-sdk/sdk/lib/libmain.a(spi_flash.o)
                0x000000003ffeaa48                flash_read
 *fill*         0x000000003ffeaa4c        0x4 
 .bss           0x000000003ffeaa50      0x151 /opt/esp-open-sdk/sdk/lib/libmain.a(user_interface.o)
                0x000000003ffeab47                deep_sleep_flag
                0x000000003ffeab48                cpu_overclock
                0x000000003ffeab4c                event_cb
                0x000000003ffeab50                status_led_output_level
                0x000000003ffeab54                done_cb
                0x000000003ffeab58                rst_if
                0x000000003ffeab74                default_interface
                0x000000003ffeab75                OpmodChgIsOnGoing
                0x000000003ffeab78                bcn_ie
                0x000000003ffeab80                promiscuous_cb
 *fill*         0x000000003ffeaba1        0x3 
 .bss           0x000000003ffeaba4        0xc /opt/esp-open-sdk/sdk/lib/libmain.a(eagle_lwip_if.o)
                0x000000003ffeaba4                hostname
 .bss           0x000000003ffeabb0        0x4 ../../Sming/Sming/compiler/lib//libmicroc.a(__errno_location.o)
 .bss           0x000000003ffeabb4        0x4 /opt/esp-open-sdk/sdk/lib/libphy.a(phy.o)
 *fill*         0x000000003ffeabb8        0x8 
 .bss           0x000000003ffeabc0      0x3ab /opt/esp-open-sdk/sdk/lib/libphy.a(phy_chip_v6.o)
                0x000000003ffeabc0                g_phyFuns
                0x000000003ffeabc4                rxiq_compute_num
                0x000000003ffeabc8                rxdc_init_flag
                0x000000003ffeabcc                check_result
                0x000000003ffeabd0                chip6_sleep_params
                0x000000003ffeadb4                chip6_phy_init_ctrl
                0x000000003ffeae28                phy_freq_offset
                0x000000003ffeae2a                do_pwctrl_flag
                0x000000003ffeae2b                pwctrl_debug
                0x000000003ffeae2c                txbk_dpdby_flag
                0x000000003ffeae2e                sw_scan_mode
                0x000000003ffeae40                periodic_cal_dc_num
                0x000000003ffeae44                periodic_cal_flag
                0x000000003ffeae45                bbpll_cal_flag
                0x000000003ffeae46                phy_in_most_power
                0x000000003ffeae47                deep_sleep_en
                0x000000003ffeae48                rtc_mem_check_fail
                0x000000003ffeae49                rtc_recovery_en
                0x000000003ffeae4a                phy_in_vdd33_offset
                0x000000003ffeae4b                phy_set_most_tpw_disbg
                0x000000003ffeae4c                phy_set_most_tpw_index
                0x000000003ffeae50                adc_rand_noise
                0x000000003ffeae54                dpd_bypass_original
                0x000000003ffeae58                noise_array
                0x000000003ffeaf60                tx_pwctrl_atten_init
 *fill*         0x000000003ffeaf6b        0x1 
 .bss           0x000000003ffeaf6c        0x6 /opt/esp-open-sdk/sdk/lib/libphy.a(phy_chip_v6_cal.o)
                0x000000003ffeaf6c                loop_pwctrl_pwdet_error_accum_high_power
                0x000000003ffeaf6e                tx_pwctrl_pk_num
                0x000000003ffeaf6f                loop_pwctrl_correct_atten_high_power
                0x000000003ffeaf70                tx_pwctrl_set_chan_flag
                0x000000003ffeaf71                rxiq_cover_fail_num
 *fill*         0x000000003ffeaf72        0x2 
 .bss           0x000000003ffeaf74        0x7 /opt/esp-open-sdk/sdk/lib/libphy.a(phy_sleep.o)
                0x000000003ffeaf74                periodic_cal_sat
                0x000000003ffeaf76                lslp_mem_opt_8266
                0x000000003ffeaf78                software_slp_reject
                0x000000003ffeaf79                SDIO_slp_reject
                0x000000003ffeaf7a                hardware_reject
 *fill*         0x000000003ffeaf7b        0x5 
 .bss           0x000000003ffeaf80       0x30 /opt/esp-open-sdk/sdk/lib/libpp.a(if_hwctrl.o)
                0x000000003ffeaf80                interface_mask
                0x000000003ffeaf90                if_ctrl
 .bss           0x000000003ffeafb0      0x150 /opt/esp-open-sdk/sdk/lib/libpp.a(lmac.o)
                0x000000003ffeafb4                lmacConfMib
 .bss           0x000000003ffeb100      0x11a /opt/esp-open-sdk/sdk/lib/libpp.a(pm.o)
                0x000000003ffeb100                pmc
 *fill*         0x000000003ffeb21a        0x2 
 .bss           0x000000003ffeb21c       0x30 /opt/esp-open-sdk/sdk/lib/libpp.a(pm_for_bcn_only_mode.o)
 *fill*         0x000000003ffeb24c        0x4 
 .bss           0x000000003ffeb250      0x2e2 /opt/esp-open-sdk/sdk/lib/libpp.a(pp.o)
                0x000000003ffeb268                pend_flag_noise_check
                0x000000003ffeb270                pend_flag_periodic_cal
                0x000000003ffeb288                idle_timer_reopen_flag
                0x000000003ffeb289                dbg_stop_sw_wdt
                0x000000003ffeb28a                dbg_stop_hw_wdt
                0x000000003ffeb2a0                HighestFreqOffsetInOneChk
 *fill*         0x000000003ffeb532        0xe 
 .bss           0x000000003ffeb540      0x100 /opt/esp-open-sdk/sdk/lib/libpp.a(rate_control.o)
 .bss           0x000000003ffeb640      0x448 /opt/esp-open-sdk/sdk/lib/libpp.a(trc.o)
 *fill*         0x000000003ffeba88        0x8 
 .bss           0x000000003ffeba90     0x4e88 /opt/esp-open-sdk/sdk/lib/libpp.a(wdev.o)
                0x000000003ffeba90                wDevCtrl
                0x000000003ffebc38                WdevTimOffSet
 *fill*         0x000000003fff0918        0x8 
 .bss           0x000000003fff0920     0x1294 /opt/esp-open-sdk/sdk/lib/libpp.a(esf_buf.o)
 .bss           0x000000003fff1bb4      0x584 /opt/esp-open-sdk/sdk/lib/libnet80211.a(ieee80211.o)
                0x000000003fff1bb4                g_ic
 .bss           0x000000003fff2138       0x40 /opt/esp-open-sdk/sdk/lib/libnet80211.a(ieee80211_hostap.o)
                0x000000003fff2138                BcnEb_update
                0x000000003fff215c                PendFreeBcnEb
                0x000000003fff2160                ApFreqCalTimer
 .bss           0x000000003fff2178       0xd0 /opt/esp-open-sdk/sdk/lib/libnet80211.a(ieee80211_scan.o)
                0x000000003fff2178                gScanStruct
                0x000000003fff222c                FreqCalCntForScan
                0x000000003fff222e                TestStaFreqCalValInput
                0x000000003fff2230                auth_type
                0x000000003fff2232                scannum
 .bss           0x000000003fff2248       0x3c /opt/esp-open-sdk/sdk/lib/libnet80211.a(wl_chm.o)
 *fill*         0x000000003fff2284        0x4 
 .bss           0x000000003fff2288      0x418 /opt/esp-open-sdk/sdk/lib/libnet80211.a(wl_cnx.o)
                0x000000003fff2688                sta_con_timer
                0x000000003fff269c                g_cnx_probe_rc_list_cb
 .bss           0x000000003fff26a0        0x8 /opt/esp-open-sdk/sdk/lib/libnet80211.a(ieee80211_action_vendor.o)
 *fill*         0x000000003fff26a8        0x8 
 .bss           0x000000003fff26b0       0x38 /opt/esp-open-sdk/sdk/lib/liblwip.a(dhcp.o)
                0x000000003fff26b0                dhcp_rx_options_given
                0x000000003fff26c0                dhcp_rx_options_val
 .bss           0x000000003fff26e8      0x24c /opt/esp-open-sdk/sdk/lib/liblwip.a(dhcpserver.o)
                0x000000003fff26f8                s
 *fill*         0x000000003fff2934        0xc 
 .bss           0x000000003fff2940      0x690 /opt/esp-open-sdk/sdk/lib/liblwip.a(dns.o)
 .bss           0x000000003fff2fd0       0x78 /opt/esp-open-sdk/sdk/lib/liblwip.a(espconn_tcp.o)
                0x000000003fff2fd0                espconn_TaskQueue
 *fill*         0x000000003fff3048        0x8 
 .bss           0x000000003fff3050      0x100 /opt/esp-open-sdk/sdk/lib/liblwip.a(etharp.o)
                0x000000003fff3054                ethzero
 .bss           0x000000003fff3150       0x20 /opt/esp-open-sdk/sdk/lib/liblwip.a(ip_addr.o)
                0x000000003fff3150                ip_addr_any
 .bss           0x000000003fff3170       0x12 /opt/esp-open-sdk/sdk/lib/liblwip.a(ip.o)
                0x000000003fff3170                current_iphdr_dest
                0x000000003fff3174                current_iphdr_src
                0x000000003fff3178                current_netif
                0x000000003fff317c                current_header
 *fill*         0x000000003fff3182        0x2 
 .bss           0x000000003fff3184        0x9 /opt/esp-open-sdk/sdk/lib/liblwip.a(netif.o)
                0x000000003fff3184                netif_list
                0x000000003fff3188                netif_default
 *fill*         0x000000003fff318d        0x3 
 .bss           0x000000003fff3190        0x4 /opt/esp-open-sdk/sdk/lib/liblwip.a(raw.o)
 .bss           0x000000003fff3194       0x34 /opt/esp-open-sdk/sdk/lib/liblwip.a(tcp_in.o)
                0x000000003fff31c4                tcp_input_pcb
 .bss           0x000000003fff31c8       0x1c /opt/esp-open-sdk/sdk/lib/liblwip.a(tcp.o)
                0x000000003fff31cc                tcp_active_pcbs
                0x000000003fff31d0                tcp_tmp_pcb
                0x000000003fff31d4                tcp_tw_pcbs
                0x000000003fff31d8                tcp_bound_pcbs
                0x000000003fff31dc                tcp_listen_pcbs
                0x000000003fff31e0                tcp_ticks
 .bss           0x000000003fff31e4        0xc /opt/esp-open-sdk/sdk/lib/liblwip.a(timers.o)
 .bss           0x000000003fff31f0        0x4 /opt/esp-open-sdk/sdk/lib/liblwip.a(udp.o)
                0x000000003fff31f0                udp_pcbs
 *fill*         0x000000003fff31f4        0xc 
 .bss           0x000000003fff3200      0x104 /opt/esp-open-sdk/sdk/lib/liblwip.a(espconn.o)
                0x000000003fff3200                plink_active
                0x000000003fff3204                pserver_list
                0x000000003fff3210                premot
                0x000000003fff32d0                pktinfo
 .bss           0x000000003fff3304        0xc /opt/esp-open-sdk/sdk/lib/liblwip.a(igmp.o)
 .bss           0x000000003fff3310      0x421 /opt/esp-open-sdk/sdk/lib/liblwip.a(mdns.o)
                0x000000003fff3314                PUCK_SERVICE
                0x000000003fff331c                PUCK_PORT
                0x000000003fff3328                mdns_timer
 *fill*         0x000000003fff3731        0xf 
 .bss           0x000000003fff3740      0x27a /opt/esp-open-sdk/sdk/lib/libwpa.a(wpa.o)
 *fill*         0x000000003fff39ba        0x6 
 .bss           0x000000003fff39c0        0x8 /opt/esp-open-sdk/sdk/lib/libnet80211.a(ieee80211_crypto_tkip.o)
 *(.bss.*)
 .bss._ZL5ESP01
                0x000000003fff39c8       0x30 ../../Sming/Sming/compiler/lib//libsming.a(user_main.o)
 .bss._ZL11INADDR_NONE
                0x000000003fff39f8        0x8 ../../Sming/Sming/compiler/lib//libsming.a(user_main.o)
 .bss.System    0x000000003fff3a00       0x2c ../../Sming/Sming/compiler/lib//libsming.a(System.o)
                0x000000003fff3a00                System
 .bss.spiffs_cache
                0x000000003fff3a2c      0x480 ../../Sming/Sming/compiler/lib//libsming.a(spiffs.o)
 .bss.spiffs_fds
                0x000000003fff3eac       0xe0 ../../Sming/Sming/compiler/lib//libsming.a(spiffs.o)
 .bss.spiffs_work_buf
                0x000000003fff3f8c      0x200 ../../Sming/Sming/compiler/lib//libsming.a(spiffs.o)
 .bss._ZL5ESP01
                0x000000003fff418c       0x30 ../../Sming/Sming/compiler/lib//libsming.a(m_printf.o)
 .bss._ZL11INADDR_NONE
                0x000000003fff41bc        0x8 ../../Sming/Sming/compiler/lib//libsming.a(m_printf.o)
 .bss._ZL5ESP01
                0x000000003fff41c4       0x30 ../../Sming/Sming/compiler/lib//libsming.a(IPAddress.o)
 .bss._ZL11INADDR_NONE
                0x000000003fff41f4        0x8 ../../Sming/Sming/compiler/lib//libsming.a(IPAddress.o)
 .bss._ZL11INADDR_NONE
                0x000000003fff41fc        0x8 ../../Sming/Sming/compiler/lib//libsming.a(Print.o)
 .bss._ZZN6StringixEjE19dummy_writable_char
                0x000000003fff4204        0x1 ../../Sming/Sming/compiler/lib//libsming.a(WString.o)
 *fill*         0x000000003fff4205        0x3 
 .bss._ZL11INADDR_NONE
                0x000000003fff4208        0x8 ../../Sming/Sming/compiler/lib//libsming.a(WString.o)
 .bss._delegateFunctionList
                0x000000003fff4210       0x40 ../../Sming/Sming/compiler/lib//libsming.a(Interrupts.o)
                0x000000003fff4210                _delegateFunctionList
 .bss._ZL11INADDR_NONE
                0x000000003fff4250        0x8 ../../Sming/Sming/compiler/lib//libsming.a(Interrupts.o)
 .bss._ZL11INADDR_NONE
                0x000000003fff4258        0x8 ../../Sming/Sming/compiler/lib//libsming.a(Digital.o)
 .bss.websocket_nTotalActiveSockets
                0x000000003fff4260        0x4 out/build/app_app.a(application.o)
                0x000000003fff4260                websocket_nTotalActiveSockets
 .bss.xWSServer
                0x000000003fff4264       0x74 out/build/app_app.a(application.o)
                0x000000003fff4264                xWSServer
 .bss.xMqtt     0x000000003fff42d8      0x4a8 out/build/app_app.a(application.o)
                0x000000003fff42d8                xMqtt
 .bss.procTimer
                0x000000003fff4780       0x30 out/build/app_app.a(application.o)
                0x000000003fff4780                procTimer
 .bss._ZL5ESP01
                0x000000003fff47b0       0x30 out/build/app_app.a(application.o)
 .bss._ZL11INADDR_NONE
                0x000000003fff47e0        0x8 out/build/app_app.a(application.o)
 .bss.Serial    0x000000003fff47e8       0x14 ../../Sming/Sming/compiler/lib//libsming.a(HardwareSerial.o)
                0x000000003fff47e8                Serial
 .bss._ZN14HardwareSerial10memberDataE
                0x000000003fff47fc       0x18 ../../Sming/Sming/compiler/lib//libsming.a(HardwareSerial.o)
                0x000000003fff47fc                _ZN14HardwareSerial10memberDataE
 .bss._ZL11INADDR_NONE
                0x000000003fff4814        0x8 ../../Sming/Sming/compiler/lib//libsming.a(HardwareSerial.o)
 .bss._ZL11INADDR_NONE
                0x000000003fff481c        0x8 ../../Sming/Sming/compiler/lib//libsming.a(HttpServer.o)
 .bss._ZL11INADDR_NONE
                0x000000003fff4824        0x8 ../../Sming/Sming/compiler/lib//libsming.a(HttpServerConnection.o)
 .bss._ZL5ESP01
                0x000000003fff482c       0x30 ../../Sming/Sming/compiler/lib//libsming.a(MqttClient.o)
 .bss._ZL11INADDR_NONE
                0x000000003fff485c        0x8 ../../Sming/Sming/compiler/lib//libsming.a(MqttClient.o)
 .bss._ZL11INADDR_NONE
                0x000000003fff4864        0x8 ../../Sming/Sming/compiler/lib//libsming.a(TcpClient.o)
 .bss._ZL11INADDR_NONE
                0x000000003fff486c        0x8 ../../Sming/Sming/compiler/lib//libsming.a(TcpConnection.o)
 .bss._ZN9TcpServer16totalConnectionsE
                0x000000003fff4874        0x2 ../../Sming/Sming/compiler/lib//libsming.a(TcpServer.o)
                0x000000003fff4874                _ZN9TcpServer16totalConnectionsE
 *fill*         0x000000003fff4876        0x2 
 .bss._ZL11INADDR_NONE
                0x000000003fff4878        0x8 ../../Sming/Sming/compiler/lib//libsming.a(TcpServer.o)
 .bss._ZL11INADDR_NONE
                0x000000003fff4880        0x8 ../../Sming/Sming/compiler/lib//libsming.a(WebSocket.o)
 .bss.WifiAccessPoint
                0x000000003fff4888        0x8 ../../Sming/Sming/compiler/lib//libsming.a(AccessPoint.o)
                0x000000003fff4888                WifiAccessPoint
 .bss._ZL5ESP01
                0x000000003fff4890       0x30 ../../Sming/Sming/compiler/lib//libsming.a(AccessPoint.o)
 .bss._ZL11INADDR_NONE
                0x000000003fff48c0        0x8 ../../Sming/Sming/compiler/lib//libsming.a(AccessPoint.o)
 .bss.WifiStation
                0x000000003fff48c8       0x20 ../../Sming/Sming/compiler/lib//libsming.a(Station.o)
                0x000000003fff48c8                WifiStation
 .bss._ZL5ESP01
                0x000000003fff48e8       0x30 ../../Sming/Sming/compiler/lib//libsming.a(Station.o)
 .bss._ZL11INADDR_NONE
                0x000000003fff4918        0x8 ../../Sming/Sming/compiler/lib//libsming.a(Station.o)
 .bss.WDT       0x000000003fff4920        0x8 ../../Sming/Sming/compiler/lib//libsming.a(WDT.o)
                0x000000003fff4920                WDT
 .bss._ZN11ArduinoJson11JsonVariant8_invalidE
                0x000000003fff4928       0x10 ../../Sming/Sming/compiler/lib//libsming.a(ArduinoJson.o)
                0x000000003fff4928                _ZN11ArduinoJson11JsonVariant8_invalidE
 .bss._ZN11ArduinoJson10JsonObject8_invalidE
                0x000000003fff4938        0x8 ../../Sming/Sming/compiler/lib//libsming.a(ArduinoJson.o)
                0x000000003fff4938                _ZN11ArduinoJson10JsonObject8_invalidE
 .bss._ZN11ArduinoJson17JsonStringStorage8_invalidE
                0x000000003fff4940        0x8 ../../Sming/Sming/compiler/lib//libsming.a(ArduinoJson.o)
                0x000000003fff4940                _ZN11ArduinoJson17JsonStringStorage8_invalidE
 .bss._ZN11ArduinoJson9JsonArray8_invalidE
                0x000000003fff4948        0x8 ../../Sming/Sming/compiler/lib//libsming.a(ArduinoJson.o)
                0x000000003fff4948                _ZN11ArduinoJson9JsonArray8_invalidE
 .bss._ZL11INADDR_NONE
                0x000000003fff4950        0x8 ../../Sming/Sming/compiler/lib//libsming.a(CommandExecutor.o)
 .bss.commandHandler
                0x000000003fff4958        0x4 ../../Sming/Sming/compiler/lib//libsming.a(CommandHandler.o)
                0x000000003fff4958                commandHandler
 .bss._ZL11INADDR_NONE
                0x000000003fff495c        0x8 ../../Sming/Sming/compiler/lib//libsming.a(CommandHandler.o)
 .bss._ZL11INADDR_NONE
                0x000000003fff4964        0x8 ../../Sming/Sming/compiler/lib//libsming.a(CommandOutput.o)
 .bss._ZL11INADDR_NONE
                0x000000003fff496c        0x8 ../../Sming/Sming/compiler/lib//libsming.a(Clock.o)
 .bss._ZL11INADDR_NONE
                0x000000003fff4974        0x8 ../../Sming/Sming/compiler/lib//libsming.a(DataSourceStream.o)
 *fill*         0x000000003fff497c        0x4 
 .bss.SystemClock
                0x000000003fff4980       0x18 ../../Sming/Sming/compiler/lib//libsming.a(SystemClock.o)
                0x000000003fff4980                SystemClock
 .bss._ZL11INADDR_NONE
                0x000000003fff4998        0x8 ../../Sming/Sming/compiler/lib//libsming.a(SystemClock.o)
 .bss._ZL11INADDR_NONE
                0x000000003fff49a0        0x8 ../../Sming/Sming/compiler/lib//libsming.a(HttpRequest.o)
 .bss._ZL11INADDR_NONE
                0x000000003fff49a8        0x8 ../../Sming/Sming/compiler/lib//libsming.a(HttpResponse.o)
 .bss.RTC       0x000000003fff49b0        0x1 ../../Sming/Sming/compiler/lib//libsming.a(RTC.o)
                0x000000003fff49b0                RTC
 *fill*         0x000000003fff49b1        0x3 
 .bss._ZL11INADDR_NONE
                0x000000003fff49b4        0x8 ../../Sming/Sming/compiler/lib//libsming.a(CommandDelegate.o)
 .bss._ZL5ESP01
                0x000000003fff49bc       0x30 ../../Sming/Sming/compiler/lib//libsming.a(DateTime.o)
 .bss._ZL11INADDR_NONE
                0x000000003fff49ec        0x8 ../../Sming/Sming/compiler/lib//libsming.a(DateTime.o)
 *(.gnu.linkonce.b.*)
 *(COMMON)
 COMMON         0x000000003fff49f4       0x64 ../../Sming/Sming/compiler/lib//libsming.a(spiffs.o)
                0x000000003fff49f4                _filesystemStorageHandle
                0x000000003fff4a58                . = ALIGN (0x8)
                0x000000003fff4a58                _bss_end = ABSOLUTE (.)
                0x000000003fff4a58                _heap_start = ABSOLUTE (.)

.irom0.text     0x0000000040209000    0x38772
                0x0000000040209000                _irom0_text_start = ABSOLUTE (.)
 *(.irom0.literal .irom.literal .irom.text.literal .irom0.text .irom.text)
 .irom0.text    0x0000000040209000      0x669 /opt/esp-open-sdk/sdk/lib/libmain.a(app_main.o)
                                        0x795 (size before relaxing)
                0x00000000402091e4                wdt_init
                0x0000000040209270                user_uart_wait_tx_fifo_empty
 *fill*         0x0000000040209669        0x3 
 .irom0.text    0x000000004020966c      0x15e /opt/esp-open-sdk/sdk/lib/libmain.a(ets_timer.o)
                                        0x192 (size before relaxing)
                0x0000000040209674                ets_timer_done
                0x00000000402096b8                ets_timer_handler_isr
                0x0000000040209768                ets_timer_init
 *fill*         0x00000000402097ca        0x2 
 .irom0.text    0x00000000402097cc       0x4e /opt/esp-open-sdk/sdk/lib/libmain.a(mem_manager.o)
                                         0x52 (size before relaxing)
                0x00000000402097d0                xPortGetFreeHeapSize
                0x00000000402097d8                vPortInitialiseBlocks
 *fill*         0x000000004020981a        0x2 
 .irom0.text    0x000000004020981c     0x28dd /opt/esp-open-sdk/sdk/lib/libmain.a(user_interface.o)
                                       0x30cd (size before relaxing)
                0x0000000040209820                system_set_os_print
                0x0000000040209830                system_get_os_print
                0x00000000402099fc                system_pp_recycle_rx_pkt
                0x0000000040209a10                system_adc_read
                0x0000000040209a28                system_get_vdd33
                0x0000000040209a44                system_restart
                0x0000000040209a9c                system_restore
                0x0000000040209af8                system_get_flash_size_map
                0x0000000040209b18                system_get_boot_version
                0x0000000040209b50                system_get_test_result
                0x0000000040209b78                system_get_userbin_addr
                0x0000000040209c10                system_get_boot_mode
                0x0000000040209c40                system_restart_enhance
                0x0000000040209d70                system_upgrade_userbin_set
                0x0000000040209dbc                system_upgrade_userbin_check
                0x0000000040209dfc                system_upgrade_flag_set
                0x0000000040209e10                system_upgrade_flag_check
                0x0000000040209e38                system_upgrade_reboot
                0x0000000040209f48                system_deep_sleep
                0x0000000040209fa8                system_deep_sleep_set_option
                0x0000000040209fc4                system_phy_temperature_alert
                0x0000000040209fd8                system_phy_set_max_tpw
                0x0000000040209fec                system_phy_set_tpw_via_vdd33
                0x000000004020a000                system_phy_set_rfoption
                0x000000004020a018                system_update_cpu_freq
                0x000000004020a074                system_get_cpu_freq
                0x000000004020a08c                system_overclock
                0x000000004020a0b8                system_restoreclock
                0x000000004020a0e8                system_timer_reinit
                0x000000004020a104                system_relative_time
                0x000000004020a124                system_station_got_ip_set
                0x000000004020a22c                system_print_meminfo
                0x000000004020a28c                system_get_free_heap_size
                0x000000004020a2a4                system_get_chip_id
                0x000000004020a2c8                system_rtc_clock_cali_proc
                0x000000004020a2dc                system_get_rtc_time
                0x000000004020a2f0                system_mktime
                0x000000004020a3c0                system_init_done_cb
                0x000000004020a3c8                system_get_rst_info
                0x000000004020a3d0                wifi_softap_dhcps_start
                0x000000004020a418                wifi_softap_dhcps_stop
                0x000000004020a458                wifi_softap_dhcps_status
                0x000000004020a460                wifi_station_dhcpc_start
                0x000000004020a4b8                wifi_station_dhcpc_stop
                0x000000004020a4f8                wifi_station_dhcpc_status
                0x000000004020a564                wifi_get_opmode
                0x000000004020a578                wifi_get_opmode_default
                0x000000004020a5f4                wifi_get_broadcast_if
                0x000000004020a630                wifi_set_broadcast_if
                0x000000004020a740                wifi_set_opmode
                0x000000004020a754                wifi_set_opmode_current
                0x000000004020a768                system_get_checksum
                0x000000004020a830                system_param_save_with_protect
                0x000000004020a8d8                system_save_sys_param
                0x000000004020a904                system_param_load
                0x000000004020aa30                wifi_station_get_config
                0x000000004020aa44                wifi_station_get_config_default
                0x000000004020aa64                wifi_station_get_ap_info
                0x000000004020ab1c                wifi_station_ap_number_set
                0x000000004020adc0                wifi_station_set_config
                0x000000004020add4                wifi_station_set_config_current
                0x000000004020ade8                wifi_station_get_current_ap_id
                0x000000004020adfc                wifi_station_ap_check
                0x000000004020ae34                wifi_station_ap_change
                0x000000004020af1c                wifi_station_scan
                0x000000004020af68                wifi_station_get_auto_connect
                0x000000004020af7c                wifi_station_set_auto_connect
                0x000000004020afd0                wifi_station_connect
                0x000000004020b064                wifi_station_disconnect
                0x000000004020b110                wifi_station_get_connect_status
                0x000000004020b140                wifi_station_set_reconnect_policy
                0x000000004020b158                wifi_station_get_reconnect_policy
                0x000000004020b160                wifi_station_get_rssi
                0x000000004020b1a8                wifi_station_set_default_hostname
                0x000000004020b1f0                wifi_station_get_hostname
                0x000000004020b218                wifi_station_set_hostname
                0x000000004020b2a4                wifi_softap_cacl_mac
                0x000000004020b314                wifi_softap_set_default_ssid
                0x000000004020b4bc                wifi_softap_get_config
                0x000000004020b4d0                wifi_softap_get_config_default
                0x000000004020b740                wifi_softap_set_config
                0x000000004020b754                wifi_softap_set_config_current
                0x000000004020b768                wifi_softap_set_station_info
                0x000000004020b7d4                wifi_softap_get_station_info
                0x000000004020b878                wifi_softap_free_station_info
                0x000000004020b8ac                wifi_softap_get_station_num
                0x000000004020b900                wifi_softap_deauth
                0x000000004020b9b0                wifi_softap_get_beacon_only_mode
                0x000000004020b9c4                wifi_softap_set_beacon_only_mode
                0x000000004020ba2c                wifi_set_user_ie
                0x000000004020ba9c                wifi_get_user_ie
                0x000000004020baac                wifi_get_phy_mode
                0x000000004020bab4                wifi_set_phy_mode
                0x000000004020bb7c                wifi_set_sleep_type
                0x000000004020bb98                wifi_get_sleep_type
                0x000000004020bbb0                wifi_get_channel
                0x000000004020bbc8                wifi_set_channel
                0x000000004020bc0c                wifi_promiscuous_set_mac
                0x000000004020bc6c                wifi_promiscuous_enable
                0x000000004020bd50                wifi_set_promiscuous_rx_cb
                0x000000004020bd60                wifi_get_ip_info
                0x000000004020bde0                wifi_set_ip_info
                0x000000004020be54                wifi_get_macaddr
                0x000000004020beb4                wifi_set_macaddr
                0x000000004020bfa0                wifi_status_led_install
                0x000000004020bfd4                wifi_status_led_uninstall
                0x000000004020bff8                wifi_set_status_led_output_level
                0x000000004020c00c                wifi_set_event_handler_cb
                0x000000004020c01c                system_os_task
                0x000000004020c060                system_uart_swap
                0x000000004020c0c0                system_uart_de_swap
                0x000000004020c0f4                system_get_sdk_version
 *fill*         0x000000004020c0f9        0x3 
 .irom0.text    0x000000004020c0fc      0x5cf /opt/esp-open-sdk/sdk/lib/libmain.a(eagle_lib.o)
                                        0x5df (size before relaxing)
                0x000000004020c100                divide
                0x000000004020c13c                skip_atoi
                0x000000004020c2bc                ets_vsnprintf
                0x000000004020c61c                ets_vsprintf
                0x000000004020c640                ets_sprintf
                0x000000004020c668                ets_strcat
                0x000000004020c688                ets_strrchr
                0x000000004020c6b4                ets_strchr
 *fill*         0x000000004020c6cb        0x1 
 .irom0.text    0x000000004020c6cc      0x2c6 /opt/esp-open-sdk/sdk/lib/libmain.a(eagle_lwip_if.o)
                                        0x366 (size before relaxing)
                0x000000004020c77c                eagle_lwip_if_alloc
                0x000000004020c914                eagle_lwip_if_free
                0x000000004020c970                eagle_lwip_getif
 *fill*         0x000000004020c992        0x2 
 .irom0.literal
                0x000000004020c994        0x8 ../../Sming/Sming/compiler/lib//libmicroc.a(strtod.o)
                                         0x10 (size before relaxing)
 .irom0.literal
                0x000000004020c99c        0x0 ../../Sming/Sming/compiler/lib//libmicroc.a(strchr.o)
                                          0x4 (size before relaxing)
 .irom0.literal
                0x000000004020c99c        0xc ../../Sming/Sming/compiler/lib//libmicroc.a(strchrnul.o)
 .irom0.literal
                0x000000004020c9a8        0x4 ../../Sming/Sming/compiler/lib//libmicroc.a(malloc.o)
                                         0x14 (size before relaxing)
 .irom0.literal
                0x000000004020c9ac        0x4 ../../Sming/Sming/compiler/lib//libmicroc.a(abort.o)
                                          0x8 (size before relaxing)
 .irom0.literal
                0x000000004020c9b0       0xac ../../Sming/Sming/compiler/lib//libmicroc.a(floatscan.o)
                                        0x294 (size before relaxing)
 .irom0.literal
                0x000000004020ca5c        0x0 ../../Sming/Sming/compiler/lib//libmicroc.a(shgetc.o)
                                          0x4 (size before relaxing)
 .irom0.literal
                0x000000004020ca5c        0x0 ../../Sming/Sming/compiler/lib//libmicroc.a(__uflow.o)
                                          0x4 (size before relaxing)
 .irom0.literal
                0x000000004020ca5c        0x0 ../../Sming/Sming/compiler/lib//libmicroc.a(__toread.o)
                                          0x4 (size before relaxing)
 .irom0.literal
                0x000000004020ca5c        0x0 ../../Sming/Sming/compiler/lib//libmicroc.a(fmodl.o)
                                          0x4 (size before relaxing)
 .irom0.literal
                0x000000004020ca5c        0x4 ../../Sming/Sming/compiler/lib//libmicroc.a(scalbn.o)
                                         0x24 (size before relaxing)
 .irom0.literal
                0x000000004020ca60        0x0 ../../Sming/Sming/compiler/lib//libmicroc.a(scalbnl.o)
                                          0x4 (size before relaxing)
 .irom0.literal
                0x000000004020ca60        0x4 ../../Sming/Sming/compiler/lib//libmicroc.a(__errno_location.o)
 .irom0.literal
                0x000000004020ca64       0x18 ../../Sming/Sming/compiler/lib//libmicroc.a(fmod.o)
                                         0x38 (size before relaxing)
 .irom0.literal
                0x000000004020ca7c        0x0 ../../Sming/Sming/compiler/lib//libmicroc.a(strtol.o)
                                         0x2c (size before relaxing)
 .irom0.literal
                0x000000004020ca7c       0x1c ../../Sming/Sming/compiler/lib//libmicroc.a(intscan.o)
                                         0x84 (size before relaxing)
 .irom0.literal
                0x000000004020ca98        0x4 ../../Sming/Sming/compiler/lib//libmicrogcc.a(_divsf3.o)
                                         0x10 (size before relaxing)
 .irom0.text    0x000000004020ca9c       0xad ../../Sming/Sming/compiler/lib//libmicroc.a(strtod.o)
                                         0xb1 (size before relaxing)
                0x000000004020cb08                strtof
                0x000000004020cb24                strtod
                0x000000004020cb38                strtold
 *fill*         0x000000004020cb49        0x3 
 .irom0.text    0x000000004020cb4c       0x25 ../../Sming/Sming/compiler/lib//libmicroc.a(strchr.o)
                                         0x29 (size before relaxing)
                0x000000004020cb4c                strchr
 *fill*         0x000000004020cb71        0x3 
 .irom0.text    0x000000004020cb74       0x75 ../../Sming/Sming/compiler/lib//libmicroc.a(strchrnul.o)
                0x000000004020cb74                __strchrnul
                0x000000004020cb74                strchrnul
 *fill*         0x000000004020cbe9        0x3 
 .irom0.text    0x000000004020cbec       0x65 ../../Sming/Sming/compiler/lib//libmicroc.a(malloc.o)
                0x000000004020cbec                malloc
                0x000000004020cc00                free
                0x000000004020cc14                realloc
                0x000000004020cc28                zalloc
                0x000000004020cc3c                calloc
 *fill*         0x000000004020cc51        0x3 
 .irom0.text    0x000000004020cc54       0x11 ../../Sming/Sming/compiler/lib//libmicroc.a(abort.o)
                0x000000004020cc54                abort
 *fill*         0x000000004020cc65        0x3 
 .irom0.text    0x000000004020cc68     0x12e0 ../../Sming/Sming/compiler/lib//libmicroc.a(floatscan.o)
                                       0x1320 (size before relaxing)
                0x000000004020d778                __floatscan
 .irom0.text    0x000000004020df48       0x95 ../../Sming/Sming/compiler/lib//libmicroc.a(shgetc.o)
                0x000000004020df48                __shlim
                0x000000004020df68                __shgetc
 *fill*         0x000000004020dfdd        0x3 
 .irom0.text    0x000000004020dfe0       0x39 ../../Sming/Sming/compiler/lib//libmicroc.a(__uflow.o)
                0x000000004020dfe0                __uflow
 *fill*         0x000000004020e019        0x3 
 .irom0.text    0x000000004020e01c       0x67 ../../Sming/Sming/compiler/lib//libmicroc.a(__toread.o)
                                         0x6b (size before relaxing)
                0x000000004020e01c                __toread
                0x000000004020e074                __toread_needs_stdio_exit
 *fill*         0x000000004020e083        0x1 
 .irom0.text    0x000000004020e084        0xf ../../Sming/Sming/compiler/lib//libmicroc.a(fmodl.o)
                                         0x13 (size before relaxing)
                0x000000004020e084                fmodl
 *fill*         0x000000004020e093        0x1 
 .irom0.text    0x000000004020e094       0x8f ../../Sming/Sming/compiler/lib//libmicroc.a(scalbn.o)
                0x000000004020e094                scalbn
 *fill*         0x000000004020e123        0x1 
 .irom0.text    0x000000004020e124        0xf ../../Sming/Sming/compiler/lib//libmicroc.a(scalbnl.o)
                                         0x13 (size before relaxing)
                0x000000004020e124                scalbnl
 *fill*         0x000000004020e133        0x1 
 .irom0.text    0x000000004020e134        0x5 ../../Sming/Sming/compiler/lib//libmicroc.a(__errno_location.o)
                0x000000004020e134                __errno_location
 *fill*         0x000000004020e139        0x3 
 .irom0.text    0x000000004020e13c      0x1e9 ../../Sming/Sming/compiler/lib//libmicroc.a(fmod.o)
                0x000000004020e13c                fmod
 *fill*         0x000000004020e325        0x3 
 .irom0.text    0x000000004020e328       0xfa /opt/esp-open-sdk/sdk/lib/libphy.a(phy.o)
                                        0x11e (size before relaxing)
                0x000000004020e32c                rf_init
                0x000000004020e348                bb_init
                0x000000004020e360                phy_init
                0x000000004020e390                RFChannelSel
                0x000000004020e3ac                phy_delete_channel
                0x000000004020e3c4                phy_enable_agc
                0x000000004020e3dc                phy_disable_agc
                0x000000004020e3f4                phy_initialize_bb
                0x000000004020e40c                phy_set_sense
 *fill*         0x000000004020e422        0x2 
 .irom0.text    0x000000004020e424     0x18c4 /opt/esp-open-sdk/sdk/lib/libphy.a(phy_chip_v6_ana.o)
                                       0x1b00 (size before relaxing)
                0x000000004020e428                ram_pbus_set_rxgain
                0x000000004020e504                ram_pbus_debugmode
                0x000000004020e5b8                ram_pbus_xpd_tx_on
                0x000000004020e624                set_rf_freq_offset
                0x000000004020e694                chip_v6_rxmax_ext_ana
                0x000000004020e7e4                ram_chip_v6_rx_init
                0x000000004020e818                tsen_meas
                0x000000004020e8c8                readvdd33
                0x000000004020ea5c                txpwr_offset
                0x000000004020eb1c                set_txcap_reg
                0x000000004020eb9c                ram_ana_inf_gating_en
                0x000000004020ecfc                ram_restart_cal
                0x000000004020ed68                wait_rfpll_cal_end
                0x000000004020ede8                ram_rfpll_set_freq
                0x000000004020eef4                ram_set_channel_freq
                0x000000004020f22c                chip_60_set_channel
                0x000000004020f3f4                chip_v6_set_chan_offset
                0x000000004020f42c                chip_v6_set_chan
                0x000000004020f4a4                chip_v6_set_chan_wakeup
                0x000000004020f524                chip_v6_rf_init
                0x000000004020f730                low_power_set
                0x000000004020f794                test_tout
                0x000000004020f9d8                check_data_flag
                0x000000004020f9fc                phy_get_check_flag
                0x000000004020fb6c                phy_get_vdd33
 .irom0.text    0x000000004020fce8     0x393c /opt/esp-open-sdk/sdk/lib/libphy.a(phy_chip_v6.o)
                                       0x3f50 (size before relaxing)
                0x000000004020fce8                ram_tx_mac_enable
                0x000000004020fcec                rtc_mem_backup
                0x000000004020fd1c                rtc_mem_recovery
                0x000000004020fd4c                set_cal_rxdc
                0x000000004020fe00                set_rx_gain_cal_iq
                0x0000000040210158                gen_rx_gain_table
                0x0000000040210298                pbus_set_rxbbgain
                0x0000000040210318                set_rx_gain_testchip_50
                0x0000000040210628                ram_get_corr_power
                0x0000000040210718                check_data_func
                0x0000000040210738                do_noisefloor_lsleep_v50
                0x000000004021076c                do_noisefloor
                0x00000000402107dc                start_dig_rx
                0x0000000040210820                stop_dig_rx
                0x000000004021084c                chip_v6_set_chanfreq
                0x0000000040210884                tx_cap_init
                0x0000000040210a44                target_power_add_backoff
                0x0000000040210a94                tx_pwctrl_init_cal
                0x0000000040210bfc                tx_atten_set_interp
                0x0000000040210e74                tx_pwctrl_init
                0x0000000040210f68                ram_get_noisefloor
                0x0000000040210f84                get_noisefloor_sat
                0x0000000040210fb4                ram_set_noise_floor
                0x0000000040211010                ram_start_noisefloor
                0x000000004021105c                read_hw_noisefloor
                0x0000000040211088                noise_check_loop
                0x00000000402111e4                noise_init
                0x00000000402113e0                target_power_backoff
                0x0000000040211434                sdt_on_noise_start
                0x00000000402114b8                chip_v6_set_chan_rx_cmp
                0x0000000040211640                chip_v6_set_chan_misc
                0x00000000402116c4                phy_dig_spur_set
                0x0000000040211a24                phy_dig_spur_prot
                0x0000000040211c5c                chip_v6_rxmax_ext_dig
                0x0000000040211ca8                chip_v6_rxmax_ext
                0x0000000040211d5c                phy_bb_rx_cfg
                0x000000004021215c                uart_wait_idle
                0x0000000040212194                phy_pbus_soc_cfg
                0x0000000040212258                phy_gpio_cfg
                0x00000000402125a0                tx_cont_en
                0x0000000040212648                tx_cont_dis
                0x000000004021269c                tx_cont_cfg
                0x00000000402126bc                chip_v6_initialize_bb
                0x0000000040212828                periodic_cal
                0x0000000040212934                bbpll_cal
                0x00000000402129cc                periodic_cal_top
                0x0000000040212a2c                register_chipv6_phy_init_param
                0x0000000040212ccc                change_bbpll160_sleep
                0x0000000040212dbc                change_bbpll160
                0x0000000040212df4                set_crystal_uart
                0x0000000040212e6c                ant_switch_init
                0x0000000040212f18                reduce_current_init
                0x0000000040212f80                rtc_mem_check
                0x0000000040212fb8                phy_afterwake_set_rfoption
                0x0000000040212fe4                deep_sleep_set_option
                0x0000000040213060                register_chipv6_phy
                0x0000000040213320                set_dpd_bypass
                0x0000000040213378                set_rf_gain_stage10
                0x00000000402133a8                get_vdd33_offset
                0x000000004021341c                get_phy_target_power
                0x00000000402134cc                set_most_pwr_reg
                0x00000000402135a0                phy_set_most_tpw
                0x00000000402135c4                phy_vdd33_set_tpw
                0x00000000402135dc                get_adc_rand
                0x0000000040213610                phy_get_rand
 .irom0.text    0x0000000040213624     0x214c /opt/esp-open-sdk/sdk/lib/libphy.a(phy_chip_v6_cal.o)
                                       0x2388 (size before relaxing)
                0x0000000040213624                txbbgain2dcoindex
                0x0000000040213644                dcoindex2txbbgain
                0x0000000040213668                init_cal_dcoffset
                0x000000004021372c                set_rfanagain_dc_reg
                0x00000000402137c8                set_txdc_pbus
                0x0000000040213834                get_rf_gain_qdb
                0x000000004021385c                correct_rf_ana_gain
                0x0000000040213964                get_sar_dout
                0x00000000402139fc                cal_rf_ana_gain
                0x0000000040213ad4                meas_tone_pwr_db
                0x0000000040213b44                tx_pwr_backoff
                0x0000000040213c90                get_fcc_1m2m_pwr_offset
                0x0000000040213ccc                ram_set_txbb_atten
                0x0000000040213d60                txiq_get_mis_pwr
                0x0000000040213e04                txiq_cover
                0x0000000040214020                ram_rfcal_txiq
                0x0000000040214290                rc_cal
                0x0000000040214450                get_target_power_offset
                0x0000000040214558                get_pwctrl_correct
                0x00000000402145b0                tx_pwctrl_cal
                0x00000000402148f0                tx_pwctrl_bg_init
                0x000000004021496c                tx_pwctrl_background
                0x0000000040214a24                read_sar_dout
                0x0000000040214a88                ram_get_fm_sar_dout
                0x0000000040214b2c                ram_cal_tos_v60
                0x0000000040214d0c                ram_get_bb_atten
                0x0000000040214d3c                ram_rfcal_txcap
                0x0000000040214f00                ram_rfcal_pwrctrl
                0x000000004021512c                ram_rxiq_get_mis
                0x00000000402152fc                ram_rxiq_cover_mg_mp
                0x00000000402154a0                ram_rfcal_rxiq
                0x00000000402156ac                dpd_scale_set
                0x00000000402156f4                dpd_mem_write
 .irom0.text    0x0000000040215770      0x271 /opt/esp-open-sdk/sdk/lib/libphy.a(phy_chip_v6_unused.o)
                                        0x2fd (size before relaxing)
                0x0000000040215770                chip_v6_set_sense
                0x0000000040215774                chip_v6_get_sense
                0x0000000040215778                chip_v6_unset_chanfreq
                0x0000000040215784                data_collect
                0x0000000040215858                operation_test
                0x00000000402158d0                slop_wdt_feed
                0x00000000402158e4                slop_test
                0x0000000040215998                wd_reset_cnt
 *fill*         0x00000000402159e1        0x3 
 .irom0.text    0x00000000402159e4      0xd12 /opt/esp-open-sdk/sdk/lib/libphy.a(phy_sleep.o)
                                        0xf2e (size before relaxing)
                0x00000000402159e4                pm_usec2rtc
                0x0000000040215a18                pm_rtc2usec
                0x0000000040215a28                pm_set_sleep_cycles
                0x0000000040215a50                pm_sleep_opt
                0x0000000040215b54                pm_wakeup_opt
                0x0000000040215b8c                get_chip_version
                0x0000000040215bcc                pm_sleep_opt_bb_off
                0x0000000040215c0c                pm_sleep_opt_bb_on
                0x0000000040215c58                pm_set_pll_xtal_wait_time
                0x0000000040215ca0                pm_prepare_to_sleep
                0x0000000040215cc4                pm_sdio_nidle
                0x0000000040215d38                chg_lslp_mem_opt_8266
                0x0000000040215d68                pm_goto_sleep
                0x0000000040215eb4                pm_wait4wakeup
                0x0000000040215eec                pm_open_rf
                0x0000000040215f30                pm_sleep_set_mac
                0x0000000040215fb4                pm_set_wakeup_mac
                0x0000000040216050                pm_check_mac_idle
                0x00000000402160a8                pm_set_sleep_btco
                0x0000000040216148                pm_set_wakeup_btco
                0x000000004021625c                pm_set_sleep_mode
                0x000000004021632c                pm_unmask_bt
                0x0000000040216390                pm_wakeup_init
                0x0000000040216598                sleep_opt_8266
                0x00000000402165b8                sleep_opt_bb_on_8266
                0x00000000402165f4                sleep_reset_analog_rtcreg_8266
 *fill*         0x00000000402166f6        0x2 
 .irom0.text    0x00000000402166f8      0x405 /opt/esp-open-sdk/sdk/lib/libpp.a(if_hwctrl.o)
                                        0x4f9 (size before relaxing)
                0x00000000402166fc                ic_get_addr
                0x0000000040216708                ic_set_opmode
                0x0000000040216720                ic_enable_interface
                0x0000000040216770                ic_interface_enabled
                0x0000000040216784                ic_disable_interface
                0x00000000402167cc                ic_is_pure_sta
                0x00000000402167e8                ic_get_ptk_alg
                0x00000000402167f8                ic_get_gtk_alg
                0x0000000040216808                ic_set_ptk_alg
                0x0000000040216818                ic_set_gtk_alg
                0x0000000040216828                ic_interface_is_p2p
                0x00000000402168b8                ic_set_vif
                0x0000000040216954                ic_set_sta
                0x0000000040216a0c                ic_bss_info_update
                0x0000000040216a68                ic_set_key
                0x0000000040216ac4                ic_remove_key
                0x0000000040216ad8                ic_get_rssi
 *fill*         0x0000000040216afd        0x3 
 .irom0.text    0x0000000040216b00       0xfc /opt/esp-open-sdk/sdk/lib/libpp.a(lmac.o)
                                        0x114 (size before relaxing)
                0x0000000040216b04                lmacInitAc
                0x0000000040216b38                lmacInit
                0x0000000040216be0                lmacSetRetryLimit
 .irom0.text    0x0000000040216bfc     0x19b9 /opt/esp-open-sdk/sdk/lib/libpp.a(pm.o)
                                       0x1f35 (size before relaxing)
                0x0000000040216c04                pm_rtc_clock_cali_proc
                0x0000000040216c3c                pm_get_ck170_period
                0x0000000040216c60                pm_set_sleep_time
                0x0000000040216f1c                pm_rf_is_closed
                0x0000000040216f54                pm_set_sleep_type_from_upper
                0x0000000040217048                pm_get_sleep_type
                0x000000004021721c                uart_tx_flush
                0x0000000040217220                pm_suspend
                0x000000004021745c                pm_shutdown
                0x0000000040217538                pm_reset_idle_sleep
                0x0000000040217578                pm_idle_sleep
                0x0000000040217584                pm_open
                0x0000000040217664                pm_onBcnRx
                0x00000000402179f8                StopLightSleepSetFunc
                0x0000000040217a00                LightSleepWakedCbSetFunc
                0x0000000040217fdc                pm_enable_gpio_wakeup
                0x0000000040218014                pm_attach
                0x0000000040218104                pm_send_nullfunc
                0x00000000402182a8                pm_is_waked
                0x00000000402182c0                pm_is_open
                0x00000000402182d8                pm_scan_lock
                0x0000000040218300                pm_try_scan_unlock
                0x0000000040218318                pm_force_scan_unlock
                0x00000000402183d4                pm_scan_unlocked
                0x00000000402183e8                pm_allow_tx
                0x0000000040218404                pm_assoc_parse
                0x000000004021841c                pm_set_addr
                0x000000004021843c                pm_sleep_for
                0x0000000040218470                pm_post
                0x0000000040218574                pm_get_idle_wait_time
 *fill*         0x00000000402185b5        0x3 
 .irom0.text    0x00000000402185b8      0x9a5 /opt/esp-open-sdk/sdk/lib/libpp.a(pm_for_bcn_only_mode.o)
                                        0xcbd (size before relaxing)
                0x00000000402185d4                fpm_set_type_from_upper
                0x0000000040218698                fpm_get_slp_type
                0x00000000402186a0                fpm_rf_is_closed
                0x00000000402186b4                fpm_is_open
                0x00000000402186c0                fpm_allow_tx
                0x00000000402186e4                fpm_close
                0x0000000040218760                fpm_open
                0x00000000402187c8                fpm_attach
                0x0000000040218a64                fpm_do_wakeup
                0x0000000040218ee4                fpm_do_sleep
 *fill*         0x0000000040218f5d        0x3 
 .irom0.text    0x0000000040218f60     0x139a /opt/esp-open-sdk/sdk/lib/libpp.a(pp.o)
                                       0x170a (size before relaxing)
                0x0000000040218f68                PPWdtReset
                0x0000000040218f94                pp_soft_wdt_init
                0x0000000040218fbc                pp_soft_wdt_stop
                0x0000000040218fbc                system_soft_wdt_stop
                0x0000000040218fe8                system_soft_wdt_restart
                0x0000000040218fe8                pp_soft_wdt_restart
                0x0000000040219018                RxNodeNum
                0x000000004021903c                TxNodeNum
                0x0000000040219060                pp_disable_noise_timer
                0x0000000040219080                pp_enable_noise_timer
                0x0000000040219190                pp_noise_test
                0x00000000402191a0                reset_noise_timer
                0x00000000402191d8                pp_disable_idle_timer
                0x00000000402191fc                pp_enable_idle_timer
                0x0000000040219224                pp_try_enable_idle_timer
                0x000000004021925c                ppPeocessRxPktHdr
                0x0000000040219548                ppTxPkt
                0x000000004021965c                ppProcessWaitQ
                0x000000004021966c                ppRegisterTxCallback
                0x00000000402196a4                ppRecycleRxPkt
                0x0000000040219704                ppCheckTxIdle
                0x0000000040219970                pp_tx_idle_timeout
                0x0000000040219e34                ppGetTxQFirstAvail_Locked
                0x0000000040219f18                pp_attach
 *fill*         0x000000004021a2fa        0x2 
 .irom0.text    0x000000004021a2fc      0x296 /opt/esp-open-sdk/sdk/lib/libpp.a(rate_control.o)
                                        0x2a2 (size before relaxing)
                0x000000004021a548                RC_SetBasicRate
 *fill*         0x000000004021a592        0x2 
 .irom0.text    0x000000004021a594      0x3d9 /opt/esp-open-sdk/sdk/lib/libpp.a(trc.o)
                                        0x431 (size before relaxing)
                0x000000004021a5c0                rcUpdatePhyMode
                0x000000004021a69c                rcAttach
                0x000000004021a6e8                rcGetTrc
                0x000000004021a6f0                trc_onDisconnect
                0x000000004021a6f4                trc_onScanStart
                0x000000004021a708                trc_onScanDone
                0x000000004021a724                rc_enable_trc
                0x000000004021a7ec                rc_get_mask
                0x000000004021a800                rc_disable_trc
                0x000000004021a854                rc_disable_trc_by_interface
                0x000000004021a870                rc_get_sta_trc
                0x000000004021a8b0                rc_get_trc
                0x000000004021a920                rc_get_trc_by_index
                0x000000004021a940                rc_only_sta_trc
 *fill*         0x000000004021a96d        0x3 
 .irom0.text    0x000000004021a970      0xaff /opt/esp-open-sdk/sdk/lib/libpp.a(wdev.o)
                                        0xc4f (size before relaxing)